Archive member included to satisfy reference by file (symbol)

c:/program files (x86)/atmel/studio/7.0/toolchain/arm/arm-gnu-toolchain/bin/../lib/gcc/arm-none-eabi/6.3.1/../../../../arm-none-eabi/lib/thumb/v6-m\libm.a(lib_a-s_cos.o)
                              src/main.o (cos)
c:/program files (x86)/atmel/studio/7.0/toolchain/arm/arm-gnu-toolchain/bin/../lib/gcc/arm-none-eabi/6.3.1/../../../../arm-none-eabi/lib/thumb/v6-m\libm.a(lib_a-s_sin.o)
                              src/main.o (sin)
c:/program files (x86)/atmel/studio/7.0/toolchain/arm/arm-gnu-toolchain/bin/../lib/gcc/arm-none-eabi/6.3.1/../../../../arm-none-eabi/lib/thumb/v6-m\libm.a(lib_a-e_rem_pio2.o)
                              c:/program files (x86)/atmel/studio/7.0/toolchain/arm/arm-gnu-toolchain/bin/../lib/gcc/arm-none-eabi/6.3.1/../../../../arm-none-eabi/lib/thumb/v6-m\libm.a(lib_a-s_cos.o) (__ieee754_rem_pio2)
c:/program files (x86)/atmel/studio/7.0/toolchain/arm/arm-gnu-toolchain/bin/../lib/gcc/arm-none-eabi/6.3.1/../../../../arm-none-eabi/lib/thumb/v6-m\libm.a(lib_a-k_cos.o)
                              c:/program files (x86)/atmel/studio/7.0/toolchain/arm/arm-gnu-toolchain/bin/../lib/gcc/arm-none-eabi/6.3.1/../../../../arm-none-eabi/lib/thumb/v6-m\libm.a(lib_a-s_cos.o) (__kernel_cos)
c:/program files (x86)/atmel/studio/7.0/toolchain/arm/arm-gnu-toolchain/bin/../lib/gcc/arm-none-eabi/6.3.1/../../../../arm-none-eabi/lib/thumb/v6-m\libm.a(lib_a-k_rem_pio2.o)
                              c:/program files (x86)/atmel/studio/7.0/toolchain/arm/arm-gnu-toolchain/bin/../lib/gcc/arm-none-eabi/6.3.1/../../../../arm-none-eabi/lib/thumb/v6-m\libm.a(lib_a-e_rem_pio2.o) (__kernel_rem_pio2)
c:/program files (x86)/atmel/studio/7.0/toolchain/arm/arm-gnu-toolchain/bin/../lib/gcc/arm-none-eabi/6.3.1/../../../../arm-none-eabi/lib/thumb/v6-m\libm.a(lib_a-k_sin.o)
                              c:/program files (x86)/atmel/studio/7.0/toolchain/arm/arm-gnu-toolchain/bin/../lib/gcc/arm-none-eabi/6.3.1/../../../../arm-none-eabi/lib/thumb/v6-m\libm.a(lib_a-s_cos.o) (__kernel_sin)
c:/program files (x86)/atmel/studio/7.0/toolchain/arm/arm-gnu-toolchain/bin/../lib/gcc/arm-none-eabi/6.3.1/../../../../arm-none-eabi/lib/thumb/v6-m\libm.a(lib_a-s_fabs.o)
                              c:/program files (x86)/atmel/studio/7.0/toolchain/arm/arm-gnu-toolchain/bin/../lib/gcc/arm-none-eabi/6.3.1/../../../../arm-none-eabi/lib/thumb/v6-m\libm.a(lib_a-e_rem_pio2.o) (fabs)
c:/program files (x86)/atmel/studio/7.0/toolchain/arm/arm-gnu-toolchain/bin/../lib/gcc/arm-none-eabi/6.3.1/../../../../arm-none-eabi/lib/thumb/v6-m\libm.a(lib_a-s_floor.o)
                              c:/program files (x86)/atmel/studio/7.0/toolchain/arm/arm-gnu-toolchain/bin/../lib/gcc/arm-none-eabi/6.3.1/../../../../arm-none-eabi/lib/thumb/v6-m\libm.a(lib_a-k_rem_pio2.o) (floor)
c:/program files (x86)/atmel/studio/7.0/toolchain/arm/arm-gnu-toolchain/bin/../lib/gcc/arm-none-eabi/6.3.1/../../../../arm-none-eabi/lib/thumb/v6-m\libm.a(lib_a-s_scalbn.o)
                              c:/program files (x86)/atmel/studio/7.0/toolchain/arm/arm-gnu-toolchain/bin/../lib/gcc/arm-none-eabi/6.3.1/../../../../arm-none-eabi/lib/thumb/v6-m\libm.a(lib_a-k_rem_pio2.o) (scalbn)
c:/program files (x86)/atmel/studio/7.0/toolchain/arm/arm-gnu-toolchain/bin/../lib/gcc/arm-none-eabi/6.3.1/../../../../arm-none-eabi/lib/thumb/v6-m\libm.a(lib_a-s_copysign.o)
                              c:/program files (x86)/atmel/studio/7.0/toolchain/arm/arm-gnu-toolchain/bin/../lib/gcc/arm-none-eabi/6.3.1/../../../../arm-none-eabi/lib/thumb/v6-m\libm.a(lib_a-s_scalbn.o) (copysign)
c:/program files (x86)/atmel/studio/7.0/toolchain/arm/arm-gnu-toolchain/bin/../lib/gcc/arm-none-eabi/6.3.1/thumb/v6-m\libgcc.a(_udivsi3.o)
                              src/ASF/sam0/drivers/sercom/i2c/i2c_sam0/i2c_master.o (__aeabi_uidiv)
c:/program files (x86)/atmel/studio/7.0/toolchain/arm/arm-gnu-toolchain/bin/../lib/gcc/arm-none-eabi/6.3.1/thumb/v6-m\libgcc.a(_divsi3.o)
                              src/main.o (__aeabi_idiv)
c:/program files (x86)/atmel/studio/7.0/toolchain/arm/arm-gnu-toolchain/bin/../lib/gcc/arm-none-eabi/6.3.1/thumb/v6-m\libgcc.a(_dvmd_tls.o)
                              c:/program files (x86)/atmel/studio/7.0/toolchain/arm/arm-gnu-toolchain/bin/../lib/gcc/arm-none-eabi/6.3.1/thumb/v6-m\libgcc.a(_udivsi3.o) (__aeabi_idiv0)
c:/program files (x86)/atmel/studio/7.0/toolchain/arm/arm-gnu-toolchain/bin/../lib/gcc/arm-none-eabi/6.3.1/thumb/v6-m\libgcc.a(_arm_cmpdf2.o)
                              c:/program files (x86)/atmel/studio/7.0/toolchain/arm/arm-gnu-toolchain/bin/../lib/gcc/arm-none-eabi/6.3.1/../../../../arm-none-eabi/lib/thumb/v6-m\libm.a(lib_a-e_rem_pio2.o) (__aeabi_dcmpeq)
c:/program files (x86)/atmel/studio/7.0/toolchain/arm/arm-gnu-toolchain/bin/../lib/gcc/arm-none-eabi/6.3.1/thumb/v6-m\libgcc.a(_arm_cmpsf2.o)
                              src/main.o (__aeabi_fcmplt)
[...]
Memory Configuration

Name             Origin             Length             Attributes
rom              0x00000000         0x00020000         xr
ram              0x20000000         0x00004000         xrw
*default*        0x00000000         0xffffffff

Linker script and memory map

LOAD c:/program files (x86)/atmel/studio/7.0/toolchain/arm/arm-gnu-toolchain/bin/../lib/gcc/arm-none-eabi/6.3.1/thumb/v6-m/crti.o
LOAD c:/program files (x86)/atmel/studio/7.0/toolchain/arm/arm-gnu-toolchain/bin/../lib/gcc/arm-none-eabi/6.3.1/thumb/v6-m/crtbegin.o
LOAD c:/program files (x86)/atmel/studio/7.0/toolchain/arm/arm-gnu-toolchain/bin/../lib/gcc/arm-none-eabi/6.3.1/../../../../arm-none-eabi/lib/thumb/v6-m/crt0.o
LOAD src/ASF/common/services/sleepmgr/samd/sleepmgr.o
LOAD src/ASF/sam0/drivers/extint/extint_callback.o
LOAD src/ASF/sam0/drivers/extint/extint_sam_d_r_h/extint.o
LOAD src/ASF/sam0/drivers/port/port.o
LOAD src/ASF/common2/boards/user_board/init.o
LOAD src/ASF/common/utils/interrupt/interrupt_sam_nvic.o
LOAD src/ASF/sam0/drivers/rtc/rtc_sam_d_r_h/rtc_calendar.o
LOAD src/ASF/sam0/drivers/sercom/i2c/i2c_sam0/i2c_master.o
LOAD src/ASF/sam0/drivers/sercom/i2c/i2c_sam0/i2c_master_interrupt.o
LOAD src/ASF/sam0/drivers/sercom/sercom.o
LOAD src/ASF/sam0/drivers/sercom/sercom_interrupt.o
LOAD src/ASF/sam0/drivers/system/clock/clock_samd21_r21_da_ha1/clock.o
LOAD src/ASF/sam0/drivers/system/clock/clock_samd21_r21_da_ha1/gclk.o
LOAD src/ASF/sam0/drivers/system/interrupt/system_interrupt.o
LOAD src/ASF/sam0/drivers/system/pinmux/pinmux.o
LOAD src/ASF/sam0/drivers/system/system.o
LOAD src/ASF/sam0/drivers/tcc/tcc.o
LOAD src/ASF/sam0/drivers/tcc/tcc_callback.o
LOAD src/ASF/sam0/drivers/tc/tc_interrupt.o
LOAD src/ASF/sam0/drivers/tc/tc_sam_d_r_h/tc.o
LOAD src/ASF/sam0/utils/cmsis/samd21/source/gcc/startup_samd21.o
LOAD src/ASF/sam0/utils/cmsis/samd21/source/system_samd21.o
LOAD src/ASF/sam0/utils/syscalls/gcc/syscalls.o
LOAD src/main.o
START GROUP
LOAD ../src/ASF/thirdparty/CMSIS/Lib/GCC\libarm_cortexM0l_math.a
LOAD c:/program files (x86)/atmel/studio/7.0/toolchain/arm/arm-gnu-toolchain/bin/../lib/gcc/arm-none-eabi/6.3.1/../../../../arm-none-eabi/lib/thumb/v6-m\libm.a
END GROUP
START GROUP
LOAD c:/program files (x86)/atmel/studio/7.0/toolchain/arm/arm-gnu-toolchain/bin/../lib/gcc/arm-none-eabi/6.3.1/thumb/v6-m\libgcc.a
LOAD c:/program files (x86)/atmel/studio/7.0/toolchain/arm/arm-gnu-toolchain/bin/../lib/gcc/arm-none-eabi/6.3.1/../../../../arm-none-eabi/lib/thumb/v6-m\libc_nano.a
END GROUP
START GROUP
LOAD c:/program files (x86)/atmel/studio/7.0/toolchain/arm/arm-gnu-toolchain/bin/../lib/gcc/arm-none-eabi/6.3.1/thumb/v6-m\libgcc.a
LOAD c:/program files (x86)/atmel/studio/7.0/toolchain/arm/arm-gnu-toolchain/bin/../lib/gcc/arm-none-eabi/6.3.1/../../../../arm-none-eabi/lib/thumb/v6-m\libc_nano.a
END GROUP
LOAD c:/program files (x86)/atmel/studio/7.0/toolchain/arm/arm-gnu-toolchain/bin/../lib/gcc/arm-none-eabi/6.3.1/thumb/v6-m/crtend.o
LOAD c:/program files (x86)/atmel/studio/7.0/toolchain/arm/arm-gnu-toolchain/bin/../lib/gcc/arm-none-eabi/6.3.1/thumb/v6-m/crtn.o
                0x00001000                STACK_SIZE = DEFINED (STACK_SIZE)?STACK_SIZE:DEFINED (__stack_size__)?__stack_size__:0x1000

.text           0x00000000     0x7870
                0x00000000                . = ALIGN (0x4)
                0x00000000                _sfixed = .
 *(.vectors .vectors.*)
 .vectors       0x00000000       0xb4 src/ASF/sam0/utils/cmsis/samd21/source/gcc/startup_samd21.o
                0x00000000                exception_table
 *(.text .text.* .gnu.linkonce.t.*)
 .text          0x000000b4       0x60 c:/program files (x86)/atmel/studio/7.0/toolchain/arm/arm-gnu-toolchain/bin/../lib/gcc/arm-none-eabi/6.3.1/thumb/v6-m/crtbegin.o
 .text.EIC_Handler
                0x00000114       0x54 src/ASF/sam0/drivers/extint/extint_callback.o
                0x00000114                EIC_Handler
 .text._extint_enable
                0x00000168       0x18 src/ASF/sam0/drivers/extint/extint_sam_d_r_h/extint.o
 .text._system_extint_init
                0x00000180       0x6c src/ASF/sam0/drivers/extint/extint_sam_d_r_h/extint.o
                0x00000180                _system_extint_init
 .text.system_board_init
                0x000001ec        0x2 src/ASF/common2/boards/user_board/init.o
                0x000001ec                board_init
                0x000001ec                system_board_init
 *fill*         0x000001ee        0x2 
 .text.cpu_irq_enter_critical
                0x000001f0       0x40 src/ASF/common/utils/interrupt/interrupt_sam_nvic.o
                0x000001f0                cpu_irq_enter_critical
 .text.cpu_irq_leave_critical
                0x00000230       0x30 src/ASF/common/utils/interrupt/interrupt_sam_nvic.o
                0x00000230                cpu_irq_leave_critical
 .text.rtc_calendar_enable
                0x00000260       0x14 src/ASF/sam0/drivers/rtc/rtc_sam_d_r_h/rtc_calendar.o
                0x00000260                rtc_calendar_enable
 .text.rtc_calendar_disable
                0x00000274       0x1a src/ASF/sam0/drivers/rtc/rtc_sam_d_r_h/rtc_calendar.o
                0x00000274                rtc_calendar_disable
 *fill*         0x0000028e        0x2 
 .text.rtc_calendar_reset
                0x00000290       0x24 src/ASF/sam0/drivers/rtc/rtc_sam_d_r_h/rtc_calendar.o
                0x00000290                rtc_calendar_reset
 .text.rtc_calendar_time_to_register_value
                0x000002b4       0x3a src/ASF/sam0/drivers/rtc/rtc_sam_d_r_h/rtc_calendar.o
                0x000002b4                rtc_calendar_time_to_register_value
 .text.rtc_calendar_register_value_to_time
                0x000002ee       0x3e src/ASF/sam0/drivers/rtc/rtc_sam_d_r_h/rtc_calendar.o
                0x000002ee                rtc_calendar_register_value_to_time
 .text.rtc_calendar_set_time
                0x0000032c       0x18 src/ASF/sam0/drivers/rtc/rtc_sam_d_r_h/rtc_calendar.o
                0x0000032c                rtc_calendar_set_time
 .text.rtc_calendar_get_time
                0x00000344       0x48 src/ASF/sam0/drivers/rtc/rtc_sam_d_r_h/rtc_calendar.o
                0x00000344                rtc_calendar_get_time
 .text.rtc_calendar_set_alarm
                0x0000038c       0x30 src/ASF/sam0/drivers/rtc/rtc_sam_d_r_h/rtc_calendar.o
                0x0000038c                rtc_calendar_set_alarm
 .text.rtc_calendar_init
                0x000003bc       0x94 src/ASF/sam0/drivers/rtc/rtc_sam_d_r_h/rtc_calendar.o
                0x000003bc                rtc_calendar_init
 .text.i2c_master_init
                0x00000450      0x2f8 src/ASF/sam0/drivers/sercom/i2c/i2c_sam0/i2c_master.o
                0x00000450                i2c_master_init
 .text._i2c_master_address_response
                0x00000748       0x30 src/ASF/sam0/drivers/sercom/i2c/i2c_sam0/i2c_master.o
                0x00000748                _i2c_master_address_response
 .text._i2c_master_wait_for_bus
                0x00000778       0x2c src/ASF/sam0/drivers/sercom/i2c/i2c_sam0/i2c_master.o
                0x00000778                _i2c_master_wait_for_bus
 .text._i2c_master_send_hs_master_code
                0x000007a4       0x20 src/ASF/sam0/drivers/sercom/i2c/i2c_sam0/i2c_master.o
                0x000007a4                _i2c_master_send_hs_master_code
 .text._i2c_master_wait_for_sync
                0x000007c4        0xc src/ASF/sam0/drivers/sercom/i2c/i2c_sam0/i2c_master_interrupt.o
 .text._i2c_master_read
                0x000007d0       0x88 src/ASF/sam0/drivers/sercom/i2c/i2c_sam0/i2c_master_interrupt.o
 .text._i2c_master_write
                0x00000858       0x3c src/ASF/sam0/drivers/sercom/i2c/i2c_sam0/i2c_master_interrupt.o
 .text._i2c_master_write_packet
                0x00000894       0x68 src/ASF/sam0/drivers/sercom/i2c/i2c_sam0/i2c_master_interrupt.o
 .text._i2c_master_read_packet
                0x000008fc       0xc8 src/ASF/sam0/drivers/sercom/i2c/i2c_sam0/i2c_master_interrupt.o
 .text.i2c_master_register_callback
                0x000009c4       0x16 src/ASF/sam0/drivers/sercom/i2c/i2c_sam0/i2c_master_interrupt.o
                0x000009c4                i2c_master_register_callback
 *fill*         0x000009da        0x2 
 .text.i2c_master_read_packet_job
                0x000009dc       0x24 src/ASF/sam0/drivers/sercom/i2c/i2c_sam0/i2c_master_interrupt.o
                0x000009dc                i2c_master_read_packet_job
 .text.i2c_master_write_packet_job
                0x00000a00       0x24 src/ASF/sam0/drivers/sercom/i2c/i2c_sam0/i2c_master_interrupt.o
                0x00000a00                i2c_master_write_packet_job
 .text.i2c_master_write_packet_job_no_stop
                0x00000a24       0x24 src/ASF/sam0/drivers/sercom/i2c/i2c_sam0/i2c_master_interrupt.o
                0x00000a24                i2c_master_write_packet_job_no_stop
 .text._i2c_master_interrupt_handler
                0x00000a48      0x1ec src/ASF/sam0/drivers/sercom/i2c/i2c_sam0/i2c_master_interrupt.o
                0x00000a48                _i2c_master_interrupt_handler
 .text.sercom_set_gclk_generator
                0x00000c34       0x4c src/ASF/sam0/drivers/sercom/sercom.o
                0x00000c34                sercom_set_gclk_generator
 .text._sercom_get_default_pad
                0x00000c80       0xfc src/ASF/sam0/drivers/sercom/sercom.o
                0x00000c80                _sercom_get_default_pad
 .text._sercom_get_sercom_inst_index
                0x00000d7c       0x48 src/ASF/sam0/drivers/sercom/sercom.o
                0x00000d7c                _sercom_get_sercom_inst_index
 .text._sercom_default_handler
                0x00000dc4        0x2 src/ASF/sam0/drivers/sercom/sercom_interrupt.o
 *fill*         0x00000dc6        0x2 
 .text._sercom_set_handler
                0x00000dc8       0x40 src/ASF/sam0/drivers/sercom/sercom_interrupt.o
                0x00000dc8                _sercom_set_handler
 .text._sercom_get_interrupt_vector
                0x00000e08       0x24 src/ASF/sam0/drivers/sercom/sercom_interrupt.o
                0x00000e08                _sercom_get_interrupt_vector
 .text.SERCOM0_Handler
                0x00000e2c       0x10 src/ASF/sam0/drivers/sercom/sercom_interrupt.o
                0x00000e2c                SERCOM0_Handler
 .text.SERCOM1_Handler
                0x00000e3c       0x10 src/ASF/sam0/drivers/sercom/sercom_interrupt.o
                0x00000e3c                SERCOM1_Handler
 .text.SERCOM2_Handler
                0x00000e4c       0x10 src/ASF/sam0/drivers/sercom/sercom_interrupt.o
                0x00000e4c                SERCOM2_Handler
 .text.SERCOM3_Handler
                0x00000e5c       0x10 src/ASF/sam0/drivers/sercom/sercom_interrupt.o
                0x00000e5c                SERCOM3_Handler
 .text.system_clock_source_get_hz
                0x00000e6c       0x94 src/ASF/sam0/drivers/system/clock/clock_samd21_r21_da_ha1/clock.o
                0x00000e6c                system_clock_source_get_hz
 .text.system_clock_source_osc8m_set_config
                0x00000f00       0x3c src/ASF/sam0/drivers/system/clock/clock_samd21_r21_da_ha1/clock.o
                0x00000f00                system_clock_source_osc8m_set_config
 .text.system_clock_source_xosc32k_set_config
                0x00000f3c       0xb8 src/ASF/sam0/drivers/system/clock/clock_samd21_r21_da_ha1/clock.o
                0x00000f3c                system_clock_source_xosc32k_set_config
 .text.system_clock_source_dfll_set_config
                0x00000ff4       0x80 src/ASF/sam0/drivers/system/clock/clock_samd21_r21_da_ha1/clock.o
                0x00000ff4                system_clock_source_dfll_set_config
 .text.system_clock_source_enable
                0x00001074       0xa8 src/ASF/sam0/drivers/system/clock/clock_samd21_r21_da_ha1/clock.o
                0x00001074                system_clock_source_enable
 .text.system_clock_init
                0x0000111c      0x17c src/ASF/sam0/drivers/system/clock/clock_samd21_r21_da_ha1/clock.o
                0x0000111c                system_clock_init
 .text.system_gclk_init
                0x00001298       0x24 src/ASF/sam0/drivers/system/clock/clock_samd21_r21_da_ha1/gclk.o
                0x00001298                system_gclk_init
 .text.system_gclk_gen_set_config
                0x000012bc       0xb8 src/ASF/sam0/drivers/system/clock/clock_samd21_r21_da_ha1/gclk.o
                0x000012bc                system_gclk_gen_set_config
 .text.system_gclk_gen_enable
                0x00001374       0x44 src/ASF/sam0/drivers/system/clock/clock_samd21_r21_da_ha1/gclk.o
                0x00001374                system_gclk_gen_enable
 .text.system_gclk_gen_get_hz
                0x000013b8       0x8c src/ASF/sam0/drivers/system/clock/clock_samd21_r21_da_ha1/gclk.o
                0x000013b8                system_gclk_gen_get_hz
 .text.system_gclk_chan_enable
                0x00001444       0x30 src/ASF/sam0/drivers/system/clock/clock_samd21_r21_da_ha1/gclk.o
                0x00001444                system_gclk_chan_enable
 .text.system_gclk_chan_disable
                0x00001474       0x5c src/ASF/sam0/drivers/system/clock/clock_samd21_r21_da_ha1/gclk.o
                0x00001474                system_gclk_chan_disable
 .text.system_gclk_chan_set_config
                0x000014d0       0x1c src/ASF/sam0/drivers/system/clock/clock_samd21_r21_da_ha1/gclk.o
                0x000014d0                system_gclk_chan_set_config
 .text.system_gclk_chan_get_hz
                0x000014ec       0x34 src/ASF/sam0/drivers/system/clock/clock_samd21_r21_da_ha1/gclk.o
                0x000014ec                system_gclk_chan_get_hz
 .text._system_pinmux_config
                0x00001520       0xa8 src/ASF/sam0/drivers/system/pinmux/pinmux.o
 .text.system_pinmux_pin_set_config
                0x000015c8       0x30 src/ASF/sam0/drivers/system/pinmux/pinmux.o
                0x000015c8                system_pinmux_pin_set_config
 .text._system_dummy_init
                0x000015f8        0x2 src/ASF/sam0/drivers/system/system.o
                0x000015f8                _system_events_init
                0x000015f8                _system_dummy_init
                0x000015f8                _system_divas_init
 *fill*         0x000015fa        0x2 
 .text.system_init
                0x000015fc       0x2c src/ASF/sam0/drivers/system/system.o
                0x000015fc                system_init
 .text._tcc_get_inst_index
                0x00001628       0x34 src/ASF/sam0/drivers/tcc/tcc.o
                0x00001628                _tcc_get_inst_index
 .text._tcc_set_compare_value
                0x0000165c       0x74 src/ASF/sam0/drivers/tcc/tcc.o
 .text.tcc_get_config_defaults
                0x000016d0      0x14c src/ASF/sam0/drivers/tcc/tcc.o
                0x000016d0                tcc_get_config_defaults
 .text.tcc_init
                0x0000181c      0x40c src/ASF/sam0/drivers/tcc/tcc.o
                0x0000181c                tcc_init
 .text.tcc_set_compare_value
                0x00001c28       0x10 src/ASF/sam0/drivers/tcc/tcc.o
                0x00001c28                tcc_set_compare_value
 .text._tcc_interrupt_handler
                0x00001c38       0x4c src/ASF/sam0/drivers/tcc/tcc_callback.o
                0x00001c38                _tcc_interrupt_handler
 .text.TCC0_Handler
                0x00001c84       0x10 src/ASF/sam0/drivers/tcc/tcc_callback.o
                0x00001c84                TCC0_Handler
 .text.TCC1_Handler
                0x00001c94       0x10 src/ASF/sam0/drivers/tcc/tcc_callback.o
                0x00001c94                TCC1_Handler
 .text.TCC2_Handler
                0x00001ca4       0x10 src/ASF/sam0/drivers/tcc/tcc_callback.o
                0x00001ca4                TCC2_Handler
 .text.tc_register_callback
                0x00001cb4       0x32 src/ASF/sam0/drivers/tc/tc_interrupt.o
                0x00001cb4                tc_register_callback
 *fill*         0x00001ce6        0x2 
 .text._tc_interrupt_handler
                0x00001ce8       0x64 src/ASF/sam0/drivers/tc/tc_interrupt.o
                0x00001ce8                _tc_interrupt_handler
 .text.TC3_Handler
                0x00001d4c       0x10 src/ASF/sam0/drivers/tc/tc_interrupt.o
                0x00001d4c                TC3_Handler
 .text.TC4_Handler
                0x00001d5c       0x10 src/ASF/sam0/drivers/tc/tc_interrupt.o
                0x00001d5c                TC4_Handler
 .text.TC5_Handler
                0x00001d6c       0x10 src/ASF/sam0/drivers/tc/tc_interrupt.o
                0x00001d6c                TC5_Handler
 .text._tc_get_inst_index
                0x00001d7c       0x38 src/ASF/sam0/drivers/tc/tc_sam_d_r_h/tc.o
                0x00001d7c                _tc_get_inst_index
 .text.tc_init  0x00001db4      0x23c src/ASF/sam0/drivers/tc/tc_sam_d_r_h/tc.o
                0x00001db4                tc_init
 .text.tc_set_count_value
                0x00001ff0       0x32 src/ASF/sam0/drivers/tc/tc_sam_d_r_h/tc.o
                0x00001ff0                tc_set_count_value
 .text.Dummy_Handler
                0x00002022        0x2 src/ASF/sam0/utils/cmsis/samd21/source/gcc/startup_samd21.o
                0x00002022                DMAC_Handler
                0x00002022                HardFault_Handler
                0x00002022                AC_Handler
                0x00002022                SysTick_Handler
                0x00002022                PendSV_Handler
                0x00002022                NMI_Handler
                0x00002022                ADC_Handler
                0x00002022                RTC_Handler
                0x00002022                WDT_Handler
                0x00002022                USB_Handler
                0x00002022                Dummy_Handler
                0x00002022                PM_Handler
                0x00002022                SVC_Handler
                0x00002022                EVSYS_Handler
                0x00002022                I2S_Handler
                0x00002022                NVMCTRL_Handler
                0x00002022                DAC_Handler
                0x00002022                PTC_Handler
                0x00002022                SYSCTRL_Handler
 .text.Reset_Handler
                0x00002024       0xe4 src/ASF/sam0/utils/cmsis/samd21/source/gcc/startup_samd21.o
                0x00002024                Reset_Handler
 .text._sbrk    0x00002108       0x24 src/ASF/sam0/utils/syscalls/gcc/syscalls.o
                0x00002108                _sbrk
 .text.i2c_read_complete_callback
                0x0000212c        0x2 src/main.o
                0x0000212c                i2c_read_complete_callback
 *fill*         0x0000212e        0x2 
 .text.tc_callback_method
                0x00002130       0x3c src/main.o
                0x00002130                tc_callback_method
 .text.i2c_write_complete_callback
                0x0000216c       0x18 src/main.o
                0x0000216c                i2c_write_complete_callback
 .text.setPWM   0x00002184       0x24 src/main.o
                0x00002184                setPWM
 .text.driveLEDs
                0x000021a8      0x154 src/main.o
                0x000021a8                driveLEDs
 .text.addLED   0x000022fc       0x24 src/main.o
                0x000022fc                addLED
 .text.decayLEDs
                0x00002320       0x30 src/main.o
                0x00002320                decayLEDs
 .text.turnOffAllLEDS
                0x00002350       0x20 src/main.o
                0x00002350                turnOffAllLEDS
 .text.setLEDPinsAsOutputs
                0x00002370       0x94 src/main.o
                0x00002370                setLEDPinsAsOutputs
 .text.enable_timer
                0x00002404       0x6c src/main.o
                0x00002404                enable_timer
 .text.configure_tc
                0x00002470       0x58 src/main.o
                0x00002470                configure_tc
 .text.convertToGs
                0x000024c8       0x34 src/main.o
                0x000024c8                convertToGs
 .text.getAccelerometerValues
                0x000024fc       0x3c src/main.o
                0x000024fc                getAccelerometerValues
 .text.configure_i2c_callbacks
                0x00002538       0x38 src/main.o
                0x00002538                configure_i2c_callbacks
 .text.write_i2c_packet
                0x00002570       0x30 src/main.o
                0x00002570                write_i2c_packet
 .text.requestAccerometerReading
                0x000025a0       0x1c src/main.o
                0x000025a0                requestAccerometerReading
 .text.write_i2c_byte
                0x000025bc       0x38 src/main.o
                0x000025bc                write_i2c_byte
 .text.accelerometerLoop
                0x000025f4       0x6c src/main.o
                0x000025f4                accelerometerLoop
 .text.read_i2c_packet
                0x00002660       0x18 src/main.o
                0x00002660                read_i2c_packet
 .text.configure_i2c
                0x00002678       0xcc src/main.o
                0x00002678                configure_i2c
 .text.eic_init
                0x00002744       0x60 src/main.o
                0x00002744                eic_init
 .text.getRTCTime
                0x000027a4       0x38 src/main.o
                0x000027a4                getRTCTime
 .text.configure_rtc
                0x000027dc       0x78 src/main.o
                0x000027dc                configure_rtc
 .text.updateTime
                0x00002854       0x10 src/main.o
                0x00002854                updateTime
 .text.displayTimeHourMin
                0x00002864      0x128 src/main.o
                0x00002864                displayTimeHourMin
 .text.singleLEDphysics
                0x0000298c      0x2ec src/main.o
                0x0000298c                singleLEDphysics
 .text.spinLEDs
                0x00002c78       0x54 src/main.o
                0x00002c78                spinLEDs
 .text.sparkle  0x00002ccc       0x58 src/main.o
                0x00002ccc                sparkle
 .text.ledFillEmpty
                0x00002d24       0x70 src/main.o
                0x00002d24                ledFillEmpty
 .text.drawPoint
                0x00002d94       0x8c src/main.o
                0x00002d94                drawPoint
 .text.ledWave  0x00002e20       0xa8 src/main.o
                0x00002e20                ledWave
 .text.demoState
                0x00002ec8       0xb4 src/main.o
                0x00002ec8                demoState
 .text.runStateMachine
                0x00002f7c       0x34 src/main.o
                0x00002f7c                runStateMachine
 .text.timeSlot_1000ms
                0x00002fb0       0x20 src/main.o
                0x00002fb0                timeSlot_1000ms
 .text.slotManager
                0x00002fd0       0x78 src/main.o
                0x00002fd0                slotManager
 .text.main     0x00003048      0x124 src/main.o
                0x00003048                main
 .text.cos      0x0000316c       0x8c c:/program files (x86)/atmel/studio/7.0/toolchain/arm/arm-gnu-toolchain/bin/../lib/gcc/arm-none-eabi/6.3.1/../../../../arm-none-eabi/lib/thumb/v6-m\libm.a(lib_a-s_cos.o)
                0x0000316c                cos
 .text.sin      0x000031f8       0x90 c:/program files (x86)/atmel/studio/7.0/toolchain/arm/arm-gnu-toolchain/bin/../lib/gcc/arm-none-eabi/6.3.1/../../../../arm-none-eabi/lib/thumb/v6-m\libm.a(lib_a-s_sin.o)
                0x000031f8                sin
 .text.__ieee754_rem_pio2
                0x00003288      0x430 c:/program files (x86)/atmel/studio/7.0/toolchain/arm/arm-gnu-toolchain/bin/../lib/gcc/arm-none-eabi/6.3.1/../../../../arm-none-eabi/lib/thumb/v6-m\libm.a(lib_a-e_rem_pio2.o)
                0x00003288                __ieee754_rem_pio2
 .text.__kernel_cos
                0x000036b8      0x234 c:/program files (x86)/atmel/studio/7.0/toolchain/arm/arm-gnu-toolchain/bin/../lib/gcc/arm-none-eabi/6.3.1/../../../../arm-none-eabi/lib/thumb/v6-m\libm.a(lib_a-k_cos.o)
                0x000036b8                __kernel_cos
 .text.__kernel_rem_pio2
                0x000038ec      0x8f8 c:/program files (x86)/atmel/studio/7.0/toolchain/arm/arm-gnu-toolchain/bin/../lib/gcc/arm-none-eabi/6.3.1/../../../../arm-none-eabi/lib/thumb/v6-m\libm.a(lib_a-k_rem_pio2.o)
                0x000038ec                __kernel_rem_pio2
 .text.__kernel_sin
                0x000041e4      0x160 c:/program files (x86)/atmel/studio/7.0/toolchain/arm/arm-gnu-toolchain/bin/../lib/gcc/arm-none-eabi/6.3.1/../../../../arm-none-eabi/lib/thumb/v6-m\libm.a(lib_a-k_sin.o)
                0x000041e4                __kernel_sin
 .text.fabs     0x00004344        0x8 c:/program files (x86)/atmel/studio/7.0/toolchain/arm/arm-gnu-toolchain/bin/../lib/gcc/arm-none-eabi/6.3.1/../../../../arm-none-eabi/lib/thumb/v6-m\libm.a(lib_a-s_fabs.o)
                0x00004344                fabs
 .text.floor    0x0000434c      0x130 c:/program files (x86)/atmel/studio/7.0/toolchain/arm/arm-gnu-toolchain/bin/../lib/gcc/arm-none-eabi/6.3.1/../../../../arm-none-eabi/lib/thumb/v6-m\libm.a(lib_a-s_floor.o)
                0x0000434c                floor
 .text.scalbn   0x0000447c       0xd0 c:/program files (x86)/atmel/studio/7.0/toolchain/arm/arm-gnu-toolchain/bin/../lib/gcc/arm-none-eabi/6.3.1/../../../../arm-none-eabi/lib/thumb/v6-m\libm.a(lib_a-s_scalbn.o)
                0x0000447c                scalbn
 .text.copysign
                0x0000454c       0x10 c:/program files (x86)/atmel/studio/7.0/toolchain/arm/arm-gnu-toolchain/bin/../lib/gcc/arm-none-eabi/6.3.1/../../../../arm-none-eabi/lib/thumb/v6-m\libm.a(lib_a-s_copysign.o)
                0x0000454c                copysign
 .text          0x0000455c      0x114 c:/program files (x86)/atmel/studio/7.0/toolchain/arm/arm-gnu-toolchain/bin/../lib/gcc/arm-none-eabi/6.3.1/thumb/v6-m\libgcc.a(_udivsi3.o)
                0x0000455c                __aeabi_uidiv
                0x0000455c                __udivsi3
                0x00004668                __aeabi_uidivmod
 .text          0x00004670      0x1d4 c:/program files (x86)/atmel/studio/7.0/toolchain/arm/arm-gnu-toolchain/bin/../lib/gcc/arm-none-eabi/6.3.1/thumb/v6-m\libgcc.a(_divsi3.o)
                0x00004670                __divsi3
                0x00004670                __aeabi_idiv
                0x0000483c                __aeabi_idivmod
 .text          0x00004844        0x4 c:/program files (x86)/atmel/studio/7.0/toolchain/arm/arm-gnu-toolchain/bin/../lib/gcc/arm-none-eabi/6.3.1/thumb/v6-m\libgcc.a(_dvmd_tls.o)
                0x00004844                __aeabi_idiv0
                0x00004844                __aeabi_ldiv0
 .text          0x00004848       0x7c c:/program files (x86)/atmel/studio/7.0/toolchain/arm/arm-gnu-toolchain/bin/../lib/gcc/arm-none-eabi/6.3.1/thumb/v6-m\libgcc.a(_arm_cmpdf2.o)
                0x00004848                __aeabi_cdrcmple
                0x00004858                __aeabi_cdcmple
                0x00004858                __aeabi_cdcmpeq
                0x00004868                __aeabi_dcmpeq
                0x00004874                __aeabi_dcmplt
                0x00004888                __aeabi_dcmple
                0x0000489c                __aeabi_dcmpgt
                0x000048b0                __aeabi_dcmpge
 .text          0x000048c4       0x74 c:/program files (x86)/atmel/studio/7.0/toolchain/arm/arm-gnu-toolchain/bin/../lib/gcc/arm-none-eabi/6.3.1/thumb/v6-m\libgcc.a(_arm_cmpsf2.o)
                0x000048c4                __aeabi_cfrcmple
                0x000048cc                __aeabi_cfcmpeq
                0x000048cc                __aeabi_cfcmple
                0x000048dc                __aeabi_fcmpeq
                0x000048e8                __aeabi_fcmplt
                0x000048fc                __aeabi_fcmple
                0x00004910                __aeabi_fcmpgt
                0x00004924                __aeabi_fcmpge
 .text          0x00004938       0x54 c:/program files (x86)/atmel/studio/7.0/toolchain/arm/arm-gnu-toolchain/bin/../lib/gcc/arm-none-eabi/6.3.1/thumb/v6-m\libgcc.a(_muldi3.o)
                0x00004938                __muldi3
                0x00004938                __aeabi_lmul
 .text          0x0000498c       0x30 c:/program files (x86)/atmel/studio/7.0/toolchain/arm/arm-gnu-toolchain/bin/../lib/gcc/arm-none-eabi/6.3.1/thumb/v6-m\libgcc.a(_fixunssfsi.o)
                0x0000498c                __fixunssfsi
                0x0000498c                __aeabi_f2uiz
 .text          0x000049bc      0x324 c:/program files (x86)/atmel/studio/7.0/toolchain/arm/arm-gnu-toolchain/bin/../lib/gcc/arm-none-eabi/6.3.1/thumb/v6-m\libgcc.a(addsf3.o)
                0x000049bc                __aeabi_fadd
 .text          0x00004ce0       0x4c c:/program files (x86)/atmel/studio/7.0/toolchain/arm/arm-gnu-toolchain/bin/../lib/gcc/arm-none-eabi/6.3.1/thumb/v6-m\libgcc.a(eqsf2.o)
                0x00004ce0                __eqsf2
                0x00004ce0                __nesf2
 .text          0x00004d2c       0x80 c:/program files (x86)/atmel/studio/7.0/toolchain/arm/arm-gnu-toolchain/bin/../lib/gcc/arm-none-eabi/6.3.1/thumb/v6-m\libgcc.a(gesf2.o)
                0x00004d2c                __gesf2
                0x00004d2c                __gtsf2
 .text          0x00004dac       0x84 c:/program files (x86)/atmel/studio/7.0/toolchain/arm/arm-gnu-toolchain/bin/../lib/gcc/arm-none-eabi/6.3.1/thumb/v6-m\libgcc.a(lesf2.o)
                0x00004dac                __ltsf2
                0x00004dac                __lesf2
 .text          0x00004e30      0x240 c:/program files (x86)/atmel/studio/7.0/toolchain/arm/arm-gnu-toolchain/bin/../lib/gcc/arm-none-eabi/6.3.1/thumb/v6-m\libgcc.a(mulsf3.o)
                0x00004e30                __aeabi_fmul
 .text          0x00005070      0x338 c:/program files (x86)/atmel/studio/7.0/toolchain/arm/arm-gnu-toolchain/bin/../lib/gcc/arm-none-eabi/6.3.1/thumb/v6-m\libgcc.a(subsf3.o)
                0x00005070                __aeabi_fsub
 .text          0x000053a8       0x40 c:/program files (x86)/atmel/studio/7.0/toolchain/arm/arm-gnu-toolchain/bin/../lib/gcc/arm-none-eabi/6.3.1/thumb/v6-m\libgcc.a(fixsfsi.o)
                0x000053a8                __aeabi_f2iz
 .text          0x000053e8       0xa0 c:/program files (x86)/atmel/studio/7.0/toolchain/arm/arm-gnu-toolchain/bin/../lib/gcc/arm-none-eabi/6.3.1/thumb/v6-m\libgcc.a(floatsisf.o)
                0x000053e8                __aeabi_i2f
 .text          0x00005488       0x8c c:/program files (x86)/atmel/studio/7.0/toolchain/arm/arm-gnu-toolchain/bin/../lib/gcc/arm-none-eabi/6.3.1/thumb/v6-m\libgcc.a(floatunsisf.o)
                0x00005488                __aeabi_ui2f
 .text          0x00005514      0x620 c:/program files (x86)/atmel/studio/7.0/toolchain/arm/arm-gnu-toolchain/bin/../lib/gcc/arm-none-eabi/6.3.1/thumb/v6-m\libgcc.a(adddf3.o)
                0x00005514                __aeabi_dadd
 .text          0x00005b34      0x668 c:/program files (x86)/atmel/studio/7.0/toolchain/arm/arm-gnu-toolchain/bin/../lib/gcc/arm-none-eabi/6.3.1/thumb/v6-m\libgcc.a(divdf3.o)
                0x00005b34                __aeabi_ddiv
 .text          0x0000619c       0x74 c:/program files (x86)/atmel/studio/7.0/toolchain/arm/arm-gnu-toolchain/bin/../lib/gcc/arm-none-eabi/6.3.1/thumb/v6-m\libgcc.a(eqdf2.o)
                0x0000619c                __nedf2
                0x0000619c                __eqdf2
 .text          0x00006210       0xc8 c:/program files (x86)/atmel/studio/7.0/toolchain/arm/arm-gnu-toolchain/bin/../lib/gcc/arm-none-eabi/6.3.1/thumb/v6-m\libgcc.a(gedf2.o)
                0x00006210                __gedf2
                0x00006210                __gtdf2
 .text          0x000062d8       0xc4 c:/program files (x86)/atmel/studio/7.0/toolchain/arm/arm-gnu-toolchain/bin/../lib/gcc/arm-none-eabi/6.3.1/thumb/v6-m\libgcc.a(ledf2.o)
                0x000062d8                __ledf2
                0x000062d8                __ltdf2
 .text          0x0000639c      0x500 c:/program files (x86)/atmel/studio/7.0/toolchain/arm/arm-gnu-toolchain/bin/../lib/gcc/arm-none-eabi/6.3.1/thumb/v6-m\libgcc.a(muldf3.o)
                0x0000639c                __aeabi_dmul
 .text          0x0000689c      0x62c c:/program files (x86)/atmel/studio/7.0/toolchain/arm/arm-gnu-toolchain/bin/../lib/gcc/arm-none-eabi/6.3.1/thumb/v6-m\libgcc.a(subdf3.o)
                0x0000689c                __aeabi_dsub
 .text          0x00006ec8       0x68 c:/program files (x86)/atmel/studio/7.0/toolchain/arm/arm-gnu-toolchain/bin/../lib/gcc/arm-none-eabi/6.3.1/thumb/v6-m\libgcc.a(fixdfsi.o)
                0x00006ec8                __aeabi_d2iz
 .text          0x00006f30       0x84 c:/program files (x86)/atmel/studio/7.0/toolchain/arm/arm-gnu-toolchain/bin/../lib/gcc/arm-none-eabi/6.3.1/thumb/v6-m\libgcc.a(floatsidf.o)
                0x00006f30                __aeabi_i2d
 .text          0x00006fb4       0x70 c:/program files (x86)/atmel/studio/7.0/toolchain/arm/arm-gnu-toolchain/bin/../lib/gcc/arm-none-eabi/6.3.1/thumb/v6-m\libgcc.a(floatunsidf.o)
                0x00006fb4                __aeabi_ui2d
 .text          0x00007024       0xa4 c:/program files (x86)/atmel/studio/7.0/toolchain/arm/arm-gnu-toolchain/bin/../lib/gcc/arm-none-eabi/6.3.1/thumb/v6-m\libgcc.a(extendsfdf2.o)
                0x00007024                __aeabi_f2d
 .text          0x000070c8      0x114 c:/program files (x86)/atmel/studio/7.0/toolchain/arm/arm-gnu-toolchain/bin/../lib/gcc/arm-none-eabi/6.3.1/thumb/v6-m\libgcc.a(truncdfsf2.o)
                0x000070c8                __aeabi_d2f
 .text          0x000071dc       0x3c c:/program files (x86)/atmel/studio/7.0/toolchain/arm/arm-gnu-toolchain/bin/../lib/gcc/arm-none-eabi/6.3.1/thumb/v6-m\libgcc.a(_clzsi2.o)
                0x000071dc                __clzsi2
 .text.__libc_init_array
                0x00007218       0x48 c:/program files (x86)/atmel/studio/7.0/toolchain/arm/arm-gnu-toolchain/bin/../lib/gcc/arm-none-eabi/6.3.1/../../../../arm-none-eabi/lib/thumb/v6-m\libc_nano.a(lib_a-init.o)
                0x00007218                __libc_init_array
 .text.random   0x00007260       0x78 c:/program files (x86)/atmel/studio/7.0/toolchain/arm/arm-gnu-toolchain/bin/../lib/gcc/arm-none-eabi/6.3.1/../../../../arm-none-eabi/lib/thumb/v6-m\libc_nano.a(lib_a-random.o)
                0x00007260                random
 .text.malloc   0x000072d8       0x14 c:/program files (x86)/atmel/studio/7.0/toolchain/arm/arm-gnu-toolchain/bin/../lib/gcc/arm-none-eabi/6.3.1/../../../../arm-none-eabi/lib/thumb/v6-m\libc_nano.a(lib_a-malloc.o)
                0x000072d8                malloc
 .text._malloc_r
                0x000072ec       0xbc c:/program files (x86)/atmel/studio/7.0/toolchain/arm/arm-gnu-toolchain/bin/../lib/gcc/arm-none-eabi/6.3.1/../../../../arm-none-eabi/lib/thumb/v6-m\libc_nano.a(lib_a-nano-mallocr.o)
                0x000072ec                _malloc_r
 .text._sbrk_r  0x000073a8       0x24 c:/program files (x86)/atmel/studio/7.0/toolchain/arm/arm-gnu-toolchain/bin/../lib/gcc/arm-none-eabi/6.3.1/../../../../arm-none-eabi/lib/thumb/v6-m\libc_nano.a(lib_a-sbrkr.o)
                0x000073a8                _sbrk_r
 .text.__malloc_lock
                0x000073cc        0x2 c:/program files (x86)/atmel/studio/7.0/toolchain/arm/arm-gnu-toolchain/bin/../lib/gcc/arm-none-eabi/6.3.1/../../../../arm-none-eabi/lib/thumb/v6-m\libc_nano.a(lib_a-mlock.o)
                0x000073cc                __malloc_lock
 .text.__malloc_unlock
                0x000073ce        0x2 c:/program files (x86)/atmel/studio/7.0/toolchain/arm/arm-gnu-toolchain/bin/../lib/gcc/arm-none-eabi/6.3.1/../../../../arm-none-eabi/lib/thumb/v6-m\libc_nano.a(lib_a-mlock.o)
                0x000073ce                __malloc_unlock
 *(.glue_7t)
 .glue_7t       0x000073d0        0x0 linker stubs
 *(.glue_7)
 .glue_7        0x000073d0        0x0 linker stubs
 *(.rodata .rodata* .gnu.linkonce.r.*)
 .rodata        0x000073d0       0x10 src/ASF/sam0/drivers/sercom/sercom.o
 .rodata.system_clock_source_get_hz
                0x000073e0       0x24 src/ASF/sam0/drivers/system/clock/clock_samd21_r21_da_ha1/clock.o
 .rodata.system_clock_source_enable
                0x00007404       0x24 src/ASF/sam0/drivers/system/clock/clock_samd21_r21_da_ha1/clock.o
 .rodata._tcc_apbcmasks
                0x00007428        0xc src/ASF/sam0/drivers/tcc/tcc.o
                0x00007428                _tcc_apbcmasks
 .rodata._tcc_cc_nums
                0x00007434        0x3 src/ASF/sam0/drivers/tcc/tcc.o
                0x00007434                _tcc_cc_nums
 *fill*         0x00007437        0x1 
 .rodata._tcc_gclk_ids
                0x00007438        0x3 src/ASF/sam0/drivers/tcc/tcc.o
                0x00007438                _tcc_gclk_ids
 *fill*         0x0000743b        0x1 
 .rodata._tcc_maxs
                0x0000743c        0xc src/ASF/sam0/drivers/tcc/tcc.o
                0x0000743c                _tcc_maxs
 .rodata._tcc_ow_nums
                0x00007448        0x3 src/ASF/sam0/drivers/tcc/tcc.o
                0x00007448                _tcc_ow_nums
 *fill*         0x0000744b        0x1 
 .rodata._tcc_intflag
                0x0000744c       0x30 src/ASF/sam0/drivers/tcc/tcc_callback.o
                0x0000744c                _tcc_intflag
 .rodata        0x0000747c        0xc src/ASF/sam0/drivers/tc/tc_sam_d_r_h/tc.o
 .rodata.demoState
                0x00007488       0x18 src/main.o
 .rodata.accelerometer_registers_to_configure
                0x000074a0        0xe src/main.o
                0x000074a0                accelerometer_registers_to_configure
 *fill*         0x000074ae        0x2 
 .rodata.sinkPins
                0x000074b0        0x5 src/main.o
                0x000074b0                sinkPins
 *fill*         0x000074b5        0x3 
 .rodata.sourcePins
                0x000074b8        0xc src/main.o
                0x000074b8                sourcePins
 .rodata.tc_interrupt_vectors.13034
                0x000074c4        0x3 src/main.o
 *fill*         0x000074c7        0x1 
 .rodata.tccAddress
                0x000074c8       0xf0 src/main.o
                0x000074c8                tccAddress
 .rodata.npio2_hw
                0x000075b8       0x80 c:/program files (x86)/atmel/studio/7.0/toolchain/arm/arm-gnu-toolchain/bin/../lib/gcc/arm-none-eabi/6.3.1/../../../../arm-none-eabi/lib/thumb/v6-m\libm.a(lib_a-e_rem_pio2.o)
 .rodata.two_over_pi
                0x00007638      0x108 c:/program files (x86)/atmel/studio/7.0/toolchain/arm/arm-gnu-toolchain/bin/../lib/gcc/arm-none-eabi/6.3.1/../../../../arm-none-eabi/lib/thumb/v6-m\libm.a(lib_a-e_rem_pio2.o)
 .rodata.PIo2   0x00007740       0x40 c:/program files (x86)/atmel/studio/7.0/toolchain/arm/arm-gnu-toolchain/bin/../lib/gcc/arm-none-eabi/6.3.1/../../../../arm-none-eabi/lib/thumb/v6-m\libm.a(lib_a-k_rem_pio2.o)
 .rodata.init_jk
                0x00007780       0x10 c:/program files (x86)/atmel/studio/7.0/toolchain/arm/arm-gnu-toolchain/bin/../lib/gcc/arm-none-eabi/6.3.1/../../../../arm-none-eabi/lib/thumb/v6-m\libm.a(lib_a-k_rem_pio2.o)
 .rodata        0x00007790       0x40 c:/program files (x86)/atmel/studio/7.0/toolchain/arm/arm-gnu-toolchain/bin/../lib/gcc/arm-none-eabi/6.3.1/thumb/v6-m\libgcc.a(mulsf3.o)
 .rodata        0x000077d0       0x40 c:/program files (x86)/atmel/studio/7.0/toolchain/arm/arm-gnu-toolchain/bin/../lib/gcc/arm-none-eabi/6.3.1/thumb/v6-m\libgcc.a(divdf3.o)
 .rodata        0x00007810       0x40 c:/program files (x86)/atmel/studio/7.0/toolchain/arm/arm-gnu-toolchain/bin/../lib/gcc/arm-none-eabi/6.3.1/thumb/v6-m\libgcc.a(muldf3.o)
 *(.ARM.extab* .gnu.linkonce.armextab.*)
                0x00007850                . = ALIGN (0x4)
 *(.init)
 .init          0x00007850        0x4 c:/program files (x86)/atmel/studio/7.0/toolchain/arm/arm-gnu-toolchain/bin/../lib/gcc/arm-none-eabi/6.3.1/thumb/v6-m/crti.o
                0x00007850                _init
 .init          0x00007854        0x8 c:/program files (x86)/atmel/studio/7.0/toolchain/arm/arm-gnu-toolchain/bin/../lib/gcc/arm-none-eabi/6.3.1/thumb/v6-m/crtn.o
                0x0000785c                . = ALIGN (0x4)
                0x0000785c                __preinit_array_start = .
 *(.preinit_array)
                0x0000785c                __preinit_array_end = .
                0x0000785c                . = ALIGN (0x4)
                0x0000785c                __init_array_start = .
 *(SORT(.init_array.*))
 *(.init_array)
 .init_array    0x0000785c        0x4 c:/program files (x86)/atmel/studio/7.0/toolchain/arm/arm-gnu-toolchain/bin/../lib/gcc/arm-none-eabi/6.3.1/thumb/v6-m/crtbegin.o
                0x00007860                __init_array_end = .
                0x00007860                . = ALIGN (0x4)
 *crtbegin.o(.ctors)
 *(EXCLUDE_FILE(*crtend.o) .ctors)
 *(SORT(.ctors.*))
 *crtend.o(.ctors)
                0x00007860                . = ALIGN (0x4)
 *(.fini)
 .fini          0x00007860        0x4 c:/program files (x86)/atmel/studio/7.0/toolchain/arm/arm-gnu-toolchain/bin/../lib/gcc/arm-none-eabi/6.3.1/thumb/v6-m/crti.o
                0x00007860                _fini
 .fini          0x00007864        0x8 c:/program files (x86)/atmel/studio/7.0/toolchain/arm/arm-gnu-toolchain/bin/../lib/gcc/arm-none-eabi/6.3.1/thumb/v6-m/crtn.o
                0x0000786c                . = ALIGN (0x4)
                0x0000786c                __fini_array_start = .
 *(.fini_array)
 .fini_array    0x0000786c        0x4 c:/program files (x86)/atmel/studio/7.0/toolchain/arm/arm-gnu-toolchain/bin/../lib/gcc/arm-none-eabi/6.3.1/thumb/v6-m/crtbegin.o
 *(SORT(.fini_array.*))
                0x00007870                __fini_array_end = .
 *crtbegin.o(.dtors)
 *(EXCLUDE_FILE(*crtend.o) .dtors)
 *(SORT(.dtors.*))
 *crtend.o(.dtors)
                0x00007870                . = ALIGN (0x4)
                0x00007870                _efixed = .
                [!provide]                PROVIDE (__exidx_start, .)

.vfp11_veneer   0x00007870        0x0
 .vfp11_veneer  0x00007870        0x0 linker stubs

.v4_bx          0x00007870        0x0
 .v4_bx         0x00007870        0x0 linker stubs

.iplt           0x00007870        0x0
 .iplt          0x00007870        0x0 c:/program files (x86)/atmel/studio/7.0/toolchain/arm/arm-gnu-toolchain/bin/../lib/gcc/arm-none-eabi/6.3.1/thumb/v6-m/crtbegin.o

.eh_frame       0x00007870        0x0
 .eh_frame      0x00007870        0x0 c:/program files (x86)/atmel/studio/7.0/toolchain/arm/arm-gnu-toolchain/bin/../lib/gcc/arm-none-eabi/6.3.1/thumb/v6-m/crtbegin.o

.rel.dyn        0x00007870        0x0
 .rel.iplt      0x00007870        0x0 c:/program files (x86)/atmel/studio/7.0/toolchain/arm/arm-gnu-toolchain/bin/../lib/gcc/arm-none-eabi/6.3.1/thumb/v6-m/crtbegin.o

.jcr            0x00007870        0x0
 .jcr           0x00007870        0x0 c:/program files (x86)/atmel/studio/7.0/toolchain/arm/arm-gnu-toolchain/bin/../lib/gcc/arm-none-eabi/6.3.1/thumb/v6-m/crtbegin.o

.igot.plt       0x00007870        0x0
 .igot.plt      0x00007870        0x0 c:/program files (x86)/atmel/studio/7.0/toolchain/arm/arm-gnu-toolchain/bin/../lib/gcc/arm-none-eabi/6.3.1/thumb/v6-m/crtbegin.o

.ARM.exidx
 *(.ARM.exidx* .gnu.linkonce.armexidx.*)
                [!provide]                PROVIDE (__exidx_end, .)
                0x00007870                . = ALIGN (0x4)
                0x00007870                _etext = .

.relocate       0x20000000       0xac load address 0x00007870
                0x20000000                . = ALIGN (0x4)
                0x20000000                _srelocate = .
 *(.ramfunc .ramfunc.*)
 *(.data .data.*)
 .data.g_interrupt_enabled
                0x20000000        0x1 src/ASF/common/utils/interrupt/interrupt_sam_nvic.o
                0x20000000                g_interrupt_enabled
 .data.initialCountdown.14178
                0x20000001        0x1 src/main.o
 .data.minSegmentsOn
                0x20000002        0x1 src/main.o
                0x20000002                minSegmentsOn
 .data.startUp  0x20000003        0x1 src/main.o
 .data.timer.14464
                0x20000004        0x2 src/main.o
 *fill*         0x20000006        0x2 
 .data.waveformAddress
                0x20000008       0x3c src/main.o
                0x20000008                waveformAddress
 .data.whoAmILocation
                0x20000044        0x1 src/main.o
 *fill*         0x20000045        0x3 
 .data._impure_ptr
                0x20000048        0x4 c:/program files (x86)/atmel/studio/7.0/toolchain/arm/arm-gnu-toolchain/bin/../lib/gcc/arm-none-eabi/6.3.1/../../../../arm-none-eabi/lib/thumb/v6-m\libc_nano.a(lib_a-impure.o)
                0x20000048                _impure_ptr
 .data.impure_data
                0x2000004c       0x60 c:/program files (x86)/atmel/studio/7.0/toolchain/arm/arm-gnu-toolchain/bin/../lib/gcc/arm-none-eabi/6.3.1/../../../../arm-none-eabi/lib/thumb/v6-m\libc_nano.a(lib_a-impure.o)
                0x200000ac                . = ALIGN (0x4)
                0x200000ac                _erelocate = .

.bss            0x200000ac      0x2a8 load address 0x0000791c
                0x200000ac                . = ALIGN (0x4)
                0x200000ac                _sbss = .
                0x200000ac                _szero = .
 *(.bss .bss.*)
 .bss           0x200000ac       0x1c c:/program files (x86)/atmel/studio/7.0/toolchain/arm/arm-gnu-toolchain/bin/../lib/gcc/arm-none-eabi/6.3.1/thumb/v6-m/crtbegin.o
 .bss.cpu_irq_critical_section_counter
                0x200000c8        0x4 src/ASF/common/utils/interrupt/interrupt_sam_nvic.o
 .bss.cpu_irq_prev_interrupt_state
                0x200000cc        0x1 src/ASF/common/utils/interrupt/interrupt_sam_nvic.o
 *fill*         0x200000cd        0x3 
 .bss._sercom_config
                0x200000d0        0x2 src/ASF/sam0/drivers/sercom/sercom.o
 .bss._handler_table_initialized
                0x200000d2        0x1 src/ASF/sam0/drivers/sercom/sercom_interrupt.o
 *fill*         0x200000d3        0x1 
 .bss._sercom_interrupt_handlers
                0x200000d4       0x10 src/ASF/sam0/drivers/sercom/sercom_interrupt.o
 .bss._system_clock_inst
                0x200000e4       0x18 src/ASF/sam0/drivers/system/clock/clock_samd21_r21_da_ha1/clock.o
 .bss.heap.5296
                0x200000fc        0x4 src/ASF/sam0/utils/syscalls/gcc/syscalls.o
 .bss.LEDIncrement.14355
                0x20000100        0x1 src/main.o
 .bss.accelerometerIsInitialized
                0x20000101        0x1 src/main.o
 .bss.count.14370
                0x20000102        0x1 src/main.o
 .bss.count2.14371
                0x20000103        0x1 src/main.o
 .bss.count3.14372
                0x20000104        0x1 src/main.o
 .bss.counter.14345
                0x20000105        0x1 src/main.o
 .bss.counter.14350
                0x20000106        0x1 src/main.o
 .bss.currentPosition.14329
                0x20000107        0x1 src/main.o
 .bss.currentState
                0x20000108        0x4 src/main.o
 .bss.demoNumber.14465
                0x2000010c        0x1 src/main.o
 .bss.lastPosition.14330
                0x2000010d        0x1 src/main.o
 .bss.ledCount.14346
                0x2000010e        0x1 src/main.o
 .bss.localState.14463
                0x2000010f        0x1 src/main.o
 .bss.oneSecond.14317
                0x20000110        0x1 src/main.o
 *fill*         0x20000111        0x3 
 .bss.position.14328
                0x20000114        0x4 src/main.o
 .bss.previousSourceValue.14010
                0x20000118        0x1 src/main.o
 *fill*         0x20000119        0x3 
 .bss.rd_buffer
                0x2000011c        0x6 src/main.o
 .bss.segmentOnCount.14011
                0x20000122        0x1 src/main.o
 .bss.setupRegisterToWrite.14177
                0x20000123        0x1 src/main.o
 .bss.slot_triggered
                0x20000124        0x1 src/main.o
 .bss.sourceValue.14009
                0x20000125        0x1 src/main.o
 .bss.splitTime.14354
                0x20000126        0x1 src/main.o
 .bss.stateMachineStatus
                0x20000127        0x1 src/main.o
 .bss.timeslotCounter
                0x20000128        0x2 src/main.o
 *fill*         0x2000012a        0x2 
 .bss.twelveHourTime
                0x2000012c        0x4 src/main.o
                0x2000012c                twelveHourTime
 .bss.velocity.14333
                0x20000130        0x4 src/main.o
 .bss.wr_buffer
                0x20000134        0x2 src/main.o
 *fill*         0x20000136        0x2 
 .bss.__malloc_free_list
                0x20000138        0x4 c:/program files (x86)/atmel/studio/7.0/toolchain/arm/arm-gnu-toolchain/bin/../lib/gcc/arm-none-eabi/6.3.1/../../../../arm-none-eabi/lib/thumb/v6-m\libc_nano.a(lib_a-nano-mallocr.o)
                0x20000138                __malloc_free_list
 .bss.__malloc_sbrk_start
                0x2000013c        0x4 c:/program files (x86)/atmel/studio/7.0/toolchain/arm/arm-gnu-toolchain/bin/../lib/gcc/arm-none-eabi/6.3.1/../../../../arm-none-eabi/lib/thumb/v6-m\libc_nano.a(lib_a-nano-mallocr.o)
                0x2000013c                __malloc_sbrk_start
 *(COMMON)
 COMMON         0x20000140        0x1 src/ASF/sam0/drivers/extint/extint_callback.o
                0x20000140                _current_channel
 *fill*         0x20000141        0x3 
 COMMON         0x20000144       0x40 src/ASF/sam0/drivers/extint/extint_sam_d_r_h/extint.o
                0x20000144                _extint_dev
 COMMON         0x20000184        0x4 src/ASF/sam0/drivers/rtc/rtc_sam_d_r_h/rtc_calendar.o
                0x20000184                _rtc_instance
 COMMON         0x20000188       0x10 src/ASF/sam0/drivers/sercom/sercom_interrupt.o
                0x20000188                _sercom_instances
 COMMON         0x20000198        0xc src/ASF/sam0/drivers/tcc/tcc_callback.o
                0x20000198                _tcc_instances
 COMMON         0x200001a4        0xc src/ASF/sam0/drivers/tc/tc_interrupt.o
                0x200001a4                _tc_instances
 COMMON         0x200001b0      0x1a0 src/main.o
                0x200001b0                rtc_config_object
                0x200001c4                tcc_instance
                0x20000204                write_byte_packet
                0x20000210                wr_packet
                0x2000021c                rtc_object
                0x20000224                i2c_master_instance
                0x2000024c                LEDbinary
                0x20000288                tcc_instance1
                0x200002c8                wake_interrupt
                0x200002d4                rd_packet
                0x200002e0                tc_instance
                0x200002fc                returnEic
                0x20000300                wake_interrupt_nmi
                0x2000030c                currentTime
                0x20000314                LEDdim
 COMMON         0x20000350        0x4 c:/program files (x86)/atmel/studio/7.0/toolchain/arm/arm-gnu-toolchain/bin/../lib/gcc/arm-none-eabi/6.3.1/../../../../arm-none-eabi/lib/thumb/v6-m\libc_nano.a(lib_a-reent.o)
                0x20000350                errno
                0x20000354                . = ALIGN (0x4)
                0x20000354                _ebss = .
                0x20000354                _ezero = .

.stack          0x20000354     0x1004 load address 0x00007bc4
                0x20000358                . = ALIGN (0x8)
 *fill*         0x20000354        0x4 
                0x20000358                _sstack = .
                0x20001358                . = (. + STACK_SIZE)
 *fill*         0x20000358     0x1000 
                0x20001358                . = ALIGN (0x8)
                0x20001358                _estack = .
                0x20001358                . = ALIGN (0x4)
                0x20001358                _end = .
OUTPUT(LED_Watch.elf elf32-littlearm)

.ARM.attributes
                0x00000000       0x28
 .ARM.attributes
                0x00000000       0x1e c:/program files (x86)/atmel/studio/7.0/toolchain/arm/arm-gnu-toolchain/bin/../lib/gcc/arm-none-eabi/6.3.1/thumb/v6-m/crti.o
 .ARM.attributes
                0x0000001e       0x2c c:/program files (x86)/atmel/studio/7.0/toolchain/arm/arm-gnu-toolchain/bin/../lib/gcc/arm-none-eabi/6.3.1/thumb/v6-m/crtbegin.o
 .ARM.attributes
                0x0000004a       0x32 src/ASF/sam0/drivers/extint/extint_callback.o
 .ARM.attributes
                0x0000007c       0x32 src/ASF/sam0/drivers/extint/extint_sam_d_r_h/extint.o
 .ARM.attributes
                0x000000ae       0x32 src/ASF/common2/boards/user_board/init.o
 .ARM.attributes
                0x000000e0       0x32 src/ASF/common/utils/interrupt/interrupt_sam_nvic.o
 .ARM.attributes
                0x00000112       0x32 src/ASF/sam0/drivers/rtc/rtc_sam_d_r_h/rtc_calendar.o
 .ARM.attributes
                0x00000144       0x32 src/ASF/sam0/drivers/sercom/i2c/i2c_sam0/i2c_master.o
 .ARM.attributes
                0x00000176       0x32 src/ASF/sam0/drivers/sercom/i2c/i2c_sam0/i2c_master_interrupt.o
 .ARM.attributes
                0x000001a8       0x32 src/ASF/sam0/drivers/sercom/sercom.o
 .ARM.attributes
                0x000001da       0x32 src/ASF/sam0/drivers/sercom/sercom_interrupt.o
 .ARM.attributes
                0x0000020c       0x32 src/ASF/sam0/drivers/system/clock/clock_samd21_r21_da_ha1/clock.o
 .ARM.attributes
                0x0000023e       0x32 src/ASF/sam0/drivers/system/clock/clock_samd21_r21_da_ha1/gclk.o
 .ARM.attributes
                0x00000270       0x32 src/ASF/sam0/drivers/system/pinmux/pinmux.o
 .ARM.attributes
                0x000002a2       0x32 src/ASF/sam0/drivers/system/system.o
 .ARM.attributes
                0x000002d4       0x32 src/ASF/sam0/drivers/tcc/tcc.o
 .ARM.attributes
                0x00000306       0x32 src/ASF/sam0/drivers/tcc/tcc_callback.o
 .ARM.attributes
                0x00000338       0x32 src/ASF/sam0/drivers/tc/tc_interrupt.o
 .ARM.attributes
                0x0000036a       0x32 src/ASF/sam0/drivers/tc/tc_sam_d_r_h/tc.o
 .ARM.attributes
                0x0000039c       0x32 src/ASF/sam0/utils/cmsis/samd21/source/gcc/startup_samd21.o
 .ARM.attributes
                0x000003ce       0x32 src/ASF/sam0/utils/syscalls/gcc/syscalls.o
 .ARM.attributes
                0x00000400       0x32 src/main.o
 .ARM.attributes
                0x00000432       0x2c c:/program files (x86)/atmel/studio/7.0/toolchain/arm/arm-gnu-toolchain/bin/../lib/gcc/arm-none-eabi/6.3.1/../../../../arm-none-eabi/lib/thumb/v6-m\libm.a(lib_a-s_cos.o)
 .ARM.attributes
                0x0000045e       0x2c c:/program files (x86)/atmel/studio/7.0/toolchain/arm/arm-gnu-toolchain/bin/../lib/gcc/arm-none-eabi/6.3.1/../../../../arm-none-eabi/lib/thumb/v6-m\libm.a(lib_a-s_sin.o)
 .ARM.attributes
                0x0000048a       0x2c c:/program files (x86)/atmel/studio/7.0/toolchain/arm/arm-gnu-toolchain/bin/../lib/gcc/arm-none-eabi/6.3.1/../../../../arm-none-eabi/lib/thumb/v6-m\libm.a(lib_a-e_rem_pio2.o)
 .ARM.attributes
                0x000004b6       0x2c c:/program files (x86)/atmel/studio/7.0/toolchain/arm/arm-gnu-toolchain/bin/../lib/gcc/arm-none-eabi/6.3.1/../../../../arm-none-eabi/lib/thumb/v6-m\libm.a(lib_a-k_cos.o)
 .ARM.attributes
                0x000004e2       0x2c c:/program files (x86)/atmel/studio/7.0/toolchain/arm/arm-gnu-toolchain/bin/../lib/gcc/arm-none-eabi/6.3.1/../../../../arm-none-eabi/lib/thumb/v6-m\libm.a(lib_a-k_rem_pio2.o)
 .ARM.attributes
                0x0000050e       0x2c c:/program files (x86)/atmel/studio/7.0/toolchain/arm/arm-gnu-toolchain/bin/../lib/gcc/arm-none-eabi/6.3.1/../../../../arm-none-eabi/lib/thumb/v6-m\libm.a(lib_a-k_sin.o)
 .ARM.attributes
                0x0000053a       0x2c c:/program files (x86)/atmel/studio/7.0/toolchain/arm/arm-gnu-toolchain/bin/../lib/gcc/arm-none-eabi/6.3.1/../../../../arm-none-eabi/lib/thumb/v6-m\libm.a(lib_a-s_fabs.o)
 .ARM.attributes
                0x00000566       0x2c c:/program files (x86)/atmel/studio/7.0/toolchain/arm/arm-gnu-toolchain/bin/../lib/gcc/arm-none-eabi/6.3.1/../../../../arm-none-eabi/lib/thumb/v6-m\libm.a(lib_a-s_floor.o)
 .ARM.attributes
                0x00000592       0x2c c:/program files (x86)/atmel/studio/7.0/toolchain/arm/arm-gnu-toolchain/bin/../lib/gcc/arm-none-eabi/6.3.1/../../../../arm-none-eabi/lib/thumb/v6-m\libm.a(lib_a-s_scalbn.o)
 .ARM.attributes
                0x000005be       0x2c c:/program files (x86)/atmel/studio/7.0/toolchain/arm/arm-gnu-toolchain/bin/../lib/gcc/arm-none-eabi/6.3.1/../../../../arm-none-eabi/lib/thumb/v6-m\libm.a(lib_a-s_copysign.o)
 .ARM.attributes
                0x000005ea       0x1e c:/program files (x86)/atmel/studio/7.0/toolchain/arm/arm-gnu-toolchain/bin/../lib/gcc/arm-none-eabi/6.3.1/thumb/v6-m\libgcc.a(_udivsi3.o)
 .ARM.attributes
                0x00000608       0x1e c:/program files (x86)/atmel/studio/7.0/toolchain/arm/arm-gnu-toolchain/bin/../lib/gcc/arm-none-eabi/6.3.1/thumb/v6-m\libgcc.a(_divsi3.o)
 .ARM.attributes
                0x00000626       0x1e c:/program files (x86)/atmel/studio/7.0/toolchain/arm/arm-gnu-toolchain/bin/../lib/gcc/arm-none-eabi/6.3.1/thumb/v6-m\libgcc.a(_dvmd_tls.o)
 .ARM.attributes
                0x00000644       0x1e c:/program files (x86)/atmel/studio/7.0/toolchain/arm/arm-gnu-toolchain/bin/../lib/gcc/arm-none-eabi/6.3.1/thumb/v6-m\libgcc.a(_arm_cmpdf2.o)
 .ARM.attributes
                0x00000662       0x1e c:/program files (x86)/atmel/studio/7.0/toolchain/arm/arm-gnu-toolchain/bin/../lib/gcc/arm-none-eabi/6.3.1/thumb/v6-m\libgcc.a(_arm_cmpsf2.o)
 .ARM.attributes
                0x00000680       0x2c c:/program files (x86)/atmel/studio/7.0/toolchain/arm/arm-gnu-toolchain/bin/../lib/gcc/arm-none-eabi/6.3.1/thumb/v6-m\libgcc.a(_muldi3.o)
 .ARM.attributes
                0x000006ac       0x2c c:/program files (x86)/atmel/studio/7.0/toolchain/arm/arm-gnu-toolchain/bin/../lib/gcc/arm-none-eabi/6.3.1/thumb/v6-m\libgcc.a(_fixunssfsi.o)
 .ARM.attributes
                0x000006d8       0x2c c:/program files (x86)/atmel/studio/7.0/toolchain/arm/arm-gnu-toolchain/bin/../lib/gcc/arm-none-eabi/6.3.1/thumb/v6-m\libgcc.a(addsf3.o)
 .ARM.attributes
                0x00000704       0x2c c:/program files (x86)/atmel/studio/7.0/toolchain/arm/arm-gnu-toolchain/bin/../lib/gcc/arm-none-eabi/6.3.1/thumb/v6-m\libgcc.a(eqsf2.o)
 .ARM.attributes
                0x00000730       0x2c c:/program files (x86)/atmel/studio/7.0/toolchain/arm/arm-gnu-toolchain/bin/../lib/gcc/arm-none-eabi/6.3.1/thumb/v6-m\libgcc.a(gesf2.o)
 .ARM.attributes
                0x0000075c       0x2c c:/program files (x86)/atmel/studio/7.0/toolchain/arm/arm-gnu-toolchain/bin/../lib/gcc/arm-none-eabi/6.3.1/thumb/v6-m\libgcc.a(lesf2.o)
 .ARM.attributes
                0x00000788       0x2c c:/program files (x86)/atmel/studio/7.0/toolchain/arm/arm-gnu-toolchain/bin/../lib/gcc/arm-none-eabi/6.3.1/thumb/v6-m\libgcc.a(mulsf3.o)
 .ARM.attributes
                0x000007b4       0x2c c:/program files (x86)/atmel/studio/7.0/toolchain/arm/arm-gnu-toolchain/bin/../lib/gcc/arm-none-eabi/6.3.1/thumb/v6-m\libgcc.a(subsf3.o)
 .ARM.attributes
                0x000007e0       0x2c c:/program files (x86)/atmel/studio/7.0/toolchain/arm/arm-gnu-toolchain/bin/../lib/gcc/arm-none-eabi/6.3.1/thumb/v6-m\libgcc.a(fixsfsi.o)
 .ARM.attributes
                0x0000080c       0x2c c:/program files (x86)/atmel/studio/7.0/toolchain/arm/arm-gnu-toolchain/bin/../lib/gcc/arm-none-eabi/6.3.1/thumb/v6-m\libgcc.a(floatsisf.o)
 .ARM.attributes
                0x00000838       0x2c c:/program files (x86)/atmel/studio/7.0/toolchain/arm/arm-gnu-toolchain/bin/../lib/gcc/arm-none-eabi/6.3.1/thumb/v6-m\libgcc.a(floatunsisf.o)
 .ARM.attributes
                0x00000864       0x2c c:/program files (x86)/atmel/studio/7.0/toolchain/arm/arm-gnu-toolchain/bin/../lib/gcc/arm-none-eabi/6.3.1/thumb/v6-m\libgcc.a(adddf3.o)
 .ARM.attributes
                0x00000890       0x2c c:/program files (x86)/atmel/studio/7.0/toolchain/arm/arm-gnu-toolchain/bin/../lib/gcc/arm-none-eabi/6.3.1/thumb/v6-m\libgcc.a(divdf3.o)
 .ARM.attributes
                0x000008bc       0x2c c:/program files (x86)/atmel/studio/7.0/toolchain/arm/arm-gnu-toolchain/bin/../lib/gcc/arm-none-eabi/6.3.1/thumb/v6-m\libgcc.a(eqdf2.o)
 .ARM.attributes
                0x000008e8       0x2c c:/program files (x86)/atmel/studio/7.0/toolchain/arm/arm-gnu-toolchain/bin/../lib/gcc/arm-none-eabi/6.3.1/thumb/v6-m\libgcc.a(gedf2.o)
 .ARM.attributes
                0x00000914       0x2c c:/program files (x86)/atmel/studio/7.0/toolchain/arm/arm-gnu-toolchain/bin/../lib/gcc/arm-none-eabi/6.3.1/thumb/v6-m\libgcc.a(ledf2.o)
 .ARM.attributes
                0x00000940       0x2c c:/program files (x86)/atmel/studio/7.0/toolchain/arm/arm-gnu-toolchain/bin/../lib/gcc/arm-none-eabi/6.3.1/thumb/v6-m\libgcc.a(muldf3.o)
 .ARM.attributes
                0x0000096c       0x2c c:/program files (x86)/atmel/studio/7.0/toolchain/arm/arm-gnu-toolchain/bin/../lib/gcc/arm-none-eabi/6.3.1/thumb/v6-m\libgcc.a(subdf3.o)
 .ARM.attributes
                0x00000998       0x2c c:/program files (x86)/atmel/studio/7.0/toolchain/arm/arm-gnu-toolchain/bin/../lib/gcc/arm-none-eabi/6.3.1/thumb/v6-m\libgcc.a(fixdfsi.o)
 .ARM.attributes
                0x000009c4       0x2c c:/program files (x86)/atmel/studio/7.0/toolchain/arm/arm-gnu-toolchain/bin/../lib/gcc/arm-none-eabi/6.3.1/thumb/v6-m\libgcc.a(floatsidf.o)
 .ARM.attributes
                0x000009f0       0x2c c:/program files (x86)/atmel/studio/7.0/toolchain/arm/arm-gnu-toolchain/bin/../lib/gcc/arm-none-eabi/6.3.1/thumb/v6-m\libgcc.a(floatunsidf.o)
 .ARM.attributes
                0x00000a1c       0x2c c:/program files (x86)/atmel/studio/7.0/toolchain/arm/arm-gnu-toolchain/bin/../lib/gcc/arm-none-eabi/6.3.1/thumb/v6-m\libgcc.a(extendsfdf2.o)
 .ARM.attributes
                0x00000a48       0x2c c:/program files (x86)/atmel/studio/7.0/toolchain/arm/arm-gnu-toolchain/bin/../lib/gcc/arm-none-eabi/6.3.1/thumb/v6-m\libgcc.a(truncdfsf2.o)
 .ARM.attributes
                0x00000a74       0x1e c:/program files (x86)/atmel/studio/7.0/toolchain/arm/arm-gnu-toolchain/bin/../lib/gcc/arm-none-eabi/6.3.1/thumb/v6-m\libgcc.a(_clzsi2.o)
 .ARM.attributes
                0x00000a92       0x2c c:/program files (x86)/atmel/studio/7.0/toolchain/arm/arm-gnu-toolchain/bin/../lib/gcc/arm-none-eabi/6.3.1/../../../../arm-none-eabi/lib/thumb/v6-m\libc_nano.a(lib_a-impure.o)
 .ARM.attributes
                0x00000abe       0x2c c:/program files (x86)/atmel/studio/7.0/toolchain/arm/arm-gnu-toolchain/bin/../lib/gcc/arm-none-eabi/6.3.1/../../../../arm-none-eabi/lib/thumb/v6-m\libc_nano.a(lib_a-init.o)
 .ARM.attributes
                0x00000aea       0x2c c:/program files (x86)/atmel/studio/7.0/toolchain/arm/arm-gnu-toolchain/bin/../lib/gcc/arm-none-eabi/6.3.1/../../../../arm-none-eabi/lib/thumb/v6-m\libc_nano.a(lib_a-random.o)
 .ARM.attributes
                0x00000b16       0x2c c:/program files (x86)/atmel/studio/7.0/toolchain/arm/arm-gnu-toolchain/bin/../lib/gcc/arm-none-eabi/6.3.1/../../../../arm-none-eabi/lib/thumb/v6-m\libc_nano.a(lib_a-malloc.o)
 .ARM.attributes
                0x00000b42       0x2c c:/program files (x86)/atmel/studio/7.0/toolchain/arm/arm-gnu-toolchain/bin/../lib/gcc/arm-none-eabi/6.3.1/../../../../arm-none-eabi/lib/thumb/v6-m\libc_nano.a(lib_a-nano-mallocr.o)
 .ARM.attributes
                0x00000b6e       0x2c c:/program files (x86)/atmel/studio/7.0/toolchain/arm/arm-gnu-toolchain/bin/../lib/gcc/arm-none-eabi/6.3.1/../../../../arm-none-eabi/lib/thumb/v6-m\libc_nano.a(lib_a-sbrkr.o)
 .ARM.attributes
                0x00000b9a       0x2c c:/program files (x86)/atmel/studio/7.0/toolchain/arm/arm-gnu-toolchain/bin/../lib/gcc/arm-none-eabi/6.3.1/../../../../arm-none-eabi/lib/thumb/v6-m\libc_nano.a(lib_a-mlock.o)
 .ARM.attributes
                0x00000bc6       0x2c c:/program files (x86)/atmel/studio/7.0/toolchain/arm/arm-gnu-toolchain/bin/../lib/gcc/arm-none-eabi/6.3.1/../../../../arm-none-eabi/lib/thumb/v6-m\libc_nano.a(lib_a-reent.o)
 .ARM.attributes
                0x00000bf2       0x1e c:/program files (x86)/atmel/studio/7.0/toolchain/arm/arm-gnu-toolchain/bin/../lib/gcc/arm-none-eabi/6.3.1/thumb/v6-m/crtn.o

.comment        0x00000000       0x59
 .comment       0x00000000       0x59 src/ASF/sam0/drivers/extint/extint_callback.o
                                 0x5a (size before relaxing)
 .comment       0x00000059       0x5a src/ASF/sam0/drivers/extint/extint_sam_d_r_h/extint.o
 .comment       0x00000059       0x5a src/ASF/common2/boards/user_board/init.o
 .comment       0x00000059       0x5a src/ASF/common/utils/interrupt/interrupt_sam_nvic.o
 .comment       0x00000059       0x5a src/ASF/sam0/drivers/rtc/rtc_sam_d_r_h/rtc_calendar.o
 .comment       0x00000059       0x5a src/ASF/sam0/drivers/sercom/i2c/i2c_sam0/i2c_master.o
 .comment       0x00000059       0x5a src/ASF/sam0/drivers/sercom/i2c/i2c_sam0/i2c_master_interrupt.o
 .comment       0x00000059       0x5a src/ASF/sam0/drivers/sercom/sercom.o
 .comment       0x00000059       0x5a src/ASF/sam0/drivers/sercom/sercom_interrupt.o
 .comment       0x00000059       0x5a src/ASF/sam0/drivers/system/clock/clock_samd21_r21_da_ha1/clock.o
 .comment       0x00000059       0x5a src/ASF/sam0/drivers/system/clock/clock_samd21_r21_da_ha1/gclk.o
 .comment       0x00000059       0x5a src/ASF/sam0/drivers/system/pinmux/pinmux.o
 .comment       0x00000059       0x5a src/ASF/sam0/drivers/system/system.o
 .comment       0x00000059       0x5a src/ASF/sam0/drivers/tcc/tcc.o
 .comment       0x00000059       0x5a src/ASF/sam0/drivers/tcc/tcc_callback.o
 .comment       0x00000059       0x5a src/ASF/sam0/drivers/tc/tc_interrupt.o
 .comment       0x00000059       0x5a src/ASF/sam0/drivers/tc/tc_sam_d_r_h/tc.o
 .comment       0x00000059       0x5a src/ASF/sam0/utils/cmsis/samd21/source/gcc/startup_samd21.o
 .comment       0x00000059       0x5a src/ASF/sam0/utils/syscalls/gcc/syscalls.o
 .comment       0x00000059       0x5a src/main.o

.debug_info     0x00000000    0x3bd7c
 .debug_info    0x00000000     0x19a7 src/ASF/sam0/drivers/extint/extint_callback.o
 .debug_info    0x000019a7     0x2ad9 src/ASF/sam0/drivers/extint/extint_sam_d_r_h/extint.o
 .debug_info    0x00004480      0xab4 src/ASF/common2/boards/user_board/init.o
 .debug_info    0x00004f34      0xb07 src/ASF/common/utils/interrupt/interrupt_sam_nvic.o
 .debug_info    0x00005a3b     0x3335 src/ASF/sam0/drivers/rtc/rtc_sam_d_r_h/rtc_calendar.o
 .debug_info    0x00008d70     0x4f52 src/ASF/sam0/drivers/sercom/i2c/i2c_sam0/i2c_master.o
 .debug_info    0x0000dcc2     0x312d src/ASF/sam0/drivers/sercom/i2c/i2c_sam0/i2c_master_interrupt.o
 .debug_info    0x00010def     0x2dc7 src/ASF/sam0/drivers/sercom/sercom.o
 .debug_info    0x00013bb6     0x2b6f src/ASF/sam0/drivers/sercom/sercom_interrupt.o
 .debug_info    0x00016725     0x39c0 src/ASF/sam0/drivers/system/clock/clock_samd21_r21_da_ha1/clock.o
 .debug_info    0x0001a0e5     0x1ec7 src/ASF/sam0/drivers/system/clock/clock_samd21_r21_da_ha1/gclk.o
 .debug_info    0x0001bfac     0x13f3 src/ASF/sam0/drivers/system/pinmux/pinmux.o
 .debug_info    0x0001d39f      0xa73 src/ASF/sam0/drivers/system/system.o
 .debug_info    0x0001de12     0x4cde src/ASF/sam0/drivers/tcc/tcc.o
 .debug_info    0x00022af0     0x313b src/ASF/sam0/drivers/tcc/tcc_callback.o
 .debug_info    0x00025c2b     0x1b42 src/ASF/sam0/drivers/tc/tc_interrupt.o
 .debug_info    0x0002776d     0x2f58 src/ASF/sam0/drivers/tc/tc_sam_d_r_h/tc.o
 .debug_info    0x0002a6c5     0x3a3f src/ASF/sam0/utils/cmsis/samd21/source/gcc/startup_samd21.o
 .debug_info    0x0002e104      0xd98 src/ASF/sam0/utils/syscalls/gcc/syscalls.o
 .debug_info    0x0002ee9c     0xcee0 src/main.o

.debug_abbrev   0x00000000     0x48ae
 .debug_abbrev  0x00000000      0x333 src/ASF/sam0/drivers/extint/extint_callback.o
 .debug_abbrev  0x00000333      0x4b4 src/ASF/sam0/drivers/extint/extint_sam_d_r_h/extint.o
 .debug_abbrev  0x000007e7      0x1c3 src/ASF/common2/boards/user_board/init.o
 .debug_abbrev  0x000009aa      0x22c src/ASF/common/utils/interrupt/interrupt_sam_nvic.o
 .debug_abbrev  0x00000bd6      0x4c8 src/ASF/sam0/drivers/rtc/rtc_sam_d_r_h/rtc_calendar.o
 .debug_abbrev  0x0000109e      0x50c src/ASF/sam0/drivers/sercom/i2c/i2c_sam0/i2c_master.o
 .debug_abbrev  0x000015aa      0x427 src/ASF/sam0/drivers/sercom/i2c/i2c_sam0/i2c_master_interrupt.o
 .debug_abbrev  0x000019d1      0x378 src/ASF/sam0/drivers/sercom/sercom.o
 .debug_abbrev  0x00001d49      0x2da src/ASF/sam0/drivers/sercom/sercom_interrupt.o
 .debug_abbrev  0x00002023      0x493 src/ASF/sam0/drivers/system/clock/clock_samd21_r21_da_ha1/clock.o
 .debug_abbrev  0x000024b6      0x40d src/ASF/sam0/drivers/system/clock/clock_samd21_r21_da_ha1/gclk.o
 .debug_abbrev  0x000028c3      0x361 src/ASF/sam0/drivers/system/pinmux/pinmux.o
 .debug_abbrev  0x00002c24      0x1e1 src/ASF/sam0/drivers/system/system.o
 .debug_abbrev  0x00002e05      0x479 src/ASF/sam0/drivers/tcc/tcc.o
 .debug_abbrev  0x0000327e      0x3aa src/ASF/sam0/drivers/tcc/tcc_callback.o
 .debug_abbrev  0x00003628      0x2ff src/ASF/sam0/drivers/tc/tc_interrupt.o
 .debug_abbrev  0x00003927      0x444 src/ASF/sam0/drivers/tc/tc_sam_d_r_h/tc.o
 .debug_abbrev  0x00003d6b      0x234 src/ASF/sam0/utils/cmsis/samd21/source/gcc/startup_samd21.o
 .debug_abbrev  0x00003f9f      0x257 src/ASF/sam0/utils/syscalls/gcc/syscalls.o
 .debug_abbrev  0x000041f6      0x6b8 src/main.o

.debug_loc      0x00000000     0x91af
 .debug_loc     0x00000000      0x2ac src/ASF/sam0/drivers/extint/extint_callback.o
 .debug_loc     0x000002ac      0x41d src/ASF/sam0/drivers/extint/extint_sam_d_r_h/extint.o
 .debug_loc     0x000006c9      0x945 src/ASF/sam0/drivers/rtc/rtc_sam_d_r_h/rtc_calendar.o
 .debug_loc     0x0000100e      0xff8 src/ASF/sam0/drivers/sercom/i2c/i2c_sam0/i2c_master.o
 .debug_loc     0x00002006      0x7ec src/ASF/sam0/drivers/sercom/i2c/i2c_sam0/i2c_master_interrupt.o
 .debug_loc     0x000027f2      0x93e src/ASF/sam0/drivers/sercom/sercom.o
 .debug_loc     0x00003130      0x165 src/ASF/sam0/drivers/sercom/sercom_interrupt.o
 .debug_loc     0x00003295      0xf9d src/ASF/sam0/drivers/system/clock/clock_samd21_r21_da_ha1/clock.o
 .debug_loc     0x00004232      0x504 src/ASF/sam0/drivers/system/clock/clock_samd21_r21_da_ha1/gclk.o
 .debug_loc     0x00004736      0x36d src/ASF/sam0/drivers/system/pinmux/pinmux.o
 .debug_loc     0x00004aa3       0x20 src/ASF/sam0/drivers/system/system.o
 .debug_loc     0x00004ac3     0x15d2 src/ASF/sam0/drivers/tcc/tcc.o
 .debug_loc     0x00006095      0x245 src/ASF/sam0/drivers/tcc/tcc_callback.o
 .debug_loc     0x000062da      0x188 src/ASF/sam0/drivers/tc/tc_interrupt.o
 .debug_loc     0x00006462      0xdfd src/ASF/sam0/drivers/tc/tc_sam_d_r_h/tc.o
 .debug_loc     0x0000725f       0x40 src/ASF/sam0/utils/cmsis/samd21/source/gcc/startup_samd21.o
 .debug_loc     0x0000729f       0xef src/ASF/sam0/utils/syscalls/gcc/syscalls.o
 .debug_loc     0x0000738e     0x1e21 src/main.o

.debug_aranges  0x00000000      0x908
 .debug_aranges
                0x00000000       0x48 src/ASF/sam0/drivers/extint/extint_callback.o
 .debug_aranges
                0x00000048       0x50 src/ASF/sam0/drivers/extint/extint_sam_d_r_h/extint.o
 .debug_aranges
                0x00000098       0x20 src/ASF/common2/boards/user_board/init.o
 .debug_aranges
                0x000000b8       0x28 src/ASF/common/utils/interrupt/interrupt_sam_nvic.o
 .debug_aranges
                0x000000e0       0x78 src/ASF/sam0/drivers/rtc/rtc_sam_d_r_h/rtc_calendar.o
 .debug_aranges
                0x00000158       0xa0 src/ASF/sam0/drivers/sercom/i2c/i2c_sam0/i2c_master.o
 .debug_aranges
                0x000001f8       0x90 src/ASF/sam0/drivers/sercom/i2c/i2c_sam0/i2c_master_interrupt.o
 .debug_aranges
                0x00000288       0x48 src/ASF/sam0/drivers/sercom/sercom.o
 .debug_aranges
                0x000002d0       0x50 src/ASF/sam0/drivers/sercom/sercom_interrupt.o
 .debug_aranges
                0x00000320       0x78 src/ASF/sam0/drivers/system/clock/clock_samd21_r21_da_ha1/clock.o
 .debug_aranges
                0x00000398       0x80 src/ASF/sam0/drivers/system/clock/clock_samd21_r21_da_ha1/gclk.o
 .debug_aranges
                0x00000418       0x40 src/ASF/sam0/drivers/system/pinmux/pinmux.o
 .debug_aranges
                0x00000458       0x28 src/ASF/sam0/drivers/system/system.o
 .debug_aranges
                0x00000480       0xb0 src/ASF/sam0/drivers/tcc/tcc.o
 .debug_aranges
                0x00000530       0x58 src/ASF/sam0/drivers/tcc/tcc_callback.o
 .debug_aranges
                0x00000588       0x48 src/ASF/sam0/drivers/tc/tc_interrupt.o
 .debug_aranges
                0x000005d0       0x58 src/ASF/sam0/drivers/tc/tc_sam_d_r_h/tc.o
 .debug_aranges
                0x00000628       0x28 src/ASF/sam0/utils/cmsis/samd21/source/gcc/startup_samd21.o
 .debug_aranges
                0x00000650       0x60 src/ASF/sam0/utils/syscalls/gcc/syscalls.o
 .debug_aranges
                0x000006b0      0x258 src/main.o

.debug_ranges   0x00000000      0xc28
 .debug_ranges  0x00000000       0x90 src/ASF/sam0/drivers/extint/extint_callback.o
 .debug_ranges  0x00000090       0x40 src/ASF/sam0/drivers/extint/extint_sam_d_r_h/extint.o
 .debug_ranges  0x000000d0       0x10 src/ASF/common2/boards/user_board/init.o
 .debug_ranges  0x000000e0       0x18 src/ASF/common/utils/interrupt/interrupt_sam_nvic.o
 .debug_ranges  0x000000f8       0xb0 src/ASF/sam0/drivers/rtc/rtc_sam_d_r_h/rtc_calendar.o
 .debug_ranges  0x000001a8       0xa8 src/ASF/sam0/drivers/sercom/i2c/i2c_sam0/i2c_master.o
 .debug_ranges  0x00000250       0x98 src/ASF/sam0/drivers/sercom/i2c/i2c_sam0/i2c_master_interrupt.o
 .debug_ranges  0x000002e8       0x58 src/ASF/sam0/drivers/sercom/sercom.o
 .debug_ranges  0x00000340       0x40 src/ASF/sam0/drivers/sercom/sercom_interrupt.o
 .debug_ranges  0x00000380       0x68 src/ASF/sam0/drivers/system/clock/clock_samd21_r21_da_ha1/clock.o
 .debug_ranges  0x000003e8       0x88 src/ASF/sam0/drivers/system/clock/clock_samd21_r21_da_ha1/gclk.o
 .debug_ranges  0x00000470       0x30 src/ASF/sam0/drivers/system/pinmux/pinmux.o
 .debug_ranges  0x000004a0       0x18 src/ASF/sam0/drivers/system/system.o
 .debug_ranges  0x000004b8      0x188 src/ASF/sam0/drivers/tcc/tcc.o
 .debug_ranges  0x00000640       0x48 src/ASF/sam0/drivers/tcc/tcc_callback.o
 .debug_ranges  0x00000688       0x38 src/ASF/sam0/drivers/tc/tc_interrupt.o
 .debug_ranges  0x000006c0       0x98 src/ASF/sam0/drivers/tc/tc_sam_d_r_h/tc.o
 .debug_ranges  0x00000758       0x18 src/ASF/sam0/utils/cmsis/samd21/source/gcc/startup_samd21.o
 .debug_ranges  0x00000770       0x50 src/ASF/sam0/utils/syscalls/gcc/syscalls.o
 .debug_ranges  0x000007c0      0x468 src/main.o

.debug_macro    0x00000000     0x789f
 .debug_macro   0x00000000      0x50f src/ASF/sam0/drivers/extint/extint_callback.o
 .debug_macro   0x0000050f       0x19 src/ASF/sam0/drivers/extint/extint_callback.o
 .debug_macro   0x00000528      0x569 src/ASF/sam0/drivers/extint/extint_sam_d_r_h/extint.o
 .debug_macro   0x00000a91       0x2e src/ASF/sam0/drivers/extint/extint_sam_d_r_h/extint.o
 .debug_macro   0x00000abf       0x1f src/ASF/sam0/drivers/extint/extint_sam_d_r_h/extint.o
 .debug_macro   0x00000ade       0x16 src/ASF/sam0/drivers/extint/extint_sam_d_r_h/extint.o
 .debug_macro   0x00000af4      0x68b src/ASF/common2/boards/user_board/init.o
 .debug_macro   0x0000117f      0x2c3 src/ASF/common2/boards/user_board/init.o
 .debug_macro   0x00001442       0x7c src/ASF/common2/boards/user_board/init.o
 .debug_macro   0x000014be       0x11 src/ASF/common2/boards/user_board/init.o
 .debug_macro   0x000014cf      0x2aa src/ASF/common2/boards/user_board/init.o
 .debug_macro   0x00001779       0x7a src/ASF/common2/boards/user_board/init.o
 .debug_macro   0x000017f3       0x10 src/ASF/common2/boards/user_board/init.o
 .debug_macro   0x00001803       0x2d src/ASF/common2/boards/user_board/init.o
 .debug_macro   0x00001830       0x6c src/ASF/common2/boards/user_board/init.o
 .debug_macro   0x0000189c       0x8f src/ASF/common2/boards/user_board/init.o
 .debug_macro   0x0000192b      0x4ea src/ASF/common/utils/interrupt/interrupt_sam_nvic.o
 .debug_macro   0x00001e15      0x522 src/ASF/sam0/drivers/rtc/rtc_sam_d_r_h/rtc_calendar.o
 .debug_macro   0x00002337      0x599 src/ASF/sam0/drivers/sercom/i2c/i2c_sam0/i2c_master.o
 .debug_macro   0x000028d0       0x27 src/ASF/sam0/drivers/sercom/i2c/i2c_sam0/i2c_master.o
 .debug_macro   0x000028f7      0x595 src/ASF/sam0/drivers/sercom/i2c/i2c_sam0/i2c_master_interrupt.o
 .debug_macro   0x00002e8c      0x577 src/ASF/sam0/drivers/sercom/sercom.o
 .debug_macro   0x00003403      0x574 src/ASF/sam0/drivers/sercom/sercom_interrupt.o
 .debug_macro   0x00003977      0x569 src/ASF/sam0/drivers/system/clock/clock_samd21_r21_da_ha1/clock.o
 .debug_macro   0x00003ee0      0x520 src/ASF/sam0/drivers/system/clock/clock_samd21_r21_da_ha1/gclk.o
 .debug_macro   0x00004400      0x4fa src/ASF/sam0/drivers/system/pinmux/pinmux.o
 .debug_macro   0x000048fa       0x12 src/ASF/sam0/drivers/system/pinmux/pinmux.o
 .debug_macro   0x0000490c      0x52d src/ASF/sam0/drivers/system/system.o
 .debug_macro   0x00004e39      0x631 src/ASF/sam0/drivers/tcc/tcc.o
 .debug_macro   0x0000546a       0x19 src/ASF/sam0/drivers/tcc/tcc.o
 .debug_macro   0x00005483       0x74 src/ASF/sam0/drivers/tcc/tcc.o
 .debug_macro   0x000054f7      0x564 src/ASF/sam0/drivers/tcc/tcc_callback.o
 .debug_macro   0x00005a5b      0x557 src/ASF/sam0/drivers/tc/tc_interrupt.o
 .debug_macro   0x00005fb2       0x19 src/ASF/sam0/drivers/tc/tc_interrupt.o
 .debug_macro   0x00005fcb       0x51 src/ASF/sam0/drivers/tc/tc_interrupt.o
 .debug_macro   0x0000601c      0x573 src/ASF/sam0/drivers/tc/tc_sam_d_r_h/tc.o
 .debug_macro   0x0000658f      0x2d1 src/ASF/sam0/utils/cmsis/samd21/source/gcc/startup_samd21.o
 .debug_macro   0x00006860       0x3a src/ASF/sam0/utils/cmsis/samd21/source/gcc/startup_samd21.o
 .debug_macro   0x0000689a      0x1d6 src/ASF/sam0/utils/syscalls/gcc/syscalls.o
 .debug_macro   0x00006a70       0x52 src/ASF/sam0/utils/syscalls/gcc/syscalls.o
 .debug_macro   0x00006ac2       0x8d src/ASF/sam0/utils/syscalls/gcc/syscalls.o
 .debug_macro   0x00006b4f       0x57 src/ASF/sam0/utils/syscalls/gcc/syscalls.o
 .debug_macro   0x00006ba6       0x97 src/ASF/sam0/utils/syscalls/gcc/syscalls.o
 .debug_macro   0x00006c3d       0xf6 src/ASF/sam0/utils/syscalls/gcc/syscalls.o
 .debug_macro   0x00006d33       0x4c src/ASF/sam0/utils/syscalls/gcc/syscalls.o
 .debug_macro   0x00006d7f       0x16 src/ASF/sam0/utils/syscalls/gcc/syscalls.o
 .debug_macro   0x00006d95       0x10 src/ASF/sam0/utils/syscalls/gcc/syscalls.o
 .debug_macro   0x00006da5       0x10 src/ASF/sam0/utils/syscalls/gcc/syscalls.o
 .debug_macro   0x00006db5       0x35 src/ASF/sam0/utils/syscalls/gcc/syscalls.o
 .debug_macro   0x00006dea      0x122 src/ASF/sam0/utils/syscalls/gcc/syscalls.o
 .debug_macro   0x00006f0c      0x708 src/main.o
 .debug_macro   0x00007614      0x1e1 src/main.o
 .debug_macro   0x000077f5       0x16 src/main.o
 .debug_macro   0x0000780b       0x16 src/main.o
 .debug_macro   0x00007821       0x10 src/main.o
 .debug_macro   0x00007831       0x58 src/main.o
 .debug_macro   0x00007889       0x16 src/main.o

.debug_line     0x00000000     0xeaf3
 .debug_line    0x00000000      0x9ae src/ASF/sam0/drivers/extint/extint_callback.o
 .debug_line    0x000009ae      0xc09 src/ASF/sam0/drivers/extint/extint_sam_d_r_h/extint.o
 .debug_line    0x000015b7      0xd8d src/ASF/common2/boards/user_board/init.o
 .debug_line    0x00002344      0x8ab src/ASF/common/utils/interrupt/interrupt_sam_nvic.o
 .debug_line    0x00002bef      0xb74 src/ASF/sam0/drivers/rtc/rtc_sam_d_r_h/rtc_calendar.o
 .debug_line    0x00003763      0xe2f src/ASF/sam0/drivers/sercom/i2c/i2c_sam0/i2c_master.o
 .debug_line    0x00004592      0xdaa src/ASF/sam0/drivers/sercom/i2c/i2c_sam0/i2c_master_interrupt.o
 .debug_line    0x0000533c      0xb92 src/ASF/sam0/drivers/sercom/sercom.o
 .debug_line    0x00005ece      0xb2a src/ASF/sam0/drivers/sercom/sercom_interrupt.o
 .debug_line    0x000069f8      0xcab src/ASF/sam0/drivers/system/clock/clock_samd21_r21_da_ha1/clock.o
 .debug_line    0x000076a3      0xc54 src/ASF/sam0/drivers/system/clock/clock_samd21_r21_da_ha1/gclk.o
 .debug_line    0x000082f7      0x925 src/ASF/sam0/drivers/system/pinmux/pinmux.o
 .debug_line    0x00008c1c      0x9cf src/ASF/sam0/drivers/system/system.o
 .debug_line    0x000095eb      0xe32 src/ASF/sam0/drivers/tcc/tcc.o
 .debug_line    0x0000a41d      0xa95 src/ASF/sam0/drivers/tcc/tcc_callback.o
 .debug_line    0x0000aeb2      0xa5e src/ASF/sam0/drivers/tc/tc_interrupt.o
 .debug_line    0x0000b910      0xd73 src/ASF/sam0/drivers/tc/tc_sam_d_r_h/tc.o
 .debug_line    0x0000c683      0x62a src/ASF/sam0/utils/cmsis/samd21/source/gcc/startup_samd21.o
 .debug_line    0x0000ccad      0x409 src/ASF/sam0/utils/syscalls/gcc/syscalls.o
 .debug_line    0x0000d0b6     0x1a3d src/main.o

.debug_str      0x00000000    0x89c83
 .debug_str     0x00000000    0x7c31e src/ASF/sam0/drivers/extint/extint_callback.o
                              0x7cc7b (size before relaxing)
 .debug_str     0x0007c31e     0x107a src/ASF/sam0/drivers/extint/extint_sam_d_r_h/extint.o
                              0x7dc2a (size before relaxing)
 .debug_str     0x0007d398     0x27b7 src/ASF/common2/boards/user_board/init.o
                              0x7ee9c (size before relaxing)
 .debug_str     0x0007fb4f       0x94 src/ASF/common/utils/interrupt/interrupt_sam_nvic.o
                              0x7c438 (size before relaxing)
 .debug_str     0x0007fbe3      0x84c src/ASF/sam0/drivers/rtc/rtc_sam_d_r_h/rtc_calendar.o
                              0x7e4ff (size before relaxing)
 .debug_str     0x0008042f     0x1064 src/ASF/sam0/drivers/sercom/i2c/i2c_sam0/i2c_master.o
                              0x7e8ca (size before relaxing)
 .debug_str     0x00081493      0x248 src/ASF/sam0/drivers/sercom/i2c/i2c_sam0/i2c_master_interrupt.o
                              0x7d8e2 (size before relaxing)
 .debug_str     0x000816db      0x367 src/ASF/sam0/drivers/sercom/sercom.o
                              0x7d987 (size before relaxing)
 .debug_str     0x00081a42      0x158 src/ASF/sam0/drivers/sercom/sercom_interrupt.o
                              0x7d78a (size before relaxing)
 .debug_str     0x00081b9a     0x1795 src/ASF/sam0/drivers/system/clock/clock_samd21_r21_da_ha1/clock.o
                              0x7f6c7 (size before relaxing)
 .debug_str     0x0008332f      0x1d9 src/ASF/sam0/drivers/system/clock/clock_samd21_r21_da_ha1/gclk.o
                              0x7d0fb (size before relaxing)
 .debug_str     0x00083508      0x340 src/ASF/sam0/drivers/system/pinmux/pinmux.o
                              0x7c8da (size before relaxing)
 .debug_str     0x00083848       0x47 src/ASF/sam0/drivers/system/system.o
                              0x7c515 (size before relaxing)
 .debug_str     0x0008388f     0x23a1 src/ASF/sam0/drivers/tcc/tcc.o
                              0x7f8ec (size before relaxing)
 .debug_str     0x00085c30      0x1b0 src/ASF/sam0/drivers/tcc/tcc_callback.o
                              0x7dd53 (size before relaxing)
 .debug_str     0x00085de0      0x2dd src/ASF/sam0/drivers/tc/tc_interrupt.o
                              0x7d189 (size before relaxing)
 .debug_str     0x000860bd      0x4fa src/ASF/sam0/drivers/tc/tc_sam_d_r_h/tc.o
                              0x7da8d (size before relaxing)
 .debug_str     0x000865b7      0xf01 src/ASF/sam0/utils/cmsis/samd21/source/gcc/startup_samd21.o
                              0x67912 (size before relaxing)
 .debug_str     0x000874b8      0x767 src/ASF/sam0/utils/syscalls/gcc/syscalls.o
                               0x73cd (size before relaxing)
 .debug_str     0x00087c1f     0x2064 src/main.o
                              0x85047 (size before relaxing)

.debug_frame    0x00000000     0x1f40
 .debug_frame   0x00000000       0x7c src/ASF/sam0/drivers/extint/extint_callback.o
 .debug_frame   0x0000007c       0xb8 src/ASF/sam0/drivers/extint/extint_sam_d_r_h/extint.o
 .debug_frame   0x00000134       0x20 src/ASF/common2/boards/user_board/init.o
 .debug_frame   0x00000154       0x30 src/ASF/common/utils/interrupt/interrupt_sam_nvic.o
 .debug_frame   0x00000184      0x130 src/ASF/sam0/drivers/rtc/rtc_sam_d_r_h/rtc_calendar.o
 .debug_frame   0x000002b4      0x1f0 src/ASF/sam0/drivers/sercom/i2c/i2c_sam0/i2c_master.o
 .debug_frame   0x000004a4      0x170 src/ASF/sam0/drivers/sercom/i2c/i2c_sam0/i2c_master_interrupt.o
 .debug_frame   0x00000614       0xbc src/ASF/sam0/drivers/sercom/sercom.o
 .debug_frame   0x000006d0       0xb8 src/ASF/sam0/drivers/sercom/sercom_interrupt.o
 .debug_frame   0x00000788      0x158 src/ASF/sam0/drivers/system/clock/clock_samd21_r21_da_ha1/clock.o
 .debug_frame   0x000008e0      0x148 src/ASF/sam0/drivers/system/clock/clock_samd21_r21_da_ha1/gclk.o
 .debug_frame   0x00000a28       0x98 src/ASF/sam0/drivers/system/pinmux/pinmux.o
 .debug_frame   0x00000ac0       0x38 src/ASF/sam0/drivers/system/system.o
 .debug_frame   0x00000af8      0x21c src/ASF/sam0/drivers/tcc/tcc.o
 .debug_frame   0x00000d14       0xd4 src/ASF/sam0/drivers/tcc/tcc_callback.o
 .debug_frame   0x00000de8       0x94 src/ASF/sam0/drivers/tc/tc_interrupt.o
 .debug_frame   0x00000e7c       0xb4 src/ASF/sam0/drivers/tc/tc_sam_d_r_h/tc.o
 .debug_frame   0x00000f30       0x40 src/ASF/sam0/utils/cmsis/samd21/source/gcc/startup_samd21.o
 .debug_frame   0x00000f70       0xa0 src/ASF/sam0/utils/syscalls/gcc/syscalls.o
 .debug_frame   0x00001010      0x708 src/main.o
 .debug_frame   0x00001718       0x2c c:/program files (x86)/atmel/studio/7.0/toolchain/arm/arm-gnu-toolchain/bin/../lib/gcc/arm-none-eabi/6.3.1/../../../../arm-none-eabi/lib/thumb/v6-m\libm.a(lib_a-s_cos.o)
 .debug_frame   0x00001744       0x2c c:/program files (x86)/atmel/studio/7.0/toolchain/arm/arm-gnu-toolchain/bin/../lib/gcc/arm-none-eabi/6.3.1/../../../../arm-none-eabi/lib/thumb/v6-m\libm.a(lib_a-s_sin.o)
 .debug_frame   0x00001770       0x3c c:/program files (x86)/atmel/studio/7.0/toolchain/arm/arm-gnu-toolchain/bin/../lib/gcc/arm-none-eabi/6.3.1/../../../../arm-none-eabi/lib/thumb/v6-m\libm.a(lib_a-e_rem_pio2.o)
 .debug_frame   0x000017ac       0x38 c:/program files (x86)/atmel/studio/7.0/toolchain/arm/arm-gnu-toolchain/bin/../lib/gcc/arm-none-eabi/6.3.1/../../../../arm-none-eabi/lib/thumb/v6-m\libm.a(lib_a-k_cos.o)
 .debug_frame   0x000017e4       0x3c c:/program files (x86)/atmel/studio/7.0/toolchain/arm/arm-gnu-toolchain/bin/../lib/gcc/arm-none-eabi/6.3.1/../../../../arm-none-eabi/lib/thumb/v6-m\libm.a(lib_a-k_rem_pio2.o)
 .debug_frame   0x00001820       0x38 c:/program files (x86)/atmel/studio/7.0/toolchain/arm/arm-gnu-toolchain/bin/../lib/gcc/arm-none-eabi/6.3.1/../../../../arm-none-eabi/lib/thumb/v6-m\libm.a(lib_a-k_sin.o)
 .debug_frame   0x00001858       0x20 c:/program files (x86)/atmel/studio/7.0/toolchain/arm/arm-gnu-toolchain/bin/../lib/gcc/arm-none-eabi/6.3.1/../../../../arm-none-eabi/lib/thumb/v6-m\libm.a(lib_a-s_fabs.o)
 .debug_frame   0x00001878       0x3c c:/program files (x86)/atmel/studio/7.0/toolchain/arm/arm-gnu-toolchain/bin/../lib/gcc/arm-none-eabi/6.3.1/../../../../arm-none-eabi/lib/thumb/v6-m\libm.a(lib_a-s_floor.o)
 .debug_frame   0x000018b4       0x2c c:/program files (x86)/atmel/studio/7.0/toolchain/arm/arm-gnu-toolchain/bin/../lib/gcc/arm-none-eabi/6.3.1/../../../../arm-none-eabi/lib/thumb/v6-m\libm.a(lib_a-s_scalbn.o)
 .debug_frame   0x000018e0       0x2c c:/program files (x86)/atmel/studio/7.0/toolchain/arm/arm-gnu-toolchain/bin/../lib/gcc/arm-none-eabi/6.3.1/../../../../arm-none-eabi/lib/thumb/v6-m\libm.a(lib_a-s_copysign.o)
 .debug_frame   0x0000190c       0x20 c:/program files (x86)/atmel/studio/7.0/toolchain/arm/arm-gnu-toolchain/bin/../lib/gcc/arm-none-eabi/6.3.1/thumb/v6-m\libgcc.a(_udivsi3.o)
 .debug_frame   0x0000192c       0x20 c:/program files (x86)/atmel/studio/7.0/toolchain/arm/arm-gnu-toolchain/bin/../lib/gcc/arm-none-eabi/6.3.1/thumb/v6-m\libgcc.a(_divsi3.o)
 .debug_frame   0x0000194c       0x34 c:/program files (x86)/atmel/studio/7.0/toolchain/arm/arm-gnu-toolchain/bin/../lib/gcc/arm-none-eabi/6.3.1/thumb/v6-m\libgcc.a(_muldi3.o)
 .debug_frame   0x00001980       0x28 c:/program files (x86)/atmel/studio/7.0/toolchain/arm/arm-gnu-toolchain/bin/../lib/gcc/arm-none-eabi/6.3.1/thumb/v6-m\libgcc.a(_fixunssfsi.o)
 .debug_frame   0x000019a8       0x34 c:/program files (x86)/atmel/studio/7.0/toolchain/arm/arm-gnu-toolchain/bin/../lib/gcc/arm-none-eabi/6.3.1/thumb/v6-m\libgcc.a(addsf3.o)
 .debug_frame   0x000019dc       0x2c c:/program files (x86)/atmel/studio/7.0/toolchain/arm/arm-gnu-toolchain/bin/../lib/gcc/arm-none-eabi/6.3.1/thumb/v6-m\libgcc.a(eqsf2.o)
 .debug_frame   0x00001a08       0x30 c:/program files (x86)/atmel/studio/7.0/toolchain/arm/arm-gnu-toolchain/bin/../lib/gcc/arm-none-eabi/6.3.1/thumb/v6-m\libgcc.a(gesf2.o)
 .debug_frame   0x00001a38       0x30 c:/program files (x86)/atmel/studio/7.0/toolchain/arm/arm-gnu-toolchain/bin/../lib/gcc/arm-none-eabi/6.3.1/thumb/v6-m\libgcc.a(lesf2.o)
 .debug_frame   0x00001a68       0x3c c:/program files (x86)/atmel/studio/7.0/toolchain/arm/arm-gnu-toolchain/bin/../lib/gcc/arm-none-eabi/6.3.1/thumb/v6-m\libgcc.a(mulsf3.o)
 .debug_frame   0x00001aa4       0x38 c:/program files (x86)/atmel/studio/7.0/toolchain/arm/arm-gnu-toolchain/bin/../lib/gcc/arm-none-eabi/6.3.1/thumb/v6-m\libgcc.a(subsf3.o)
 .debug_frame   0x00001adc       0x20 c:/program files (x86)/atmel/studio/7.0/toolchain/arm/arm-gnu-toolchain/bin/../lib/gcc/arm-none-eabi/6.3.1/thumb/v6-m\libgcc.a(fixsfsi.o)
 .debug_frame   0x00001afc       0x2c c:/program files (x86)/atmel/studio/7.0/toolchain/arm/arm-gnu-toolchain/bin/../lib/gcc/arm-none-eabi/6.3.1/thumb/v6-m\libgcc.a(floatsisf.o)
 .debug_frame   0x00001b28       0x28 c:/program files (x86)/atmel/studio/7.0/toolchain/arm/arm-gnu-toolchain/bin/../lib/gcc/arm-none-eabi/6.3.1/thumb/v6-m\libgcc.a(floatunsisf.o)
 .debug_frame   0x00001b50       0x3c c:/program files (x86)/atmel/studio/7.0/toolchain/arm/arm-gnu-toolchain/bin/../lib/gcc/arm-none-eabi/6.3.1/thumb/v6-m\libgcc.a(adddf3.o)
 .debug_frame   0x00001b8c       0x3c c:/program files (x86)/atmel/studio/7.0/toolchain/arm/arm-gnu-toolchain/bin/../lib/gcc/arm-none-eabi/6.3.1/thumb/v6-m\libgcc.a(divdf3.o)
 .debug_frame   0x00001bc8       0x38 c:/program files (x86)/atmel/studio/7.0/toolchain/arm/arm-gnu-toolchain/bin/../lib/gcc/arm-none-eabi/6.3.1/thumb/v6-m\libgcc.a(eqdf2.o)
 .debug_frame   0x00001c00       0x38 c:/program files (x86)/atmel/studio/7.0/toolchain/arm/arm-gnu-toolchain/bin/../lib/gcc/arm-none-eabi/6.3.1/thumb/v6-m\libgcc.a(gedf2.o)
 .debug_frame   0x00001c38       0x38 c:/program files (x86)/atmel/studio/7.0/toolchain/arm/arm-gnu-toolchain/bin/../lib/gcc/arm-none-eabi/6.3.1/thumb/v6-m\libgcc.a(ledf2.o)
 .debug_frame   0x00001c70       0x3c c:/program files (x86)/atmel/studio/7.0/toolchain/arm/arm-gnu-toolchain/bin/../lib/gcc/arm-none-eabi/6.3.1/thumb/v6-m\libgcc.a(muldf3.o)
 .debug_frame   0x00001cac       0x38 c:/program files (x86)/atmel/studio/7.0/toolchain/arm/arm-gnu-toolchain/bin/../lib/gcc/arm-none-eabi/6.3.1/thumb/v6-m\libgcc.a(subdf3.o)
 .debug_frame   0x00001ce4       0x2c c:/program files (x86)/atmel/studio/7.0/toolchain/arm/arm-gnu-toolchain/bin/../lib/gcc/arm-none-eabi/6.3.1/thumb/v6-m\libgcc.a(fixdfsi.o)
 .debug_frame   0x00001d10       0x2c c:/program files (x86)/atmel/studio/7.0/toolchain/arm/arm-gnu-toolchain/bin/../lib/gcc/arm-none-eabi/6.3.1/thumb/v6-m\libgcc.a(floatsidf.o)
 .debug_frame   0x00001d3c       0x28 c:/program files (x86)/atmel/studio/7.0/toolchain/arm/arm-gnu-toolchain/bin/../lib/gcc/arm-none-eabi/6.3.1/thumb/v6-m\libgcc.a(floatunsidf.o)
 .debug_frame   0x00001d64       0x2c c:/program files (x86)/atmel/studio/7.0/toolchain/arm/arm-gnu-toolchain/bin/../lib/gcc/arm-none-eabi/6.3.1/thumb/v6-m\libgcc.a(extendsfdf2.o)
 .debug_frame   0x00001d90       0x30 c:/program files (x86)/atmel/studio/7.0/toolchain/arm/arm-gnu-toolchain/bin/../lib/gcc/arm-none-eabi/6.3.1/thumb/v6-m\libgcc.a(truncdfsf2.o)
 .debug_frame   0x00001dc0       0x2c c:/program files (x86)/atmel/studio/7.0/toolchain/arm/arm-gnu-toolchain/bin/../lib/gcc/arm-none-eabi/6.3.1/../../../../arm-none-eabi/lib/thumb/v6-m\libc_nano.a(lib_a-init.o)
 .debug_frame   0x00001dec       0x44 c:/program files (x86)/atmel/studio/7.0/toolchain/arm/arm-gnu-toolchain/bin/../lib/gcc/arm-none-eabi/6.3.1/../../../../arm-none-eabi/lib/thumb/v6-m\libc_nano.a(lib_a-random.o)
 .debug_frame   0x00001e30       0x40 c:/program files (x86)/atmel/studio/7.0/toolchain/arm/arm-gnu-toolchain/bin/../lib/gcc/arm-none-eabi/6.3.1/../../../../arm-none-eabi/lib/thumb/v6-m\libc_nano.a(lib_a-malloc.o)
 .debug_frame   0x00001e70       0x2c c:/program files (x86)/atmel/studio/7.0/toolchain/arm/arm-gnu-toolchain/bin/../lib/gcc/arm-none-eabi/6.3.1/../../../../arm-none-eabi/lib/thumb/v6-m\libc_nano.a(lib_a-nano-mallocr.o)
 .debug_frame   0x00001e9c       0x2c c:/program files (x86)/atmel/studio/7.0/toolchain/arm/arm-gnu-toolchain/bin/../lib/gcc/arm-none-eabi/6.3.1/../../../../arm-none-eabi/lib/thumb/v6-m\libc_nano.a(lib_a-sbrkr.o)
 .debug_frame   0x00001ec8       0x30 c:/program files (x86)/atmel/studio/7.0/toolchain/arm/arm-gnu-toolchain/bin/../lib/gcc/arm-none-eabi/6.3.1/../../../../arm-none-eabi/lib/thumb/v6-m\libc_nano.a(lib_a-mlock.o)
 .debug_frame   0x00001ef8       0x48 c:/program files (x86)/atmel/studio/7.0/toolchain/arm/arm-gnu-toolchain/bin/../lib/gcc/arm-none-eabi/6.3.1/../../../../arm-none-eabi/lib/thumb/v6-m\libc_nano.a(lib_a-reent.o)

Cross Reference Table

Symbol                                            File
AC_Handler                                        src/ASF/sam0/utils/cmsis/samd21/source/gcc/startup_samd21.o
ADC_Handler                                       src/ASF/sam0/utils/cmsis/samd21/source/gcc/startup_samd21.o
DAC_Handler                                       src/ASF/sam0/utils/cmsis/samd21/source/gcc/startup_samd21.o
DMAC_Handler                                      src/ASF/sam0/utils/cmsis/samd21/source/gcc/startup_samd21.o
Dummy_Handler                                     src/ASF/sam0/utils/cmsis/samd21/source/gcc/startup_samd21.o
EIC_Handler                                       src/ASF/sam0/drivers/extint/extint_callback.o
EVSYS_Handler                                     src/ASF/sam0/utils/cmsis/samd21/source/gcc/startup_samd21.o
HardFault_Handler                                 src/ASF/sam0/utils/cmsis/samd21/source/gcc/startup_samd21.o