Archive member included to satisfy reference by file (symbol)

c:/program files (x86)/atmel/studio/7.0/toolchain/arm/arm-gnu-toolchain/bin/../lib/gcc/arm-none-eabi/6.3.1/../../../../arm-none-eabi/lib/thumb/v6-m\libm.a(lib_a-s_cos.o)
                              src/main.o (cos)
c:/program files (x86)/atmel/studio/7.0/toolchain/arm/arm-gnu-toolchain/bin/../lib/gcc/arm-none-eabi/6.3.1/../../../../arm-none-eabi/lib/thumb/v6-m\libm.a(lib_a-s_sin.o)
                              src/main.o (sin)
c:/program files (x86)/atmel/studio/7.0/toolchain/arm/arm-gnu-toolchain/bin/../lib/gcc/arm-none-eabi/6.3.1/../../../../arm-none-eabi/lib/thumb/v6-m\libm.a(lib_a-e_rem_pio2.o)
                              c:/program files (x86)/atmel/studio/7.0/toolchain/arm/arm-gnu-toolchain/bin/../lib/gcc/arm-none-eabi/6.3.1/../../../../arm-none-eabi/lib/thumb/v6-m\libm.a(lib_a-s_cos.o) (__ieee754_rem_pio2)
c:/program files (x86)/atmel/studio/7.0/toolchain/arm/arm-gnu-toolchain/bin/../lib/gcc/arm-none-eabi/6.3.1/../../../../arm-none-eabi/lib/thumb/v6-m\libm.a(lib_a-k_cos.o)
                              c:/program files (x86)/atmel/studio/7.0/toolchain/arm/arm-gnu-toolchain/bin/../lib/gcc/arm-none-eabi/6.3.1/../../../../arm-none-eabi/lib/thumb/v6-m\libm.a(lib_a-s_cos.o) (__kernel_cos)
c:/program files (x86)/atmel/studio/7.0/toolchain/arm/arm-gnu-toolchain/bin/../lib/gcc/arm-none-eabi/6.3.1/../../../../arm-none-eabi/lib/thumb/v6-m\libm.a(lib_a-k_rem_pio2.o)
                              c:/program files (x86)/atmel/studio/7.0/toolchain/arm/arm-gnu-toolchain/bin/../lib/gcc/arm-none-eabi/6.3.1/../../../../arm-none-eabi/lib/thumb/v6-m\libm.a(lib_a-e_rem_pio2.o) (__kernel_rem_pio2)
c:/program files (x86)/atmel/studio/7.0/toolchain/arm/arm-gnu-toolchain/bin/../lib/gcc/arm-none-eabi/6.3.1/../../../../arm-none-eabi/lib/thumb/v6-m\libm.a(lib_a-k_sin.o)
                              c:/program files (x86)/atmel/studio/7.0/toolchain/arm/arm-gnu-toolchain/bin/../lib/gcc/arm-none-eabi/6.3.1/../../../../arm-none-eabi/lib/thumb/v6-m\libm.a(lib_a-s_cos.o) (__kernel_sin)
c:/program files (x86)/atmel/studio/7.0/toolchain/arm/arm-gnu-toolchain/bin/../lib/gcc/arm-none-eabi/6.3.1/../../../../arm-none-eabi/lib/thumb/v6-m\libm.a(lib_a-s_fabs.o)
                              c:/program files (x86)/atmel/studio/7.0/toolchain/arm/arm-gnu-toolchain/bin/../lib/gcc/arm-none-eabi/6.3.1/../../../../arm-none-eabi/lib/thumb/v6-m\libm.a(lib_a-e_rem_pio2.o) (fabs)
c:/program files (x86)/atmel/studio/7.0/toolchain/arm/arm-gnu-toolchain/bin/../lib/gcc/arm-none-eabi/6.3.1/../../../../arm-none-eabi/lib/thumb/v6-m\libm.a(lib_a-s_floor.o)
                              c:/program files (x86)/atmel/studio/7.0/toolchain/arm/arm-gnu-toolchain/bin/../lib/gcc/arm-none-eabi/6.3.1/../../../../arm-none-eabi/lib/thumb/v6-m\libm.a(lib_a-k_rem_pio2.o) (floor)
c:/program files (x86)/atmel/studio/7.0/toolchain/arm/arm-gnu-toolchain/bin/../lib/gcc/arm-none-eabi/6.3.1/../../../../arm-none-eabi/lib/thumb/v6-m\libm.a(lib_a-s_scalbn.o)
                              c:/program files (x86)/atmel/studio/7.0/toolchain/arm/arm-gnu-toolchain/bin/../lib/gcc/arm-none-eabi/6.3.1/../../../../arm-none-eabi/lib/thumb/v6-m\libm.a(lib_a-k_rem_pio2.o) (scalbn)
c:/program files (x86)/atmel/studio/7.0/toolchain/arm/arm-gnu-toolchain/bin/../lib/gcc/arm-none-eabi/6.3.1/../../../../arm-none-eabi/lib/thumb/v6-m\libm.a(lib_a-s_copysign.o)
                              c:/program files (x86)/atmel/studio/7.0/toolchain/arm/arm-gnu-toolchain/bin/../lib/gcc/arm-none-eabi/6.3.1/../../../../arm-none-eabi/lib/thumb/v6-m\libm.a(lib_a-s_scalbn.o) (copysign)
c:/program files (x86)/atmel/studio/7.0/toolchain/arm/arm-gnu-toolchain/bin/../lib/gcc/arm-none-eabi/6.3.1/thumb/v6-m\libgcc.a(_udivsi3.o)
                              src/ASF/sam0/drivers/sercom/i2c/i2c_sam0/i2c_master.o (__aeabi_uidiv)
c:/program files (x86)/atmel/studio/7.0/toolchain/arm/arm-gnu-toolchain/bin/../lib/gcc/arm-none-eabi/6.3.1/thumb/v6-m\libgcc.a(_divsi3.o)
                              src/main.o (__aeabi_idiv)
c:/program files (x86)/atmel/studio/7.0/toolchain/arm/arm-gnu-toolchain/bin/../lib/gcc/arm-none-eabi/6.3.1/thumb/v6-m\libgcc.a(_dvmd_tls.o)
                              c:/program files (x86)/atmel/studio/7.0/toolchain/arm/arm-gnu-toolchain/bin/../lib/gcc/arm-none-eabi/6.3.1/thumb/v6-m\libgcc.a(_udivsi3.o) (__aeabi_idiv0)
c:/program files (x86)/atmel/studio/7.0/toolchain/arm/arm-gnu-toolchain/bin/../lib/gcc/arm-none-eabi/6.3.1/thumb/v6-m\libgcc.a(_arm_cmpdf2.o)
                              c:/program files (x86)/atmel/studio/7.0/toolchain/arm/arm-gnu-toolchain/bin/../lib/gcc/arm-none-eabi/6.3.1/../../../../arm-none-eabi/lib/thumb/v6-m\libm.a(lib_a-e_rem_pio2.o) (__aeabi_dcmpeq)
c:/program files (x86)/atmel/studio/7.0/toolchain/arm/arm-gnu-toolchain/bin/../lib/gcc/arm-none-eabi/6.3.1/thumb/v6-m\libgcc.a(_arm_cmpsf2.o)
                              src/main.o (__aeabi_fcmplt)
[...]
Memory Configuration

Name             Origin             Length             Attributes
rom              0x00000000         0x00020000         xr
ram              0x20000000         0x00004000         xrw
*default*        0x00000000         0xffffffff

Linker script and memory map

LOAD c:/program files (x86)/atmel/studio/7.0/toolchain/arm/arm-gnu-toolchain/bin/../lib/gcc/arm-none-eabi/6.3.1/thumb/v6-m/crti.o
LOAD c:/program files (x86)/atmel/studio/7.0/toolchain/arm/arm-gnu-toolchain/bin/../lib/gcc/arm-none-eabi/6.3.1/thumb/v6-m/crtbegin.o
LOAD c:/program files (x86)/atmel/studio/7.0/toolchain/arm/arm-gnu-toolchain/bin/../lib/gcc/arm-none-eabi/6.3.1/../../../../arm-none-eabi/lib/thumb/v6-m/crt0.o
LOAD src/ASF/common/services/sleepmgr/samd/sleepmgr.o
LOAD src/ASF/sam0/drivers/extint/extint_callback.o
LOAD src/ASF/sam0/drivers/extint/extint_sam_d_r_h/extint.o
LOAD src/ASF/sam0/drivers/port/port.o
LOAD src/ASF/common2/boards/user_board/init.o
LOAD src/ASF/common/utils/interrupt/interrupt_sam_nvic.o
LOAD src/ASF/sam0/drivers/rtc/rtc_sam_d_r_h/rtc_calendar.o
LOAD src/ASF/sam0/drivers/sercom/i2c/i2c_sam0/i2c_master.o
LOAD src/ASF/sam0/drivers/sercom/i2c/i2c_sam0/i2c_master_interrupt.o
LOAD src/ASF/sam0/drivers/sercom/sercom.o
LOAD src/ASF/sam0/drivers/sercom/sercom_interrupt.o
LOAD src/ASF/sam0/drivers/system/clock/clock_samd21_r21_da_ha1/clock.o
LOAD src/ASF/sam0/drivers/system/clock/clock_samd21_r21_da_ha1/gclk.o
LOAD src/ASF/sam0/drivers/system/interrupt/system_interrupt.o
LOAD src/ASF/sam0/drivers/system/pinmux/pinmux.o
LOAD src/ASF/sam0/drivers/system/system.o
LOAD src/ASF/sam0/drivers/tcc/tcc.o
LOAD src/ASF/sam0/drivers/tcc/tcc_callback.o
LOAD src/ASF/sam0/drivers/tc/tc_interrupt.o
LOAD src/ASF/sam0/drivers/tc/tc_sam_d_r_h/tc.o
LOAD src/ASF/sam0/utils/cmsis/samd21/source/gcc/startup_samd21.o
LOAD src/ASF/sam0/utils/cmsis/samd21/source/system_samd21.o
LOAD src/ASF/sam0/utils/syscalls/gcc/syscalls.o
LOAD src/main.o
START GROUP
LOAD ../src/ASF/thirdparty/CMSIS/Lib/GCC\libarm_cortexM0l_math.a
LOAD c:/program files (x86)/atmel/studio/7.0/toolchain/arm/arm-gnu-toolchain/bin/../lib/gcc/arm-none-eabi/6.3.1/../../../../arm-none-eabi/lib/thumb/v6-m\libm.a
END GROUP
START GROUP
LOAD c:/program files (x86)/atmel/studio/7.0/toolchain/arm/arm-gnu-toolchain/bin/../lib/gcc/arm-none-eabi/6.3.1/thumb/v6-m\libgcc.a
LOAD c:/program files (x86)/atmel/studio/7.0/toolchain/arm/arm-gnu-toolchain/bin/../lib/gcc/arm-none-eabi/6.3.1/../../../../arm-none-eabi/lib/thumb/v6-m\libc_nano.a
END GROUP
START GROUP
LOAD c:/program files (x86)/atmel/studio/7.0/toolchain/arm/arm-gnu-toolchain/bin/../lib/gcc/arm-none-eabi/6.3.1/thumb/v6-m\libgcc.a
LOAD c:/program files (x86)/atmel/studio/7.0/toolchain/arm/arm-gnu-toolchain/bin/../lib/gcc/arm-none-eabi/6.3.1/../../../../arm-none-eabi/lib/thumb/v6-m\libc_nano.a
END GROUP
LOAD c:/program files (x86)/atmel/studio/7.0/toolchain/arm/arm-gnu-toolchain/bin/../lib/gcc/arm-none-eabi/6.3.1/thumb/v6-m/crtend.o
LOAD c:/program files (x86)/atmel/studio/7.0/toolchain/arm/arm-gnu-toolchain/bin/../lib/gcc/arm-none-eabi/6.3.1/thumb/v6-m/crtn.o
                0x00001000                STACK_SIZE = DEFINED (STACK_SIZE)?STACK_SIZE:DEFINED (__stack_size__)?__stack_size__:0x1000

.text           0x00000000     0x74e0
                0x00000000                . = ALIGN (0x4)
                0x00000000                _sfixed = .
 *(.vectors .vectors.*)
 .vectors       0x00000000       0xb4 src/ASF/sam0/utils/cmsis/samd21/source/gcc/startup_samd21.o
                0x00000000                exception_table
 *(.text .text.* .gnu.linkonce.t.*)
 .text          0x000000b4       0x60 c:/program files (x86)/atmel/studio/7.0/toolchain/arm/arm-gnu-toolchain/bin/../lib/gcc/arm-none-eabi/6.3.1/thumb/v6-m/crtbegin.o
 .text.EIC_Handler
                0x00000114       0x54 src/ASF/sam0/drivers/extint/extint_callback.o
                0x00000114                EIC_Handler
 .text._extint_enable
                0x00000168       0x18 src/ASF/sam0/drivers/extint/extint_sam_d_r_h/extint.o
 .text._system_extint_init
                0x00000180       0x6c src/ASF/sam0/drivers/extint/extint_sam_d_r_h/extint.o
                0x00000180                _system_extint_init
 .text.system_board_init
                0x000001ec        0x2 src/ASF/common2/boards/user_board/init.o
                0x000001ec                board_init
                0x000001ec                system_board_init
 *fill*         0x000001ee        0x2 
 .text.cpu_irq_enter_critical
                0x000001f0       0x40 src/ASF/common/utils/interrupt/interrupt_sam_nvic.o
                0x000001f0                cpu_irq_enter_critical
 .text.cpu_irq_leave_critical
                0x00000230       0x30 src/ASF/common/utils/interrupt/interrupt_sam_nvic.o
                0x00000230                cpu_irq_leave_critical
 .text.rtc_calendar_enable
                0x00000260       0x14 src/ASF/sam0/drivers/rtc/rtc_sam_d_r_h/rtc_calendar.o
                0x00000260                rtc_calendar_enable
 .text.rtc_calendar_disable
                0x00000274       0x1a src/ASF/sam0/drivers/rtc/rtc_sam_d_r_h/rtc_calendar.o
                0x00000274                rtc_calendar_disable
 *fill*         0x0000028e        0x2 
 .text.rtc_calendar_reset
                0x00000290       0x24 src/ASF/sam0/drivers/rtc/rtc_sam_d_r_h/rtc_calendar.o
                0x00000290                rtc_calendar_reset
 .text.rtc_calendar_time_to_register_value
                0x000002b4       0x3a src/ASF/sam0/drivers/rtc/rtc_sam_d_r_h/rtc_calendar.o
                0x000002b4                rtc_calendar_time_to_register_value
 .text.rtc_calendar_register_value_to_time
                0x000002ee       0x3e src/ASF/sam0/drivers/rtc/rtc_sam_d_r_h/rtc_calendar.o
                0x000002ee                rtc_calendar_register_value_to_time
 .text.rtc_calendar_set_time
                0x0000032c       0x18 src/ASF/sam0/drivers/rtc/rtc_sam_d_r_h/rtc_calendar.o
                0x0000032c                rtc_calendar_set_time
 .text.rtc_calendar_get_time
                0x00000344       0x48 src/ASF/sam0/drivers/rtc/rtc_sam_d_r_h/rtc_calendar.o
                0x00000344                rtc_calendar_get_time
 .text.rtc_calendar_set_alarm
                0x0000038c       0x30 src/ASF/sam0/drivers/rtc/rtc_sam_d_r_h/rtc_calendar.o
                0x0000038c                rtc_calendar_set_alarm
 .text.rtc_calendar_init
                0x000003bc       0x94 src/ASF/sam0/drivers/rtc/rtc_sam_d_r_h/rtc_calendar.o
                0x000003bc                rtc_calendar_init
 .text.i2c_master_init
                0x00000450      0x2f8 src/ASF/sam0/drivers/sercom/i2c/i2c_sam0/i2c_master.o
                0x00000450                i2c_master_init
 .text._i2c_master_address_response
                0x00000748       0x30 src/ASF/sam0/drivers/sercom/i2c/i2c_sam0/i2c_master.o
                0x00000748                _i2c_master_address_response
 .text._i2c_master_wait_for_bus
                0x00000778       0x2c src/ASF/sam0/drivers/sercom/i2c/i2c_sam0/i2c_master.o
                0x00000778                _i2c_master_wait_for_bus
 .text._i2c_master_send_hs_master_code
                0x000007a4       0x20 src/ASF/sam0/drivers/sercom/i2c/i2c_sam0/i2c_master.o
                0x000007a4                _i2c_master_send_hs_master_code
 .text._i2c_master_wait_for_sync
                0x000007c4        0xc src/ASF/sam0/drivers/sercom/i2c/i2c_sam0/i2c_master_interrupt.o
 .text._i2c_master_read
                0x000007d0       0x88 src/ASF/sam0/drivers/sercom/i2c/i2c_sam0/i2c_master_interrupt.o
 .text._i2c_master_write
                0x00000858       0x3c src/ASF/sam0/drivers/sercom/i2c/i2c_sam0/i2c_master_interrupt.o
 .text._i2c_master_write_packet
                0x00000894       0x68 src/ASF/sam0/drivers/sercom/i2c/i2c_sam0/i2c_master_interrupt.o
 .text._i2c_master_read_packet
                0x000008fc       0xc8 src/ASF/sam0/drivers/sercom/i2c/i2c_sam0/i2c_master_interrupt.o
 .text.i2c_master_register_callback
                0x000009c4       0x16 src/ASF/sam0/drivers/sercom/i2c/i2c_sam0/i2c_master_interrupt.o
                0x000009c4                i2c_master_register_callback
 *fill*         0x000009da        0x2 
 .text.i2c_master_read_packet_job
                0x000009dc       0x24 src/ASF/sam0/drivers/sercom/i2c/i2c_sam0/i2c_master_interrupt.o
                0x000009dc                i2c_master_read_packet_job
 .text.i2c_master_write_packet_job
                0x00000a00       0x24 src/ASF/sam0/drivers/sercom/i2c/i2c_sam0/i2c_master_interrupt.o
                0x00000a00                i2c_master_write_packet_job
 .text.i2c_master_write_packet_job_no_stop
                0x00000a24       0x24 src/ASF/sam0/drivers/sercom/i2c/i2c_sam0/i2c_master_interrupt.o
                0x00000a24                i2c_master_write_packet_job_no_stop
 .text._i2c_master_interrupt_handler
                0x00000a48      0x1ec src/ASF/sam0/drivers/sercom/i2c/i2c_sam0/i2c_master_interrupt.o
                0x00000a48                _i2c_master_interrupt_handler
 .text.sercom_set_gclk_generator
                0x00000c34       0x4c src/ASF/sam0/drivers/sercom/sercom.o
                0x00000c34                sercom_set_gclk_generator
 .text._sercom_get_default_pad
                0x00000c80       0xfc src/ASF/sam0/drivers/sercom/sercom.o
                0x00000c80                _sercom_get_default_pad
 .text._sercom_get_sercom_inst_index
                0x00000d7c       0x48 src/ASF/sam0/drivers/sercom/sercom.o
                0x00000d7c                _sercom_get_sercom_inst_index
 .text._sercom_default_handler
                0x00000dc4        0x2 src/ASF/sam0/drivers/sercom/sercom_interrupt.o
 *fill*         0x00000dc6        0x2 
 .text._sercom_set_handler
                0x00000dc8       0x40 src/ASF/sam0/drivers/sercom/sercom_interrupt.o
                0x00000dc8                _sercom_set_handler
 .text._sercom_get_interrupt_vector
                0x00000e08       0x24 src/ASF/sam0/drivers/sercom/sercom_interrupt.o
                0x00000e08                _sercom_get_interrupt_vector
 .text.SERCOM0_Handler
                0x00000e2c       0x10 src/ASF/sam0/drivers/sercom/sercom_interrupt.o
                0x00000e2c                SERCOM0_Handler
 .text.SERCOM1_Handler
                0x00000e3c       0x10 src/ASF/sam0/drivers/sercom/sercom_interrupt.o
                0x00000e3c                SERCOM1_Handler
 .text.SERCOM2_Handler
                0x00000e4c       0x10 src/ASF/sam0/drivers/sercom/sercom_interrupt.o
                0x00000e4c                SERCOM2_Handler
 .text.SERCOM3_Handler
                0x00000e5c       0x10 src/ASF/sam0/drivers/sercom/sercom_interrupt.o
                0x00000e5c                SERCOM3_Handler
 .text.system_clock_source_get_hz
                0x00000e6c       0x94 src/ASF/sam0/drivers/system/clock/clock_samd21_r21_da_ha1/clock.o
                0x00000e6c                system_clock_source_get_hz
 .text.system_clock_source_osc8m_set_config
                0x00000f00       0x3c src/ASF/sam0/drivers/system/clock/clock_samd21_r21_da_ha1/clock.o
                0x00000f00                system_clock_source_osc8m_set_config
 .text.system_clock_source_xosc32k_set_config
                0x00000f3c       0xb8 src/ASF/sam0/drivers/system/clock/clock_samd21_r21_da_ha1/clock.o
                0x00000f3c                system_clock_source_xosc32k_set_config
 .text.system_clock_source_dfll_set_config
                0x00000ff4       0x80 src/ASF/sam0/drivers/system/clock/clock_samd21_r21_da_ha1/clock.o
                0x00000ff4                system_clock_source_dfll_set_config
 .text.system_clock_source_enable
                0x00001074       0xa8 src/ASF/sam0/drivers/system/clock/clock_samd21_r21_da_ha1/clock.o
                0x00001074                system_clock_source_enable
 .text.system_clock_init
                0x0000111c      0x17c src/ASF/sam0/drivers/system/clock/clock_samd21_r21_da_ha1/clock.o
                0x0000111c                system_clock_init
 .text.system_gclk_init
                0x00001298       0x24 src/ASF/sam0/drivers/system/clock/clock_samd21_r21_da_ha1/gclk.o
                0x00001298                system_gclk_init
 .text.system_gclk_gen_set_config
                0x000012bc       0xb8 src/ASF/sam0/drivers/system/clock/clock_samd21_r21_da_ha1/gclk.o
                0x000012bc                system_gclk_gen_set_config
 .text.system_gclk_gen_enable
                0x00001374       0x44 src/ASF/sam0/drivers/system/clock/clock_samd21_r21_da_ha1/gclk.o
                0x00001374                system_gclk_gen_enable
 .text.system_gclk_gen_get_hz
                0x000013b8       0x8c src/ASF/sam0/drivers/system/clock/clock_samd21_r21_da_ha1/gclk.o
                0x000013b8                system_gclk_gen_get_hz
 .text.system_gclk_chan_enable
                0x00001444       0x30 src/ASF/sam0/drivers/system/clock/clock_samd21_r21_da_ha1/gclk.o
                0x00001444                system_gclk_chan_enable
 .text.system_gclk_chan_disable
                0x00001474       0x5c src/ASF/sam0/drivers/system/clock/clock_samd21_r21_da_ha1/gclk.o
                0x00001474                system_gclk_chan_disable
 .text.system_gclk_chan_set_config
                0x000014d0       0x1c src/ASF/sam0/drivers/system/clock/clock_samd21_r21_da_ha1/gclk.o
                0x000014d0                system_gclk_chan_set_config
 .text.system_gclk_chan_get_hz
                0x000014ec       0x34 src/ASF/sam0/drivers/system/clock/clock_samd21_r21_da_ha1/gclk.o
                0x000014ec                system_gclk_chan_get_hz
 .text._system_pinmux_config
                0x00001520       0xa8 src/ASF/sam0/drivers/system/pinmux/pinmux.o
 .text.system_pinmux_pin_set_config
                0x000015c8       0x30 src/ASF/sam0/drivers/system/pinmux/pinmux.o
                0x000015c8                system_pinmux_pin_set_config
 .text._system_dummy_init
                0x000015f8        0x2 src/ASF/sam0/drivers/system/system.o
                0x000015f8                _system_events_init
                0x000015f8                _system_dummy_init
                0x000015f8                _system_divas_init
 *fill*         0x000015fa        0x2 
 .text.system_init
                0x000015fc       0x2c src/ASF/sam0/drivers/system/system.o
                0x000015fc                system_init
 .text._tcc_get_inst_index
                0x00001628       0x34 src/ASF/sam0/drivers/tcc/tcc.o
                0x00001628                _tcc_get_inst_index
 .text._tcc_set_compare_value
                0x0000165c       0x74 src/ASF/sam0/drivers/tcc/tcc.o
 .text.tcc_get_config_defaults
                0x000016d0      0x14c src/ASF/sam0/drivers/tcc/tcc.o
                0x000016d0                tcc_get_config_defaults
 .text.tcc_init
                0x0000181c      0x40c src/ASF/sam0/drivers/tcc/tcc.o
                0x0000181c                tcc_init
 .text.tcc_set_compare_value
                0x00001c28       0x10 src/ASF/sam0/drivers/tcc/tcc.o
                0x00001c28                tcc_set_compare_value
 .text._tcc_interrupt_handler
                0x00001c38       0x4c src/ASF/sam0/drivers/tcc/tcc_callback.o
                0x00001c38                _tcc_interrupt_handler
 .text.TCC0_Handler
                0x00001c84       0x10 src/ASF/sam0/drivers/tcc/tcc_callback.o
                0x00001c84                TCC0_Handler
 .text.TCC1_Handler
                0x00001c94       0x10 src/ASF/sam0/drivers/tcc/tcc_callback.o
                0x00001c94                TCC1_Handler
 .text.TCC2_Handler
                0x00001ca4       0x10 src/ASF/sam0/drivers/tcc/tcc_callback.o
                0x00001ca4                TCC2_Handler
 .text.tc_register_callback
                0x00001cb4       0x32 src/ASF/sam0/drivers/tc/tc_interrupt.o
                0x00001cb4                tc_register_callback
 *fill*         0x00001ce6        0x2 
 .text._tc_interrupt_handler
                0x00001ce8       0x64 src/ASF/sam0/drivers/tc/tc_interrupt.o
                0x00001ce8                _tc_interrupt_handler
 .text.TC3_Handler
                0x00001d4c       0x10 src/ASF/sam0/drivers/tc/tc_interrupt.o
                0x00001d4c                TC3_Handler
 .text.TC4_Handler
                0x00001d5c       0x10 src/ASF/sam0/drivers/tc/tc_interrupt.o
                0x00001d5c                TC4_Handler
 .text.TC5_Handler
                0x00001d6c       0x10 src/ASF/sam0/drivers/tc/tc_interrupt.o
                0x00001d6c                TC5_Handler
 .text._tc_get_inst_index
                0x00001d7c       0x38 src/ASF/sam0/drivers/tc/tc_sam_d_r_h/tc.o
                0x00001d7c                _tc_get_inst_index
 .text.tc_init  0x00001db4      0x23c src/ASF/sam0/drivers/tc/tc_sam_d_r_h/tc.o
                0x00001db4                tc_init
 .text.tc_set_count_value
                0x00001ff0       0x32 src/ASF/sam0/drivers/tc/tc_sam_d_r_h/tc.o
                0x00001ff0                tc_set_count_value
 .text.Dummy_Handler
                0x00002022        0x2 src/ASF/sam0/utils/cmsis/samd21/source/gcc/startup_samd21.o
                0x00002022                DMAC_Handler
                0x00002022                HardFault_Handler
                0x00002022                AC_Handler
                0x00002022                SysTick_Handler
                0x00002022                PendSV_Handler
                0x00002022                NMI_Handler
                0x00002022                ADC_Handler
                0x00002022                RTC_Handler
                0x00002022                WDT_Handler
                0x00002022                USB_Handler
                0x00002022                Dummy_Handler
                0x00002022                PM_Handler
                0x00002022                SVC_Handler
                0x00002022                EVSYS_Handler
                0x00002022                I2S_Handler
                0x00002022                NVMCTRL_Handler
                0x00002022                DAC_Handler
                0x00002022                PTC_Handler
                0x00002022                SYSCTRL_Handler
 .text.Reset_Handler
                0x00002024       0xe4 src/ASF/sam0/utils/cmsis/samd21/source/gcc/startup_samd21.o
                0x00002024                Reset_Handler
 .text.i2c_read_complete_callback
                0x00002108        0x2 src/main.o
                0x00002108                i2c_read_complete_callback
 *fill*         0x0000210a        0x2 
 .text.tc_callback_method
                0x0000210c       0x3c src/main.o
                0x0000210c                tc_callback_method
 .text.i2c_write_complete_callback
                0x00002148       0x18 src/main.o
                0x00002148                i2c_write_complete_callback
 .text.setPWM   0x00002160       0x24 src/main.o
                0x00002160                setPWM
 .text.driveLEDs
                0x00002184      0x154 src/main.o
                0x00002184                driveLEDs
 .text.addLED   0x000022d8       0x24 src/main.o
                0x000022d8                addLED
 .text.turnOffAllLEDS
                0x000022fc       0x20 src/main.o
                0x000022fc                turnOffAllLEDS
 .text.setLEDPinsAsOutputs
                0x0000231c       0x94 src/main.o
                0x0000231c                setLEDPinsAsOutputs
 .text.enable_timer
                0x000023b0       0x6c src/main.o
                0x000023b0                enable_timer
 .text.configure_tc
                0x0000241c       0x58 src/main.o
                0x0000241c                configure_tc
 .text.convertToGs
                0x00002474       0x34 src/main.o
                0x00002474                convertToGs
 .text.getAccelerometerValues
                0x000024a8       0x3c src/main.o
                0x000024a8                getAccelerometerValues
 .text.configure_i2c_callbacks
                0x000024e4       0x38 src/main.o
                0x000024e4                configure_i2c_callbacks
 .text.write_i2c_packet
                0x0000251c       0x30 src/main.o
                0x0000251c                write_i2c_packet
 .text.requestAccerometerReading
                0x0000254c       0x1c src/main.o
                0x0000254c                requestAccerometerReading
 .text.write_i2c_byte
                0x00002568       0x38 src/main.o
                0x00002568                write_i2c_byte
 .text.accelerometerLoop
                0x000025a0       0x6c src/main.o
                0x000025a0                accelerometerLoop
 .text.read_i2c_packet
                0x0000260c       0x18 src/main.o
                0x0000260c                read_i2c_packet
 .text.configure_i2c
                0x00002624       0xcc src/main.o
                0x00002624                configure_i2c
 .text.eic_init
                0x000026f0       0x60 src/main.o
                0x000026f0                eic_init
 .text.getRTCTime
                0x00002750       0x38 src/main.o
                0x00002750                getRTCTime
 .text.configure_rtc
                0x00002788       0x78 src/main.o
                0x00002788                configure_rtc
 .text.updateTime
                0x00002800       0x10 src/main.o
                0x00002800                updateTime
 .text.displayTimeSimple
                0x00002810       0x90 src/main.o
                0x00002810                displayTimeSimple
 .text.singleLEDphysics
                0x000028a0      0x280 src/main.o
                0x000028a0                singleLEDphysics
 .text.spinLEDs
                0x00002b20       0x54 src/main.o
                0x00002b20                spinLEDs
 .text.ledFillEmpty
                0x00002b74       0x64 src/main.o
                0x00002b74                ledFillEmpty
 .text.drawPoint
                0x00002bd8       0x8c src/main.o
                0x00002bd8                drawPoint
 .text.ledWave  0x00002c64       0xa8 src/main.o
                0x00002c64                ledWave
 .text.demoState
                0x00002d0c       0xa8 src/main.o
                0x00002d0c                demoState
 .text.runStateMachine
                0x00002db4       0x34 src/main.o
                0x00002db4                runStateMachine
 .text.timeSlot_1000ms
                0x00002de8       0x20 src/main.o
                0x00002de8                timeSlot_1000ms
 .text.slotManager
                0x00002e08       0x78 src/main.o
                0x00002e08                slotManager
 .text.main     0x00002e80      0x124 src/main.o
                0x00002e80                main
 .text.cos      0x00002fa4       0x8c c:/program files (x86)/atmel/studio/7.0/toolchain/arm/arm-gnu-toolchain/bin/../lib/gcc/arm-none-eabi/6.3.1/../../../../arm-none-eabi/lib/thumb/v6-m\libm.a(lib_a-s_cos.o)
                0x00002fa4                cos
 .text.sin      0x00003030       0x90 c:/program files (x86)/atmel/studio/7.0/toolchain/arm/arm-gnu-toolchain/bin/../lib/gcc/arm-none-eabi/6.3.1/../../../../arm-none-eabi/lib/thumb/v6-m\libm.a(lib_a-s_sin.o)
                0x00003030                sin
 .text.__ieee754_rem_pio2
                0x000030c0      0x430 c:/program files (x86)/atmel/studio/7.0/toolchain/arm/arm-gnu-toolchain/bin/../lib/gcc/arm-none-eabi/6.3.1/../../../../arm-none-eabi/lib/thumb/v6-m\libm.a(lib_a-e_rem_pio2.o)
                0x000030c0                __ieee754_rem_pio2
 .text.__kernel_cos
                0x000034f0      0x234 c:/program files (x86)/atmel/studio/7.0/toolchain/arm/arm-gnu-toolchain/bin/../lib/gcc/arm-none-eabi/6.3.1/../../../../arm-none-eabi/lib/thumb/v6-m\libm.a(lib_a-k_cos.o)
                0x000034f0                __kernel_cos
 .text.__kernel_rem_pio2
                0x00003724      0x8f8 c:/program files (x86)/atmel/studio/7.0/toolchain/arm/arm-gnu-toolchain/bin/../lib/gcc/arm-none-eabi/6.3.1/../../../../arm-none-eabi/lib/thumb/v6-m\libm.a(lib_a-k_rem_pio2.o)
                0x00003724                __kernel_rem_pio2
 .text.__kernel_sin
                0x0000401c      0x160 c:/program files (x86)/atmel/studio/7.0/toolchain/arm/arm-gnu-toolchain/bin/../lib/gcc/arm-none-eabi/6.3.1/../../../../arm-none-eabi/lib/thumb/v6-m\libm.a(lib_a-k_sin.o)
                0x0000401c                __kernel_sin
 .text.fabs     0x0000417c        0x8 c:/program files (x86)/atmel/studio/7.0/toolchain/arm/arm-gnu-toolchain/bin/../lib/gcc/arm-none-eabi/6.3.1/../../../../arm-none-eabi/lib/thumb/v6-m\libm.a(lib_a-s_fabs.o)
                0x0000417c                fabs
 .text.floor    0x00004184      0x130 c:/program files (x86)/atmel/studio/7.0/toolchain/arm/arm-gnu-toolchain/bin/../lib/gcc/arm-none-eabi/6.3.1/../../../../arm-none-eabi/lib/thumb/v6-m\libm.a(lib_a-s_floor.o)
                0x00004184                floor
 .text.scalbn   0x000042b4       0xd0 c:/program files (x86)/atmel/studio/7.0/toolchain/arm/arm-gnu-toolchain/bin/../lib/gcc/arm-none-eabi/6.3.1/../../../../arm-none-eabi/lib/thumb/v6-m\libm.a(lib_a-s_scalbn.o)
                0x000042b4                scalbn
 .text.copysign
                0x00004384       0x10 c:/program files (x86)/atmel/studio/7.0/toolchain/arm/arm-gnu-toolchain/bin/../lib/gcc/arm-none-eabi/6.3.1/../../../../arm-none-eabi/lib/thumb/v6-m\libm.a(lib_a-s_copysign.o)
                0x00004384                copysign
 .text          0x00004394      0x114 c:/program files (x86)/atmel/studio/7.0/toolchain/arm/arm-gnu-toolchain/bin/../lib/gcc/arm-none-eabi/6.3.1/thumb/v6-m\libgcc.a(_udivsi3.o)
                0x00004394                __aeabi_uidiv
                0x00004394                __udivsi3
                0x000044a0                __aeabi_uidivmod
 .text          0x000044a8      0x1d4 c:/program files (x86)/atmel/studio/7.0/toolchain/arm/arm-gnu-toolchain/bin/../lib/gcc/arm-none-eabi/6.3.1/thumb/v6-m\libgcc.a(_divsi3.o)
                0x000044a8                __divsi3
                0x000044a8                __aeabi_idiv
                0x00004674                __aeabi_idivmod
 .text          0x0000467c        0x4 c:/program files (x86)/atmel/studio/7.0/toolchain/arm/arm-gnu-toolchain/bin/../lib/gcc/arm-none-eabi/6.3.1/thumb/v6-m\libgcc.a(_dvmd_tls.o)
                0x0000467c                __aeabi_idiv0
                0x0000467c                __aeabi_ldiv0
 .text          0x00004680       0x7c c:/program files (x86)/atmel/studio/7.0/toolchain/arm/arm-gnu-toolchain/bin/../lib/gcc/arm-none-eabi/6.3.1/thumb/v6-m\libgcc.a(_arm_cmpdf2.o)
                0x00004680                __aeabi_cdrcmple
                0x00004690                __aeabi_cdcmple
                0x00004690                __aeabi_cdcmpeq
                0x000046a0                __aeabi_dcmpeq
                0x000046ac                __aeabi_dcmplt
                0x000046c0                __aeabi_dcmple
                0x000046d4                __aeabi_dcmpgt
                0x000046e8                __aeabi_dcmpge
 .text          0x000046fc       0x74 c:/program files (x86)/atmel/studio/7.0/toolchain/arm/arm-gnu-toolchain/bin/../lib/gcc/arm-none-eabi/6.3.1/thumb/v6-m\libgcc.a(_arm_cmpsf2.o)
                0x000046fc                __aeabi_cfrcmple
                0x00004704                __aeabi_cfcmpeq
                0x00004704                __aeabi_cfcmple
                0x00004714                __aeabi_fcmpeq
                0x00004720                __aeabi_fcmplt
                0x00004734                __aeabi_fcmple
                0x00004748                __aeabi_fcmpgt
                0x0000475c                __aeabi_fcmpge
 .text          0x00004770       0x30 c:/program files (x86)/atmel/studio/7.0/toolchain/arm/arm-gnu-toolchain/bin/../lib/gcc/arm-none-eabi/6.3.1/thumb/v6-m\libgcc.a(_fixunssfsi.o)
                0x00004770                __fixunssfsi
                0x00004770                __aeabi_f2uiz
 .text          0x000047a0      0x324 c:/program files (x86)/atmel/studio/7.0/toolchain/arm/arm-gnu-toolchain/bin/../lib/gcc/arm-none-eabi/6.3.1/thumb/v6-m\libgcc.a(addsf3.o)
                0x000047a0                __aeabi_fadd
 .text          0x00004ac4       0x4c c:/program files (x86)/atmel/studio/7.0/toolchain/arm/arm-gnu-toolchain/bin/../lib/gcc/arm-none-eabi/6.3.1/thumb/v6-m\libgcc.a(eqsf2.o)
                0x00004ac4                __eqsf2
                0x00004ac4                __nesf2
 .text          0x00004b10       0x80 c:/program files (x86)/atmel/studio/7.0/toolchain/arm/arm-gnu-toolchain/bin/../lib/gcc/arm-none-eabi/6.3.1/thumb/v6-m\libgcc.a(gesf2.o)
                0x00004b10                __gesf2
                0x00004b10                __gtsf2
 .text          0x00004b90       0x84 c:/program files (x86)/atmel/studio/7.0/toolchain/arm/arm-gnu-toolchain/bin/../lib/gcc/arm-none-eabi/6.3.1/thumb/v6-m\libgcc.a(lesf2.o)
                0x00004b90                __ltsf2
                0x00004b90                __lesf2
 .text          0x00004c14      0x240 c:/program files (x86)/atmel/studio/7.0/toolchain/arm/arm-gnu-toolchain/bin/../lib/gcc/arm-none-eabi/6.3.1/thumb/v6-m\libgcc.a(mulsf3.o)
                0x00004c14                __aeabi_fmul
 .text          0x00004e54      0x338 c:/program files (x86)/atmel/studio/7.0/toolchain/arm/arm-gnu-toolchain/bin/../lib/gcc/arm-none-eabi/6.3.1/thumb/v6-m\libgcc.a(subsf3.o)
                0x00004e54                __aeabi_fsub
 .text          0x0000518c       0x40 c:/program files (x86)/atmel/studio/7.0/toolchain/arm/arm-gnu-toolchain/bin/../lib/gcc/arm-none-eabi/6.3.1/thumb/v6-m\libgcc.a(fixsfsi.o)
                0x0000518c                __aeabi_f2iz
 .text          0x000051cc       0xa0 c:/program files (x86)/atmel/studio/7.0/toolchain/arm/arm-gnu-toolchain/bin/../lib/gcc/arm-none-eabi/6.3.1/thumb/v6-m\libgcc.a(floatsisf.o)
                0x000051cc                __aeabi_i2f
 .text          0x0000526c       0x8c c:/program files (x86)/atmel/studio/7.0/toolchain/arm/arm-gnu-toolchain/bin/../lib/gcc/arm-none-eabi/6.3.1/thumb/v6-m\libgcc.a(floatunsisf.o)
                0x0000526c                __aeabi_ui2f
 .text          0x000052f8      0x620 c:/program files (x86)/atmel/studio/7.0/toolchain/arm/arm-gnu-toolchain/bin/../lib/gcc/arm-none-eabi/6.3.1/thumb/v6-m\libgcc.a(adddf3.o)
                0x000052f8                __aeabi_dadd
 .text          0x00005918      0x668 c:/program files (x86)/atmel/studio/7.0/toolchain/arm/arm-gnu-toolchain/bin/../lib/gcc/arm-none-eabi/6.3.1/thumb/v6-m\libgcc.a(divdf3.o)
                0x00005918                __aeabi_ddiv
 .text          0x00005f80       0x74 c:/program files (x86)/atmel/studio/7.0/toolchain/arm/arm-gnu-toolchain/bin/../lib/gcc/arm-none-eabi/6.3.1/thumb/v6-m\libgcc.a(eqdf2.o)
                0x00005f80                __nedf2
                0x00005f80                __eqdf2
 .text          0x00005ff4       0xc8 c:/program files (x86)/atmel/studio/7.0/toolchain/arm/arm-gnu-toolchain/bin/../lib/gcc/arm-none-eabi/6.3.1/thumb/v6-m\libgcc.a(gedf2.o)
                0x00005ff4                __gedf2
                0x00005ff4                __gtdf2
 .text          0x000060bc       0xc4 c:/program files (x86)/atmel/studio/7.0/toolchain/arm/arm-gnu-toolchain/bin/../lib/gcc/arm-none-eabi/6.3.1/thumb/v6-m\libgcc.a(ledf2.o)
                0x000060bc                __ledf2
                0x000060bc                __ltdf2
 .text          0x00006180      0x500 c:/program files (x86)/atmel/studio/7.0/toolchain/arm/arm-gnu-toolchain/bin/../lib/gcc/arm-none-eabi/6.3.1/thumb/v6-m\libgcc.a(muldf3.o)
                0x00006180                __aeabi_dmul
 .text          0x00006680      0x62c c:/program files (x86)/atmel/studio/7.0/toolchain/arm/arm-gnu-toolchain/bin/../lib/gcc/arm-none-eabi/6.3.1/thumb/v6-m\libgcc.a(subdf3.o)
                0x00006680                __aeabi_dsub
 .text          0x00006cac       0x68 c:/program files (x86)/atmel/studio/7.0/toolchain/arm/arm-gnu-toolchain/bin/../lib/gcc/arm-none-eabi/6.3.1/thumb/v6-m\libgcc.a(fixdfsi.o)
                0x00006cac                __aeabi_d2iz
 .text          0x00006d14       0x84 c:/program files (x86)/atmel/studio/7.0/toolchain/arm/arm-gnu-toolchain/bin/../lib/gcc/arm-none-eabi/6.3.1/thumb/v6-m\libgcc.a(floatsidf.o)
                0x00006d14                __aeabi_i2d
 .text          0x00006d98       0x70 c:/program files (x86)/atmel/studio/7.0/toolchain/arm/arm-gnu-toolchain/bin/../lib/gcc/arm-none-eabi/6.3.1/thumb/v6-m\libgcc.a(floatunsidf.o)
                0x00006d98                __aeabi_ui2d
 .text          0x00006e08       0xa4 c:/program files (x86)/atmel/studio/7.0/toolchain/arm/arm-gnu-toolchain/bin/../lib/gcc/arm-none-eabi/6.3.1/thumb/v6-m\libgcc.a(extendsfdf2.o)
                0x00006e08                __aeabi_f2d
 .text          0x00006eac      0x114 c:/program files (x86)/atmel/studio/7.0/toolchain/arm/arm-gnu-toolchain/bin/../lib/gcc/arm-none-eabi/6.3.1/thumb/v6-m\libgcc.a(truncdfsf2.o)
                0x00006eac                __aeabi_d2f
 .text          0x00006fc0       0x3c c:/program files (x86)/atmel/studio/7.0/toolchain/arm/arm-gnu-toolchain/bin/../lib/gcc/arm-none-eabi/6.3.1/thumb/v6-m\libgcc.a(_clzsi2.o)
                0x00006fc0                __clzsi2
 .text.__libc_init_array
                0x00006ffc       0x48 c:/program files (x86)/atmel/studio/7.0/toolchain/arm/arm-gnu-toolchain/bin/../lib/gcc/arm-none-eabi/6.3.1/../../../../arm-none-eabi/lib/thumb/v6-m\libc_nano.a(lib_a-init.o)
                0x00006ffc                __libc_init_array
 *(.glue_7t)
 .glue_7t       0x00007044        0x0 linker stubs
 *(.glue_7)
 .glue_7        0x00007044        0x0 linker stubs
 *(.rodata .rodata* .gnu.linkonce.r.*)
 .rodata        0x00007044       0x10 src/ASF/sam0/drivers/sercom/sercom.o
 .rodata.system_clock_source_get_hz
                0x00007054       0x24 src/ASF/sam0/drivers/system/clock/clock_samd21_r21_da_ha1/clock.o
 .rodata.system_clock_source_enable
                0x00007078       0x24 src/ASF/sam0/drivers/system/clock/clock_samd21_r21_da_ha1/clock.o
 .rodata._tcc_apbcmasks
                0x0000709c        0xc src/ASF/sam0/drivers/tcc/tcc.o
                0x0000709c                _tcc_apbcmasks
 .rodata._tcc_cc_nums
                0x000070a8        0x3 src/ASF/sam0/drivers/tcc/tcc.o
                0x000070a8                _tcc_cc_nums
 *fill*         0x000070ab        0x1 
 .rodata._tcc_gclk_ids
                0x000070ac        0x3 src/ASF/sam0/drivers/tcc/tcc.o
                0x000070ac                _tcc_gclk_ids
 *fill*         0x000070af        0x1 
 .rodata._tcc_maxs
                0x000070b0        0xc src/ASF/sam0/drivers/tcc/tcc.o
                0x000070b0                _tcc_maxs
 .rodata._tcc_ow_nums
                0x000070bc        0x3 src/ASF/sam0/drivers/tcc/tcc.o
                0x000070bc                _tcc_ow_nums
 *fill*         0x000070bf        0x1 
 .rodata._tcc_intflag
                0x000070c0       0x30 src/ASF/sam0/drivers/tcc/tcc_callback.o
                0x000070c0                _tcc_intflag
 .rodata        0x000070f0        0xc src/ASF/sam0/drivers/tc/tc_sam_d_r_h/tc.o
 .rodata.demoState
                0x000070fc       0x14 src/main.o
 .rodata.accelerometer_registers_to_configure
                0x00007110        0xe src/main.o
                0x00007110                accelerometer_registers_to_configure
 *fill*         0x0000711e        0x2 
 .rodata.sinkPins
                0x00007120        0x5 src/main.o
                0x00007120                sinkPins
 *fill*         0x00007125        0x3 
 .rodata.sourcePins
                0x00007128        0xc src/main.o
                0x00007128                sourcePins
 .rodata.tc_interrupt_vectors.13034
                0x00007134        0x3 src/main.o
 *fill*         0x00007137        0x1 
 .rodata.tccAddress
                0x00007138       0xf0 src/main.o
                0x00007138                tccAddress
 .rodata.npio2_hw
                0x00007228       0x80 c:/program files (x86)/atmel/studio/7.0/toolchain/arm/arm-gnu-toolchain/bin/../lib/gcc/arm-none-eabi/6.3.1/../../../../arm-none-eabi/lib/thumb/v6-m\libm.a(lib_a-e_rem_pio2.o)
 .rodata.two_over_pi
                0x000072a8      0x108 c:/program files (x86)/atmel/studio/7.0/toolchain/arm/arm-gnu-toolchain/bin/../lib/gcc/arm-none-eabi/6.3.1/../../../../arm-none-eabi/lib/thumb/v6-m\libm.a(lib_a-e_rem_pio2.o)
 .rodata.PIo2   0x000073b0       0x40 c:/program files (x86)/atmel/studio/7.0/toolchain/arm/arm-gnu-toolchain/bin/../lib/gcc/arm-none-eabi/6.3.1/../../../../arm-none-eabi/lib/thumb/v6-m\libm.a(lib_a-k_rem_pio2.o)
 .rodata.init_jk
                0x000073f0       0x10 c:/program files (x86)/atmel/studio/7.0/toolchain/arm/arm-gnu-toolchain/bin/../lib/gcc/arm-none-eabi/6.3.1/../../../../arm-none-eabi/lib/thumb/v6-m\libm.a(lib_a-k_rem_pio2.o)
 .rodata        0x00007400       0x40 c:/program files (x86)/atmel/studio/7.0/toolchain/arm/arm-gnu-toolchain/bin/../lib/gcc/arm-none-eabi/6.3.1/thumb/v6-m\libgcc.a(mulsf3.o)
 .rodata        0x00007440       0x40 c:/program files (x86)/atmel/studio/7.0/toolchain/arm/arm-gnu-toolchain/bin/../lib/gcc/arm-none-eabi/6.3.1/thumb/v6-m\libgcc.a(divdf3.o)
 .rodata        0x00007480       0x40 c:/program files (x86)/atmel/studio/7.0/toolchain/arm/arm-gnu-toolchain/bin/../lib/gcc/arm-none-eabi/6.3.1/thumb/v6-m\libgcc.a(muldf3.o)
 *(.ARM.extab* .gnu.linkonce.armextab.*)
                0x000074c0                . = ALIGN (0x4)
 *(.init)
 .init          0x000074c0        0x4 c:/program files (x86)/atmel/studio/7.0/toolchain/arm/arm-gnu-toolchain/bin/../lib/gcc/arm-none-eabi/6.3.1/thumb/v6-m/crti.o
                0x000074c0                _init
 .init          0x000074c4        0x8 c:/program files (x86)/atmel/studio/7.0/toolchain/arm/arm-gnu-toolchain/bin/../lib/gcc/arm-none-eabi/6.3.1/thumb/v6-m/crtn.o
                0x000074cc                . = ALIGN (0x4)
                0x000074cc                __preinit_array_start = .
 *(.preinit_array)
                0x000074cc                __preinit_array_end = .
                0x000074cc                . = ALIGN (0x4)
                0x000074cc                __init_array_start = .
 *(SORT(.init_array.*))
 *(.init_array)
 .init_array    0x000074cc        0x4 c:/program files (x86)/atmel/studio/7.0/toolchain/arm/arm-gnu-toolchain/bin/../lib/gcc/arm-none-eabi/6.3.1/thumb/v6-m/crtbegin.o
                0x000074d0                __init_array_end = .
                0x000074d0                . = ALIGN (0x4)
 *crtbegin.o(.ctors)
 *(EXCLUDE_FILE(*crtend.o) .ctors)
 *(SORT(.ctors.*))
 *crtend.o(.ctors)
                0x000074d0                . = ALIGN (0x4)
 *(.fini)
 .fini          0x000074d0        0x4 c:/program files (x86)/atmel/studio/7.0/toolchain/arm/arm-gnu-toolchain/bin/../lib/gcc/arm-none-eabi/6.3.1/thumb/v6-m/crti.o
                0x000074d0                _fini
 .fini          0x000074d4        0x8 c:/program files (x86)/atmel/studio/7.0/toolchain/arm/arm-gnu-toolchain/bin/../lib/gcc/arm-none-eabi/6.3.1/thumb/v6-m/crtn.o
                0x000074dc                . = ALIGN (0x4)
                0x000074dc                __fini_array_start = .
 *(.fini_array)
 .fini_array    0x000074dc        0x4 c:/program files (x86)/atmel/studio/7.0/toolchain/arm/arm-gnu-toolchain/bin/../lib/gcc/arm-none-eabi/6.3.1/thumb/v6-m/crtbegin.o
 *(SORT(.fini_array.*))
                0x000074e0                __fini_array_end = .
 *crtbegin.o(.dtors)
 *(EXCLUDE_FILE(*crtend.o) .dtors)
 *(SORT(.dtors.*))
 *crtend.o(.dtors)
                0x000074e0                . = ALIGN (0x4)
                0x000074e0                _efixed = .
                [!provide]                PROVIDE (__exidx_start, .)

.vfp11_veneer   0x000074e0        0x0
 .vfp11_veneer  0x000074e0        0x0 linker stubs

.v4_bx          0x000074e0        0x0
 .v4_bx         0x000074e0        0x0 linker stubs

.iplt           0x000074e0        0x0
 .iplt          0x000074e0        0x0 c:/program files (x86)/atmel/studio/7.0/toolchain/arm/arm-gnu-toolchain/bin/../lib/gcc/arm-none-eabi/6.3.1/thumb/v6-m/crtbegin.o

.eh_frame       0x000074e0        0x0
 .eh_frame      0x000074e0        0x0 c:/program files (x86)/atmel/studio/7.0/toolchain/arm/arm-gnu-toolchain/bin/../lib/gcc/arm-none-eabi/6.3.1/thumb/v6-m/crtbegin.o

.rel.dyn        0x000074e0        0x0
 .rel.iplt      0x000074e0        0x0 c:/program files (x86)/atmel/studio/7.0/toolchain/arm/arm-gnu-toolchain/bin/../lib/gcc/arm-none-eabi/6.3.1/thumb/v6-m/crtbegin.o

.jcr            0x000074e0        0x0
 .jcr           0x000074e0        0x0 c:/program files (x86)/atmel/studio/7.0/toolchain/arm/arm-gnu-toolchain/bin/../lib/gcc/arm-none-eabi/6.3.1/thumb/v6-m/crtbegin.o

.igot.plt       0x000074e0        0x0
 .igot.plt      0x000074e0        0x0 c:/program files (x86)/atmel/studio/7.0/toolchain/arm/arm-gnu-toolchain/bin/../lib/gcc/arm-none-eabi/6.3.1/thumb/v6-m/crtbegin.o

.ARM.exidx
 *(.ARM.exidx* .gnu.linkonce.armexidx.*)
                [!provide]                PROVIDE (__exidx_end, .)
                0x000074e0                . = ALIGN (0x4)
                0x000074e0                _etext = .

.relocate       0x20000000       0x48 load address 0x000074e0
                0x20000000                . = ALIGN (0x4)
                0x20000000                _srelocate = .
 *(.ramfunc .ramfunc.*)
 *(.data .data.*)
 .data.g_interrupt_enabled
                0x20000000        0x1 src/ASF/common/utils/interrupt/interrupt_sam_nvic.o
                0x20000000                g_interrupt_enabled
 .data.demoNumber.14449
                0x20000001        0x1 src/main.o
 .data.initialCountdown.14169
                0x20000002        0x1 src/main.o
 .data.minSegmentsOn
                0x20000003        0x1 src/main.o
                0x20000003                minSegmentsOn
 .data.startUp  0x20000004        0x1 src/main.o
 *fill*         0x20000005        0x1 
 .data.timer.14448
                0x20000006        0x2 src/main.o
 .data.waveformAddress
                0x20000008       0x3c src/main.o
                0x20000008                waveformAddress
 .data.whoAmILocation
                0x20000044        0x1 src/main.o
                0x20000048                . = ALIGN (0x4)
 *fill*         0x20000045        0x3 
                0x20000048                _erelocate = .

.bss            0x20000048      0x290 load address 0x00007528
                0x20000048                . = ALIGN (0x4)
                0x20000048                _sbss = .
                0x20000048                _szero = .
 *(.bss .bss.*)
 .bss           0x20000048       0x1c c:/program files (x86)/atmel/studio/7.0/toolchain/arm/arm-gnu-toolchain/bin/../lib/gcc/arm-none-eabi/6.3.1/thumb/v6-m/crtbegin.o
 .bss.cpu_irq_critical_section_counter
                0x20000064        0x4 src/ASF/common/utils/interrupt/interrupt_sam_nvic.o
 .bss.cpu_irq_prev_interrupt_state
                0x20000068        0x1 src/ASF/common/utils/interrupt/interrupt_sam_nvic.o
 *fill*         0x20000069        0x3 
 .bss._sercom_config
                0x2000006c        0x2 src/ASF/sam0/drivers/sercom/sercom.o
 .bss._handler_table_initialized
                0x2000006e        0x1 src/ASF/sam0/drivers/sercom/sercom_interrupt.o
 *fill*         0x2000006f        0x1 
 .bss._sercom_interrupt_handlers
                0x20000070       0x10 src/ASF/sam0/drivers/sercom/sercom_interrupt.o
 .bss._system_clock_inst
                0x20000080       0x18 src/ASF/sam0/drivers/system/clock/clock_samd21_r21_da_ha1/clock.o
 .bss.LEDIncrement.14339
                0x20000098        0x1 src/main.o
 .bss.accelerometerIsInitialized
                0x20000099        0x1 src/main.o
 .bss.count.14354
                0x2000009a        0x1 src/main.o
 .bss.count2.14355
                0x2000009b        0x1 src/main.o
 .bss.count3.14356
                0x2000009c        0x1 src/main.o
 .bss.counter.14333
                0x2000009d        0x1 src/main.o
 .bss.currentPosition.14320
                0x2000009e        0x1 src/main.o
 *fill*         0x2000009f        0x1 
 .bss.currentState
                0x200000a0        0x4 src/main.o
 .bss.lastPosition.14321
                0x200000a4        0x1 src/main.o
 .bss.ledCount.14334
                0x200000a5        0x1 src/main.o
 .bss.localState.14447
                0x200000a6        0x1 src/main.o
 *fill*         0x200000a7        0x1 
 .bss.position.14319
                0x200000a8        0x4 src/main.o
 .bss.previousSourceValue.14008
                0x200000ac        0x1 src/main.o
 *fill*         0x200000ad        0x3 
 .bss.rd_buffer
                0x200000b0        0x6 src/main.o
 .bss.segmentOnCount.14009
                0x200000b6        0x1 src/main.o
 .bss.setupRegisterToWrite.14168
                0x200000b7        0x1 src/main.o
 .bss.slot_triggered
                0x200000b8        0x1 src/main.o
 .bss.sourceValue.14007
                0x200000b9        0x1 src/main.o
 .bss.splitTime.14338
                0x200000ba        0x1 src/main.o
 .bss.stateMachineStatus
                0x200000bb        0x1 src/main.o
 .bss.timeslotCounter
                0x200000bc        0x2 src/main.o
 *fill*         0x200000be        0x2 
 .bss.twelveHourTime
                0x200000c0        0x4 src/main.o
                0x200000c0                twelveHourTime
 .bss.velocity.14324
                0x200000c4        0x4 src/main.o
 .bss.wr_buffer
                0x200000c8        0x2 src/main.o
 *(COMMON)
 COMMON         0x200000ca        0x1 src/ASF/sam0/drivers/extint/extint_callback.o
                0x200000ca                _current_channel
 *fill*         0x200000cb        0x1 
 COMMON         0x200000cc       0x40 src/ASF/sam0/drivers/extint/extint_sam_d_r_h/extint.o
                0x200000cc                _extint_dev
 COMMON         0x2000010c        0x4 src/ASF/sam0/drivers/rtc/rtc_sam_d_r_h/rtc_calendar.o
                0x2000010c                _rtc_instance
 COMMON         0x20000110       0x10 src/ASF/sam0/drivers/sercom/sercom_interrupt.o
                0x20000110                _sercom_instances
 COMMON         0x20000120        0xc src/ASF/sam0/drivers/tcc/tcc_callback.o
                0x20000120                _tcc_instances
 COMMON         0x2000012c        0xc src/ASF/sam0/drivers/tc/tc_interrupt.o
                0x2000012c                _tc_instances
 COMMON         0x20000138      0x1a0 src/main.o
                0x20000138                rtc_config_object
                0x2000014c                tcc_instance
                0x2000018c                write_byte_packet
                0x20000198                wr_packet
                0x200001a4                rtc_object
                0x200001ac                i2c_master_instance
                0x200001d4                LEDbinary
                0x20000210                tcc_instance1
                0x20000250                wake_interrupt
                0x2000025c                rd_packet
                0x20000268                tc_instance
                0x20000284                returnEic
                0x20000288                wake_interrupt_nmi
                0x20000294                currentTime
                0x2000029c                LEDdim
                0x200002d8                . = ALIGN (0x4)
                0x200002d8                _ebss = .
                0x200002d8                _ezero = .

.stack          0x200002d8     0x1000 load address 0x000077b8
                0x200002d8                . = ALIGN (0x8)
                0x200002d8                _sstack = .
                0x200012d8                . = (. + STACK_SIZE)
 *fill*         0x200002d8     0x1000 
                0x200012d8                . = ALIGN (0x8)
                0x200012d8                _estack = .
                0x200012d8                . = ALIGN (0x4)
                0x200012d8                _end = .
OUTPUT(LED_Watch.elf elf32-littlearm)

.ARM.attributes
                0x00000000       0x28
 .ARM.attributes
                0x00000000       0x1e c:/program files (x86)/atmel/studio/7.0/toolchain/arm/arm-gnu-toolchain/bin/../lib/gcc/arm-none-eabi/6.3.1/thumb/v6-m/crti.o
 .ARM.attributes
                0x0000001e       0x2c c:/program files (x86)/atmel/studio/7.0/toolchain/arm/arm-gnu-toolchain/bin/../lib/gcc/arm-none-eabi/6.3.1/thumb/v6-m/crtbegin.o
 .ARM.attributes
                0x0000004a       0x32 src/ASF/sam0/drivers/extint/extint_callback.o
 .ARM.attributes
                0x0000007c       0x32 src/ASF/sam0/drivers/extint/extint_sam_d_r_h/extint.o
 .ARM.attributes
                0x000000ae       0x32 src/ASF/common2/boards/user_board/init.o
 .ARM.attributes
                0x000000e0       0x32 src/ASF/common/utils/interrupt/interrupt_sam_nvic.o
 .ARM.attributes
                0x00000112       0x32 src/ASF/sam0/drivers/rtc/rtc_sam_d_r_h/rtc_calendar.o
 .ARM.attributes
                0x00000144       0x32 src/ASF/sam0/drivers/sercom/i2c/i2c_sam0/i2c_master.o
 .ARM.attributes
                0x00000176       0x32 src/ASF/sam0/drivers/sercom/i2c/i2c_sam0/i2c_master_interrupt.o
 .ARM.attributes
                0x000001a8       0x32 src/ASF/sam0/drivers/sercom/sercom.o
 .ARM.attributes
                0x000001da       0x32 src/ASF/sam0/drivers/sercom/sercom_interrupt.o
 .ARM.attributes
                0x0000020c       0x32 src/ASF/sam0/drivers/system/clock/clock_samd21_r21_da_ha1/clock.o
 .ARM.attributes
                0x0000023e       0x32 src/ASF/sam0/drivers/system/clock/clock_samd21_r21_da_ha1/gclk.o
 .ARM.attributes
                0x00000270       0x32 src/ASF/sam0/drivers/system/pinmux/pinmux.o
 .ARM.attributes
                0x000002a2       0x32 src/ASF/sam0/drivers/system/system.o
 .ARM.attributes
                0x000002d4       0x32 src/ASF/sam0/drivers/tcc/tcc.o
 .ARM.attributes
                0x00000306       0x32 src/ASF/sam0/drivers/tcc/tcc_callback.o
 .ARM.attributes
                0x00000338       0x32 src/ASF/sam0/drivers/tc/tc_interrupt.o
 .ARM.attributes
                0x0000036a       0x32 src/ASF/sam0/drivers/tc/tc_sam_d_r_h/tc.o
 .ARM.attributes
                0x0000039c       0x32 src/ASF/sam0/utils/cmsis/samd21/source/gcc/startup_samd21.o
 .ARM.attributes
                0x000003ce       0x32 src/main.o
 .ARM.attributes
                0x00000400       0x2c c:/program files (x86)/atmel/studio/7.0/toolchain/arm/arm-gnu-toolchain/bin/../lib/gcc/arm-none-eabi/6.3.1/../../../../arm-none-eabi/lib/thumb/v6-m\libm.a(lib_a-s_cos.o)
 .ARM.attributes
                0x0000042c       0x2c c:/program files (x86)/atmel/studio/7.0/toolchain/arm/arm-gnu-toolchain/bin/../lib/gcc/arm-none-eabi/6.3.1/../../../../arm-none-eabi/lib/thumb/v6-m\libm.a(lib_a-s_sin.o)
 .ARM.attributes
                0x00000458       0x2c c:/program files (x86)/atmel/studio/7.0/toolchain/arm/arm-gnu-toolchain/bin/../lib/gcc/arm-none-eabi/6.3.1/../../../../arm-none-eabi/lib/thumb/v6-m\libm.a(lib_a-e_rem_pio2.o)
 .ARM.attributes
                0x00000484       0x2c c:/program files (x86)/atmel/studio/7.0/toolchain/arm/arm-gnu-toolchain/bin/../lib/gcc/arm-none-eabi/6.3.1/../../../../arm-none-eabi/lib/thumb/v6-m\libm.a(lib_a-k_cos.o)
 .ARM.attributes
                0x000004b0       0x2c c:/program files (x86)/atmel/studio/7.0/toolchain/arm/arm-gnu-toolchain/bin/../lib/gcc/arm-none-eabi/6.3.1/../../../../arm-none-eabi/lib/thumb/v6-m\libm.a(lib_a-k_rem_pio2.o)
 .ARM.attributes
                0x000004dc       0x2c c:/program files (x86)/atmel/studio/7.0/toolchain/arm/arm-gnu-toolchain/bin/../lib/gcc/arm-none-eabi/6.3.1/../../../../arm-none-eabi/lib/thumb/v6-m\libm.a(lib_a-k_sin.o)
 .ARM.attributes
                0x00000508       0x2c c:/program files (x86)/atmel/studio/7.0/toolchain/arm/arm-gnu-toolchain/bin/../lib/gcc/arm-none-eabi/6.3.1/../../../../arm-none-eabi/lib/thumb/v6-m\libm.a(lib_a-s_fabs.o)
 .ARM.attributes
                0x00000534       0x2c c:/program files (x86)/atmel/studio/7.0/toolchain/arm/arm-gnu-toolchain/bin/../lib/gcc/arm-none-eabi/6.3.1/../../../../arm-none-eabi/lib/thumb/v6-m\libm.a(lib_a-s_floor.o)
 .ARM.attributes
                0x00000560       0x2c c:/program files (x86)/atmel/studio/7.0/toolchain/arm/arm-gnu-toolchain/bin/../lib/gcc/arm-none-eabi/6.3.1/../../../../arm-none-eabi/lib/thumb/v6-m\libm.a(lib_a-s_scalbn.o)
 .ARM.attributes
                0x0000058c       0x2c c:/program files (x86)/atmel/studio/7.0/toolchain/arm/arm-gnu-toolchain/bin/../lib/gcc/arm-none-eabi/6.3.1/../../../../arm-none-eabi/lib/thumb/v6-m\libm.a(lib_a-s_copysign.o)
 .ARM.attributes
                0x000005b8       0x1e c:/program files (x86)/atmel/studio/7.0/toolchain/arm/arm-gnu-toolchain/bin/../lib/gcc/arm-none-eabi/6.3.1/thumb/v6-m\libgcc.a(_udivsi3.o)
 .ARM.attributes
                0x000005d6       0x1e c:/program files (x86)/atmel/studio/7.0/toolchain/arm/arm-gnu-toolchain/bin/../lib/gcc/arm-none-eabi/6.3.1/thumb/v6-m\libgcc.a(_divsi3.o)
 .ARM.attributes
                0x000005f4       0x1e c:/program files (x86)/atmel/studio/7.0/toolchain/arm/arm-gnu-toolchain/bin/../lib/gcc/arm-none-eabi/6.3.1/thumb/v6-m\libgcc.a(_dvmd_tls.o)
 .ARM.attributes
                0x00000612       0x1e c:/program files (x86)/atmel/studio/7.0/toolchain/arm/arm-gnu-toolchain/bin/../lib/gcc/arm-none-eabi/6.3.1/thumb/v6-m\libgcc.a(_arm_cmpdf2.o)
 .ARM.attributes
                0x00000630       0x1e c:/program files (x86)/atmel/studio/7.0/toolchain/arm/arm-gnu-toolchain/bin/../lib/gcc/arm-none-eabi/6.3.1/thumb/v6-m\libgcc.a(_arm_cmpsf2.o)
 .ARM.attributes
                0x0000064e       0x2c c:/program files (x86)/atmel/studio/7.0/toolchain/arm/arm-gnu-toolchain/bin/../lib/gcc/arm-none-eabi/6.3.1/thumb/v6-m\libgcc.a(_fixunssfsi.o)
 .ARM.attributes
                0x0000067a       0x2c c:/program files (x86)/atmel/studio/7.0/toolchain/arm/arm-gnu-toolchain/bin/../lib/gcc/arm-none-eabi/6.3.1/thumb/v6-m\libgcc.a(addsf3.o)
 .ARM.attributes
                0x000006a6       0x2c c:/program files (x86)/atmel/studio/7.0/toolchain/arm/arm-gnu-toolchain/bin/../lib/gcc/arm-none-eabi/6.3.1/thumb/v6-m\libgcc.a(eqsf2.o)
 .ARM.attributes
                0x000006d2       0x2c c:/program files (x86)/atmel/studio/7.0/toolchain/arm/arm-gnu-toolchain/bin/../lib/gcc/arm-none-eabi/6.3.1/thumb/v6-m\libgcc.a(gesf2.o)
 .ARM.attributes
                0x000006fe       0x2c c:/program files (x86)/atmel/studio/7.0/toolchain/arm/arm-gnu-toolchain/bin/../lib/gcc/arm-none-eabi/6.3.1/thumb/v6-m\libgcc.a(lesf2.o)
 .ARM.attributes
                0x0000072a       0x2c c:/program files (x86)/atmel/studio/7.0/toolchain/arm/arm-gnu-toolchain/bin/../lib/gcc/arm-none-eabi/6.3.1/thumb/v6-m\libgcc.a(mulsf3.o)
 .ARM.attributes
                0x00000756       0x2c c:/program files (x86)/atmel/studio/7.0/toolchain/arm/arm-gnu-toolchain/bin/../lib/gcc/arm-none-eabi/6.3.1/thumb/v6-m\libgcc.a(subsf3.o)
 .ARM.attributes
                0x00000782       0x2c c:/program files (x86)/atmel/studio/7.0/toolchain/arm/arm-gnu-toolchain/bin/../lib/gcc/arm-none-eabi/6.3.1/thumb/v6-m\libgcc.a(fixsfsi.o)
 .ARM.attributes
                0x000007ae       0x2c c:/program files (x86)/atmel/studio/7.0/toolchain/arm/arm-gnu-toolchain/bin/../lib/gcc/arm-none-eabi/6.3.1/thumb/v6-m\libgcc.a(floatsisf.o)
 .ARM.attributes
                0x000007da       0x2c c:/program files (x86)/atmel/studio/7.0/toolchain/arm/arm-gnu-toolchain/bin/../lib/gcc/arm-none-eabi/6.3.1/thumb/v6-m\libgcc.a(floatunsisf.o)
 .ARM.attributes
                0x00000806       0x2c c:/program files (x86)/atmel/studio/7.0/toolchain/arm/arm-gnu-toolchain/bin/../lib/gcc/arm-none-eabi/6.3.1/thumb/v6-m\libgcc.a(adddf3.o)
 .ARM.attributes
                0x00000832       0x2c c:/program files (x86)/atmel/studio/7.0/toolchain/arm/arm-gnu-toolchain/bin/../lib/gcc/arm-none-eabi/6.3.1/thumb/v6-m\libgcc.a(divdf3.o)
 .ARM.attributes
                0x0000085e       0x2c c:/program files (x86)/atmel/studio/7.0/toolchain/arm/arm-gnu-toolchain/bin/../lib/gcc/arm-none-eabi/6.3.1/thumb/v6-m\libgcc.a(eqdf2.o)
 .ARM.attributes
                0x0000088a       0x2c c:/program files (x86)/atmel/studio/7.0/toolchain/arm/arm-gnu-toolchain/bin/../lib/gcc/arm-none-eabi/6.3.1/thumb/v6-m\libgcc.a(gedf2.o)
 .ARM.attributes
                0x000008b6       0x2c c:/program files (x86)/atmel/studio/7.0/toolchain/arm/arm-gnu-toolchain/bin/../lib/gcc/arm-none-eabi/6.3.1/thumb/v6-m\libgcc.a(ledf2.o)
 .ARM.attributes
                0x000008e2       0x2c c:/program files (x86)/atmel/studio/7.0/toolchain/arm/arm-gnu-toolchain/bin/../lib/gcc/arm-none-eabi/6.3.1/thumb/v6-m\libgcc.a(muldf3.o)
 .ARM.attributes
                0x0000090e       0x2c c:/program files (x86)/atmel/studio/7.0/toolchain/arm/arm-gnu-toolchain/bin/../lib/gcc/arm-none-eabi/6.3.1/thumb/v6-m\libgcc.a(subdf3.o)
 .ARM.attributes
                0x0000093a       0x2c c:/program files (x86)/atmel/studio/7.0/toolchain/arm/arm-gnu-toolchain/bin/../lib/gcc/arm-none-eabi/6.3.1/thumb/v6-m\libgcc.a(fixdfsi.o)
 .ARM.attributes
                0x00000966       0x2c c:/program files (x86)/atmel/studio/7.0/toolchain/arm/arm-gnu-toolchain/bin/../lib/gcc/arm-none-eabi/6.3.1/thumb/v6-m\libgcc.a(floatsidf.o)
 .ARM.attributes
                0x00000992       0x2c c:/program files (x86)/atmel/studio/7.0/toolchain/arm/arm-gnu-toolchain/bin/../lib/gcc/arm-none-eabi/6.3.1/thumb/v6-m\libgcc.a(floatunsidf.o)
 .ARM.attributes
                0x000009be       0x2c c:/program files (x86)/atmel/studio/7.0/toolchain/arm/arm-gnu-toolchain/bin/../lib/gcc/arm-none-eabi/6.3.1/thumb/v6-m\libgcc.a(extendsfdf2.o)
 .ARM.attributes
                0x000009ea       0x2c c:/program files (x86)/atmel/studio/7.0/toolchain/arm/arm-gnu-toolchain/bin/../lib/gcc/arm-none-eabi/6.3.1/thumb/v6-m\libgcc.a(truncdfsf2.o)
 .ARM.attributes
                0x00000a16       0x1e c:/program files (x86)/atmel/studio/7.0/toolchain/arm/arm-gnu-toolchain/bin/../lib/gcc/arm-none-eabi/6.3.1/thumb/v6-m\libgcc.a(_clzsi2.o)
 .ARM.attributes
                0x00000a34       0x2c c:/program files (x86)/atmel/studio/7.0/toolchain/arm/arm-gnu-toolchain/bin/../lib/gcc/arm-none-eabi/6.3.1/../../../../arm-none-eabi/lib/thumb/v6-m\libc_nano.a(lib_a-init.o)
 .ARM.attributes
                0x00000a60       0x1e c:/program files (x86)/atmel/studio/7.0/toolchain/arm/arm-gnu-toolchain/bin/../lib/gcc/arm-none-eabi/6.3.1/thumb/v6-m/crtn.o

.comment        0x00000000       0x59
 .comment       0x00000000       0x59 src/ASF/sam0/drivers/extint/extint_callback.o
                                 0x5a (size before relaxing)
 .comment       0x00000059       0x5a src/ASF/sam0/drivers/extint/extint_sam_d_r_h/extint.o
 .comment       0x00000059       0x5a src/ASF/common2/boards/user_board/init.o
 .comment       0x00000059       0x5a src/ASF/common/utils/interrupt/interrupt_sam_nvic.o
 .comment       0x00000059       0x5a src/ASF/sam0/drivers/rtc/rtc_sam_d_r_h/rtc_calendar.o
 .comment       0x00000059       0x5a src/ASF/sam0/drivers/sercom/i2c/i2c_sam0/i2c_master.o
 .comment       0x00000059       0x5a src/ASF/sam0/drivers/sercom/i2c/i2c_sam0/i2c_master_interrupt.o
 .comment       0x00000059       0x5a src/ASF/sam0/drivers/sercom/sercom.o
 .comment       0x00000059       0x5a src/ASF/sam0/drivers/sercom/sercom_interrupt.o
 .comment       0x00000059       0x5a src/ASF/sam0/drivers/system/clock/clock_samd21_r21_da_ha1/clock.o
 .comment       0x00000059       0x5a src/ASF/sam0/drivers/system/clock/clock_samd21_r21_da_ha1/gclk.o
 .comment       0x00000059       0x5a src/ASF/sam0/drivers/system/pinmux/pinmux.o
 .comment       0x00000059       0x5a src/ASF/sam0/drivers/system/system.o
 .comment       0x00000059       0x5a src/ASF/sam0/drivers/tcc/tcc.o
 .comment       0x00000059       0x5a src/ASF/sam0/drivers/tcc/tcc_callback.o
 .comment       0x00000059       0x5a src/ASF/sam0/drivers/tc/tc_interrupt.o
 .comment       0x00000059       0x5a src/ASF/sam0/drivers/tc/tc_sam_d_r_h/tc.o
 .comment       0x00000059       0x5a src/ASF/sam0/utils/cmsis/samd21/source/gcc/startup_samd21.o
 .comment       0x00000059       0x5a src/main.o

.debug_info     0x00000000    0x3ae96
 .debug_info    0x00000000     0x19a7 src/ASF/sam0/drivers/extint/extint_callback.o
 .debug_info    0x000019a7     0x2ad9 src/ASF/sam0/drivers/extint/extint_sam_d_r_h/extint.o
 .debug_info    0x00004480      0xab4 src/ASF/common2/boards/user_board/init.o
 .debug_info    0x00004f34      0xb07 src/ASF/common/utils/interrupt/interrupt_sam_nvic.o
 .debug_info    0x00005a3b     0x3335 src/ASF/sam0/drivers/rtc/rtc_sam_d_r_h/rtc_calendar.o
 .debug_info    0x00008d70     0x4f52 src/ASF/sam0/drivers/sercom/i2c/i2c_sam0/i2c_master.o
 .debug_info    0x0000dcc2     0x312d src/ASF/sam0/drivers/sercom/i2c/i2c_sam0/i2c_master_interrupt.o
 .debug_info    0x00010def     0x2dc7 src/ASF/sam0/drivers/sercom/sercom.o
 .debug_info    0x00013bb6     0x2b6f src/ASF/sam0/drivers/sercom/sercom_interrupt.o
 .debug_info    0x00016725     0x39c0 src/ASF/sam0/drivers/system/clock/clock_samd21_r21_da_ha1/clock.o
 .debug_info    0x0001a0e5     0x1ec7 src/ASF/sam0/drivers/system/clock/clock_samd21_r21_da_ha1/gclk.o
 .debug_info    0x0001bfac     0x13f3 src/ASF/sam0/drivers/system/pinmux/pinmux.o
 .debug_info    0x0001d39f      0xa73 src/ASF/sam0/drivers/system/system.o
 .debug_info    0x0001de12     0x4cde src/ASF/sam0/drivers/tcc/tcc.o
 .debug_info    0x00022af0     0x313b src/ASF/sam0/drivers/tcc/tcc_callback.o
 .debug_info    0x00025c2b     0x1b42 src/ASF/sam0/drivers/tc/tc_interrupt.o
 .debug_info    0x0002776d     0x2f58 src/ASF/sam0/drivers/tc/tc_sam_d_r_h/tc.o
 .debug_info    0x0002a6c5     0x3a3f src/ASF/sam0/utils/cmsis/samd21/source/gcc/startup_samd21.o
 .debug_info    0x0002e104     0xcd92 src/main.o

.debug_abbrev   0x00000000     0x4657
 .debug_abbrev  0x00000000      0x333 src/ASF/sam0/drivers/extint/extint_callback.o
 .debug_abbrev  0x00000333      0x4b4 src/ASF/sam0/drivers/extint/extint_sam_d_r_h/extint.o
 .debug_abbrev  0x000007e7      0x1c3 src/ASF/common2/boards/user_board/init.o
 .debug_abbrev  0x000009aa      0x22c src/ASF/common/utils/interrupt/interrupt_sam_nvic.o
 .debug_abbrev  0x00000bd6      0x4c8 src/ASF/sam0/drivers/rtc/rtc_sam_d_r_h/rtc_calendar.o
 .debug_abbrev  0x0000109e      0x50c src/ASF/sam0/drivers/sercom/i2c/i2c_sam0/i2c_master.o
 .debug_abbrev  0x000015aa      0x427 src/ASF/sam0/drivers/sercom/i2c/i2c_sam0/i2c_master_interrupt.o
 .debug_abbrev  0x000019d1      0x378 src/ASF/sam0/drivers/sercom/sercom.o
 .debug_abbrev  0x00001d49      0x2da src/ASF/sam0/drivers/sercom/sercom_interrupt.o
 .debug_abbrev  0x00002023      0x493 src/ASF/sam0/drivers/system/clock/clock_samd21_r21_da_ha1/clock.o
 .debug_abbrev  0x000024b6      0x40d src/ASF/sam0/drivers/system/clock/clock_samd21_r21_da_ha1/gclk.o
 .debug_abbrev  0x000028c3      0x361 src/ASF/sam0/drivers/system/pinmux/pinmux.o
 .debug_abbrev  0x00002c24      0x1e1 src/ASF/sam0/drivers/system/system.o
 .debug_abbrev  0x00002e05      0x479 src/ASF/sam0/drivers/tcc/tcc.o
 .debug_abbrev  0x0000327e      0x3aa src/ASF/sam0/drivers/tcc/tcc_callback.o
 .debug_abbrev  0x00003628      0x2ff src/ASF/sam0/drivers/tc/tc_interrupt.o
 .debug_abbrev  0x00003927      0x444 src/ASF/sam0/drivers/tc/tc_sam_d_r_h/tc.o
 .debug_abbrev  0x00003d6b      0x234 src/ASF/sam0/utils/cmsis/samd21/source/gcc/startup_samd21.o
 .debug_abbrev  0x00003f9f      0x6b8 src/main.o

.debug_loc      0x00000000     0x8f4c
 .debug_loc     0x00000000      0x2ac src/ASF/sam0/drivers/extint/extint_callback.o
 .debug_loc     0x000002ac      0x41d src/ASF/sam0/drivers/extint/extint_sam_d_r_h/extint.o
 .debug_loc     0x000006c9      0x945 src/ASF/sam0/drivers/rtc/rtc_sam_d_r_h/rtc_calendar.o
 .debug_loc     0x0000100e      0xff8 src/ASF/sam0/drivers/sercom/i2c/i2c_sam0/i2c_master.o
 .debug_loc     0x00002006      0x7ec src/ASF/sam0/drivers/sercom/i2c/i2c_sam0/i2c_master_interrupt.o
 .debug_loc     0x000027f2      0x93e src/ASF/sam0/drivers/sercom/sercom.o
 .debug_loc     0x00003130      0x165 src/ASF/sam0/drivers/sercom/sercom_interrupt.o
 .debug_loc     0x00003295      0xf9d src/ASF/sam0/drivers/system/clock/clock_samd21_r21_da_ha1/clock.o
 .debug_loc     0x00004232      0x504 src/ASF/sam0/drivers/system/clock/clock_samd21_r21_da_ha1/gclk.o
 .debug_loc     0x00004736      0x36d src/ASF/sam0/drivers/system/pinmux/pinmux.o
 .debug_loc     0x00004aa3       0x20 src/ASF/sam0/drivers/system/system.o
 .debug_loc     0x00004ac3     0x15d2 src/ASF/sam0/drivers/tcc/tcc.o
 .debug_loc     0x00006095      0x245 src/ASF/sam0/drivers/tcc/tcc_callback.o
 .debug_loc     0x000062da      0x188 src/ASF/sam0/drivers/tc/tc_interrupt.o
 .debug_loc     0x00006462      0xdfd src/ASF/sam0/drivers/tc/tc_sam_d_r_h/tc.o
 .debug_loc     0x0000725f       0x40 src/ASF/sam0/utils/cmsis/samd21/source/gcc/startup_samd21.o
 .debug_loc     0x0000729f     0x1cad src/main.o

.debug_aranges  0x00000000      0x898
 .debug_aranges
                0x00000000       0x48 src/ASF/sam0/drivers/extint/extint_callback.o
 .debug_aranges
                0x00000048       0x50 src/ASF/sam0/drivers/extint/extint_sam_d_r_h/extint.o
 .debug_aranges
                0x00000098       0x20 src/ASF/common2/boards/user_board/init.o
 .debug_aranges
                0x000000b8       0x28 src/ASF/common/utils/interrupt/interrupt_sam_nvic.o
 .debug_aranges
                0x000000e0       0x78 src/ASF/sam0/drivers/rtc/rtc_sam_d_r_h/rtc_calendar.o
 .debug_aranges
                0x00000158       0xa0 src/ASF/sam0/drivers/sercom/i2c/i2c_sam0/i2c_master.o
 .debug_aranges
                0x000001f8       0x90 src/ASF/sam0/drivers/sercom/i2c/i2c_sam0/i2c_master_interrupt.o
 .debug_aranges
                0x00000288       0x48 src/ASF/sam0/drivers/sercom/sercom.o
 .debug_aranges
                0x000002d0       0x50 src/ASF/sam0/drivers/sercom/sercom_interrupt.o
 .debug_aranges
                0x00000320       0x78 src/ASF/sam0/drivers/system/clock/clock_samd21_r21_da_ha1/clock.o
 .debug_aranges
                0x00000398       0x80 src/ASF/sam0/drivers/system/clock/clock_samd21_r21_da_ha1/gclk.o
 .debug_aranges
                0x00000418       0x40 src/ASF/sam0/drivers/system/pinmux/pinmux.o
 .debug_aranges
                0x00000458       0x28 src/ASF/sam0/drivers/system/system.o
 .debug_aranges
                0x00000480       0xb0 src/ASF/sam0/drivers/tcc/tcc.o
 .debug_aranges
                0x00000530       0x58 src/ASF/sam0/drivers/tcc/tcc_callback.o
 .debug_aranges
                0x00000588       0x48 src/ASF/sam0/drivers/tc/tc_interrupt.o
 .debug_aranges
                0x000005d0       0x58 src/ASF/sam0/drivers/tc/tc_sam_d_r_h/tc.o
 .debug_aranges
                0x00000628       0x28 src/ASF/sam0/utils/cmsis/samd21/source/gcc/startup_samd21.o
 .debug_aranges
                0x00000650      0x248 src/main.o

.debug_ranges   0x00000000      0xbe0
 .debug_ranges  0x00000000       0x90 src/ASF/sam0/drivers/extint/extint_callback.o
 .debug_ranges  0x00000090       0x40 src/ASF/sam0/drivers/extint/extint_sam_d_r_h/extint.o
 .debug_ranges  0x000000d0       0x10 src/ASF/common2/boards/user_board/init.o
 .debug_ranges  0x000000e0       0x18 src/ASF/common/utils/interrupt/interrupt_sam_nvic.o
 .debug_ranges  0x000000f8       0xb0 src/ASF/sam0/drivers/rtc/rtc_sam_d_r_h/rtc_calendar.o
 .debug_ranges  0x000001a8       0xa8 src/ASF/sam0/drivers/sercom/i2c/i2c_sam0/i2c_master.o
 .debug_ranges  0x00000250       0x98 src/ASF/sam0/drivers/sercom/i2c/i2c_sam0/i2c_master_interrupt.o
 .debug_ranges  0x000002e8       0x58 src/ASF/sam0/drivers/sercom/sercom.o
 .debug_ranges  0x00000340       0x40 src/ASF/sam0/drivers/sercom/sercom_interrupt.o
 .debug_ranges  0x00000380       0x68 src/ASF/sam0/drivers/system/clock/clock_samd21_r21_da_ha1/clock.o
 .debug_ranges  0x000003e8       0x88 src/ASF/sam0/drivers/system/clock/clock_samd21_r21_da_ha1/gclk.o
 .debug_ranges  0x00000470       0x30 src/ASF/sam0/drivers/system/pinmux/pinmux.o
 .debug_ranges  0x000004a0       0x18 src/ASF/sam0/drivers/system/system.o
 .debug_ranges  0x000004b8      0x188 src/ASF/sam0/drivers/tcc/tcc.o
 .debug_ranges  0x00000640       0x48 src/ASF/sam0/drivers/tcc/tcc_callback.o
 .debug_ranges  0x00000688       0x38 src/ASF/sam0/drivers/tc/tc_interrupt.o
 .debug_ranges  0x000006c0       0x98 src/ASF/sam0/drivers/tc/tc_sam_d_r_h/tc.o
 .debug_ranges  0x00000758       0x18 src/ASF/sam0/utils/cmsis/samd21/source/gcc/startup_samd21.o
 .debug_ranges  0x00000770      0x470 src/main.o

.debug_macro    0x00000000     0x722d
 .debug_macro   0x00000000      0x50f src/ASF/sam0/drivers/extint/extint_callback.o
 .debug_macro   0x0000050f       0x19 src/ASF/sam0/drivers/extint/extint_callback.o
 .debug_macro   0x00000528      0x569 src/ASF/sam0/drivers/extint/extint_sam_d_r_h/extint.o
 .debug_macro   0x00000a91       0x2e src/ASF/sam0/drivers/extint/extint_sam_d_r_h/extint.o
 .debug_macro   0x00000abf       0x1f src/ASF/sam0/drivers/extint/extint_sam_d_r_h/extint.o
 .debug_macro   0x00000ade       0x16 src/ASF/sam0/drivers/extint/extint_sam_d_r_h/extint.o
 .debug_macro   0x00000af4      0x68b src/ASF/common2/boards/user_board/init.o
 .debug_macro   0x0000117f      0x2c3 src/ASF/common2/boards/user_board/init.o
 .debug_macro   0x00001442       0x7c src/ASF/common2/boards/user_board/init.o
 .debug_macro   0x000014be       0x11 src/ASF/common2/boards/user_board/init.o
 .debug_macro   0x000014cf      0x2aa src/ASF/common2/boards/user_board/init.o
 .debug_macro   0x00001779       0x7a src/ASF/common2/boards/user_board/init.o
 .debug_macro   0x000017f3       0x10 src/ASF/common2/boards/user_board/init.o
 .debug_macro   0x00001803       0x2d src/ASF/common2/boards/user_board/init.o
 .debug_macro   0x00001830       0x6c src/ASF/common2/boards/user_board/init.o
 .debug_macro   0x0000189c       0x8f src/ASF/common2/boards/user_board/init.o
 .debug_macro   0x0000192b      0x4ea src/ASF/common/utils/interrupt/interrupt_sam_nvic.o
 .debug_macro   0x00001e15      0x522 src/ASF/sam0/drivers/rtc/rtc_sam_d_r_h/rtc_calendar.o
 .debug_macro   0x00002337      0x599 src/ASF/sam0/drivers/sercom/i2c/i2c_sam0/i2c_master.o
 .debug_macro   0x000028d0       0x27 src/ASF/sam0/drivers/sercom/i2c/i2c_sam0/i2c_master.o
 .debug_macro   0x000028f7      0x595 src/ASF/sam0/drivers/sercom/i2c/i2c_sam0/i2c_master_interrupt.o
 .debug_macro   0x00002e8c      0x577 src/ASF/sam0/drivers/sercom/sercom.o
 .debug_macro   0x00003403      0x574 src/ASF/sam0/drivers/sercom/sercom_interrupt.o
 .debug_macro   0x00003977      0x569 src/ASF/sam0/drivers/system/clock/clock_samd21_r21_da_ha1/clock.o
 .debug_macro   0x00003ee0      0x520 src/ASF/sam0/drivers/system/clock/clock_samd21_r21_da_ha1/gclk.o
 .debug_macro   0x00004400      0x4fa src/ASF/sam0/drivers/system/pinmux/pinmux.o
 .debug_macro   0x000048fa       0x12 src/ASF/sam0/drivers/system/pinmux/pinmux.o
 .debug_macro   0x0000490c      0x52d src/ASF/sam0/drivers/system/system.o
 .debug_macro   0x00004e39      0x631 src/ASF/sam0/drivers/tcc/tcc.o
 .debug_macro   0x0000546a       0x19 src/ASF/sam0/drivers/tcc/tcc.o
 .debug_macro   0x00005483       0x74 src/ASF/sam0/drivers/tcc/tcc.o
 .debug_macro   0x000054f7      0x564 src/ASF/sam0/drivers/tcc/tcc_callback.o
 .debug_macro   0x00005a5b      0x557 src/ASF/sam0/drivers/tc/tc_interrupt.o
 .debug_macro   0x00005fb2       0x19 src/ASF/sam0/drivers/tc/tc_interrupt.o
 .debug_macro   0x00005fcb       0x51 src/ASF/sam0/drivers/tc/tc_interrupt.o
 .debug_macro   0x0000601c      0x573 src/ASF/sam0/drivers/tc/tc_sam_d_r_h/tc.o
 .debug_macro   0x0000658f      0x2d1 src/ASF/sam0/utils/cmsis/samd21/source/gcc/startup_samd21.o
 .debug_macro   0x00006860       0x3a src/ASF/sam0/utils/cmsis/samd21/source/gcc/startup_samd21.o
 .debug_macro   0x0000689a      0x708 src/main.o
 .debug_macro   0x00006fa2      0x1e1 src/main.o
 .debug_macro   0x00007183       0x16 src/main.o
 .debug_macro   0x00007199       0x16 src/main.o
 .debug_macro   0x000071af       0x10 src/main.o
 .debug_macro   0x000071bf       0x58 src/main.o
 .debug_macro   0x00007217       0x16 src/main.o

.debug_line     0x00000000     0xe693
 .debug_line    0x00000000      0x9ae src/ASF/sam0/drivers/extint/extint_callback.o
 .debug_line    0x000009ae      0xc09 src/ASF/sam0/drivers/extint/extint_sam_d_r_h/extint.o
 .debug_line    0x000015b7      0xd8d src/ASF/common2/boards/user_board/init.o
 .debug_line    0x00002344      0x8ab src/ASF/common/utils/interrupt/interrupt_sam_nvic.o
 .debug_line    0x00002bef      0xb74 src/ASF/sam0/drivers/rtc/rtc_sam_d_r_h/rtc_calendar.o
 .debug_line    0x00003763      0xe2f src/ASF/sam0/drivers/sercom/i2c/i2c_sam0/i2c_master.o
 .debug_line    0x00004592      0xdaa src/ASF/sam0/drivers/sercom/i2c/i2c_sam0/i2c_master_interrupt.o
 .debug_line    0x0000533c      0xb92 src/ASF/sam0/drivers/sercom/sercom.o
 .debug_line    0x00005ece      0xb2a src/ASF/sam0/drivers/sercom/sercom_interrupt.o
 .debug_line    0x000069f8      0xcab src/ASF/sam0/drivers/system/clock/clock_samd21_r21_da_ha1/clock.o
 .debug_line    0x000076a3      0xc54 src/ASF/sam0/drivers/system/clock/clock_samd21_r21_da_ha1/gclk.o
 .debug_line    0x000082f7      0x925 src/ASF/sam0/drivers/system/pinmux/pinmux.o
 .debug_line    0x00008c1c      0x9cf src/ASF/sam0/drivers/system/system.o
 .debug_line    0x000095eb      0xe32 src/ASF/sam0/drivers/tcc/tcc.o
 .debug_line    0x0000a41d      0xa95 src/ASF/sam0/drivers/tcc/tcc_callback.o
 .debug_line    0x0000aeb2      0xa5e src/ASF/sam0/drivers/tc/tc_interrupt.o
 .debug_line    0x0000b910      0xd73 src/ASF/sam0/drivers/tc/tc_sam_d_r_h/tc.o
 .debug_line    0x0000c683      0x62a src/ASF/sam0/utils/cmsis/samd21/source/gcc/startup_samd21.o
 .debug_line    0x0000ccad     0x19e6 src/main.o

.debug_str      0x00000000    0x894e3
 .debug_str     0x00000000    0x7c339 src/ASF/sam0/drivers/extint/extint_callback.o
                              0x7cc86 (size before relaxing)
 .debug_str     0x0007c339     0x107a src/ASF/sam0/drivers/extint/extint_sam_d_r_h/extint.o
                              0x7dc35 (size before relaxing)
 .debug_str     0x0007d3b3     0x27b7 src/ASF/common2/boards/user_board/init.o
                              0x7eea7 (size before relaxing)
 .debug_str     0x0007fb6a       0x94 src/ASF/common/utils/interrupt/interrupt_sam_nvic.o
                              0x7c443 (size before relaxing)
 .debug_str     0x0007fbfe      0x84c src/ASF/sam0/drivers/rtc/rtc_sam_d_r_h/rtc_calendar.o
                              0x7e50a (size before relaxing)
 .debug_str     0x0008044a     0x1064 src/ASF/sam0/drivers/sercom/i2c/i2c_sam0/i2c_master.o
                              0x7e8d5 (size before relaxing)
 .debug_str     0x000814ae      0x248 src/ASF/sam0/drivers/sercom/i2c/i2c_sam0/i2c_master_interrupt.o
                              0x7d8ed (size before relaxing)
 .debug_str     0x000816f6      0x367 src/ASF/sam0/drivers/sercom/sercom.o
                              0x7d992 (size before relaxing)
 .debug_str     0x00081a5d      0x158 src/ASF/sam0/drivers/sercom/sercom_interrupt.o
                              0x7d795 (size before relaxing)
 .debug_str     0x00081bb5     0x1795 src/ASF/sam0/drivers/system/clock/clock_samd21_r21_da_ha1/clock.o
                              0x7f6d2 (size before relaxing)
 .debug_str     0x0008334a      0x1d9 src/ASF/sam0/drivers/system/clock/clock_samd21_r21_da_ha1/gclk.o
                              0x7d106 (size before relaxing)
 .debug_str     0x00083523      0x340 src/ASF/sam0/drivers/system/pinmux/pinmux.o
                              0x7c8e5 (size before relaxing)
 .debug_str     0x00083863       0x47 src/ASF/sam0/drivers/system/system.o
                              0x7c520 (size before relaxing)
 .debug_str     0x000838aa     0x23a1 src/ASF/sam0/drivers/tcc/tcc.o
                              0x7f8f7 (size before relaxing)
 .debug_str     0x00085c4b      0x1b0 src/ASF/sam0/drivers/tcc/tcc_callback.o
                              0x7dd5e (size before relaxing)
 .debug_str     0x00085dfb      0x2dd src/ASF/sam0/drivers/tc/tc_interrupt.o
                              0x7d194 (size before relaxing)
 .debug_str     0x000860d8      0x4fa src/ASF/sam0/drivers/tc/tc_sam_d_r_h/tc.o
                              0x7da98 (size before relaxing)
 .debug_str     0x000865d2      0xf01 src/ASF/sam0/utils/cmsis/samd21/source/gcc/startup_samd21.o
                              0x6791d (size before relaxing)
 .debug_str     0x000874d3     0x2010 src/main.o
                              0x84ff3 (size before relaxing)

.debug_frame    0x00000000     0x1cdc
 .debug_frame   0x00000000       0x7c src/ASF/sam0/drivers/extint/extint_callback.o
 .debug_frame   0x0000007c       0xb8 src/ASF/sam0/drivers/extint/extint_sam_d_r_h/extint.o
 .debug_frame   0x00000134       0x20 src/ASF/common2/boards/user_board/init.o
 .debug_frame   0x00000154       0x30 src/ASF/common/utils/interrupt/interrupt_sam_nvic.o
 .debug_frame   0x00000184      0x130 src/ASF/sam0/drivers/rtc/rtc_sam_d_r_h/rtc_calendar.o
 .debug_frame   0x000002b4      0x1f0 src/ASF/sam0/drivers/sercom/i2c/i2c_sam0/i2c_master.o
 .debug_frame   0x000004a4      0x170 src/ASF/sam0/drivers/sercom/i2c/i2c_sam0/i2c_master_interrupt.o
 .debug_frame   0x00000614       0xbc src/ASF/sam0/drivers/sercom/sercom.o
 .debug_frame   0x000006d0       0xb8 src/ASF/sam0/drivers/sercom/sercom_interrupt.o
 .debug_frame   0x00000788      0x158 src/ASF/sam0/drivers/system/clock/clock_samd21_r21_da_ha1/clock.o
 .debug_frame   0x000008e0      0x148 src/ASF/sam0/drivers/system/clock/clock_samd21_r21_da_ha1/gclk.o
 .debug_frame   0x00000a28       0x98 src/ASF/sam0/drivers/system/pinmux/pinmux.o
 .debug_frame   0x00000ac0       0x38 src/ASF/sam0/drivers/system/system.o
 .debug_frame   0x00000af8      0x21c src/ASF/sam0/drivers/tcc/tcc.o
 .debug_frame   0x00000d14       0xd4 src/ASF/sam0/drivers/tcc/tcc_callback.o
 .debug_frame   0x00000de8       0x94 src/ASF/sam0/drivers/tc/tc_interrupt.o
 .debug_frame   0x00000e7c       0xb4 src/ASF/sam0/drivers/tc/tc_sam_d_r_h/tc.o
 .debug_frame   0x00000f30       0x40 src/ASF/sam0/utils/cmsis/samd21/source/gcc/startup_samd21.o
 .debug_frame   0x00000f70      0x6cc src/main.o
 .debug_frame   0x0000163c       0x2c c:/program files (x86)/atmel/studio/7.0/toolchain/arm/arm-gnu-toolchain/bin/../lib/gcc/arm-none-eabi/6.3.1/../../../../arm-none-eabi/lib/thumb/v6-m\libm.a(lib_a-s_cos.o)
 .debug_frame   0x00001668       0x2c c:/program files (x86)/atmel/studio/7.0/toolchain/arm/arm-gnu-toolchain/bin/../lib/gcc/arm-none-eabi/6.3.1/../../../../arm-none-eabi/lib/thumb/v6-m\libm.a(lib_a-s_sin.o)
 .debug_frame   0x00001694       0x3c c:/program files (x86)/atmel/studio/7.0/toolchain/arm/arm-gnu-toolchain/bin/../lib/gcc/arm-none-eabi/6.3.1/../../../../arm-none-eabi/lib/thumb/v6-m\libm.a(lib_a-e_rem_pio2.o)
 .debug_frame   0x000016d0       0x38 c:/program files (x86)/atmel/studio/7.0/toolchain/arm/arm-gnu-toolchain/bin/../lib/gcc/arm-none-eabi/6.3.1/../../../../arm-none-eabi/lib/thumb/v6-m\libm.a(lib_a-k_cos.o)
 .debug_frame   0x00001708       0x3c c:/program files (x86)/atmel/studio/7.0/toolchain/arm/arm-gnu-toolchain/bin/../lib/gcc/arm-none-eabi/6.3.1/../../../../arm-none-eabi/lib/thumb/v6-m\libm.a(lib_a-k_rem_pio2.o)
 .debug_frame   0x00001744       0x38 c:/program files (x86)/atmel/studio/7.0/toolchain/arm/arm-gnu-toolchain/bin/../lib/gcc/arm-none-eabi/6.3.1/../../../../arm-none-eabi/lib/thumb/v6-m\libm.a(lib_a-k_sin.o)
 .debug_frame   0x0000177c       0x20 c:/program files (x86)/atmel/studio/7.0/toolchain/arm/arm-gnu-toolchain/bin/../lib/gcc/arm-none-eabi/6.3.1/../../../../arm-none-eabi/lib/thumb/v6-m\libm.a(lib_a-s_fabs.o)
 .debug_frame   0x0000179c       0x3c c:/program files (x86)/atmel/studio/7.0/toolchain/arm/arm-gnu-toolchain/bin/../lib/gcc/arm-none-eabi/6.3.1/../../../../arm-none-eabi/lib/thumb/v6-m\libm.a(lib_a-s_floor.o)
 .debug_frame   0x000017d8       0x2c c:/program files (x86)/atmel/studio/7.0/toolchain/arm/arm-gnu-toolchain/bin/../lib/gcc/arm-none-eabi/6.3.1/../../../../arm-none-eabi/lib/thumb/v6-m\libm.a(lib_a-s_scalbn.o)
 .debug_frame   0x00001804       0x2c c:/program files (x86)/atmel/studio/7.0/toolchain/arm/arm-gnu-toolchain/bin/../lib/gcc/arm-none-eabi/6.3.1/../../../../arm-none-eabi/lib/thumb/v6-m\libm.a(lib_a-s_copysign.o)
 .debug_frame   0x00001830       0x20 c:/program files (x86)/atmel/studio/7.0/toolchain/arm/arm-gnu-toolchain/bin/../lib/gcc/arm-none-eabi/6.3.1/thumb/v6-m\libgcc.a(_udivsi3.o)
 .debug_frame   0x00001850       0x20 c:/program files (x86)/atmel/studio/7.0/toolchain/arm/arm-gnu-toolchain/bin/../lib/gcc/arm-none-eabi/6.3.1/thumb/v6-m\libgcc.a(_divsi3.o)
 .debug_frame   0x00001870       0x28 c:/program files (x86)/atmel/studio/7.0/toolchain/arm/arm-gnu-toolchain/bin/../lib/gcc/arm-none-eabi/6.3.1/thumb/v6-m\libgcc.a(_fixunssfsi.o)
 .debug_frame   0x00001898       0x34 c:/program files (x86)/atmel/studio/7.0/toolchain/arm/arm-gnu-toolchain/bin/../lib/gcc/arm-none-eabi/6.3.1/thumb/v6-m\libgcc.a(addsf3.o)
 .debug_frame   0x000018cc       0x2c c:/program files (x86)/atmel/studio/7.0/toolchain/arm/arm-gnu-toolchain/bin/../lib/gcc/arm-none-eabi/6.3.1/thumb/v6-m\libgcc.a(eqsf2.o)
 .debug_frame   0x000018f8       0x30 c:/program files (x86)/atmel/studio/7.0/toolchain/arm/arm-gnu-toolchain/bin/../lib/gcc/arm-none-eabi/6.3.1/thumb/v6-m\libgcc.a(gesf2.o)
 .debug_frame   0x00001928       0x30 c:/program files (x86)/atmel/studio/7.0/toolchain/arm/arm-gnu-toolchain/bin/../lib/gcc/arm-none-eabi/6.3.1/thumb/v6-m\libgcc.a(lesf2.o)
 .debug_frame   0x00001958       0x3c c:/program files (x86)/atmel/studio/7.0/toolchain/arm/arm-gnu-toolchain/bin/../lib/gcc/arm-none-eabi/6.3.1/thumb/v6-m\libgcc.a(mulsf3.o)
 .debug_frame   0x00001994       0x38 c:/program files (x86)/atmel/studio/7.0/toolchain/arm/arm-gnu-toolchain/bin/../lib/gcc/arm-none-eabi/6.3.1/thumb/v6-m\libgcc.a(subsf3.o)
 .debug_frame   0x000019cc       0x20 c:/program files (x86)/atmel/studio/7.0/toolchain/arm/arm-gnu-toolchain/bin/../lib/gcc/arm-none-eabi/6.3.1/thumb/v6-m\libgcc.a(fixsfsi.o)
 .debug_frame   0x000019ec       0x2c c:/program files (x86)/atmel/studio/7.0/toolchain/arm/arm-gnu-toolchain/bin/../lib/gcc/arm-none-eabi/6.3.1/thumb/v6-m\libgcc.a(floatsisf.o)
 .debug_frame   0x00001a18       0x28 c:/program files (x86)/atmel/studio/7.0/toolchain/arm/arm-gnu-toolchain/bin/../lib/gcc/arm-none-eabi/6.3.1/thumb/v6-m\libgcc.a(floatunsisf.o)
 .debug_frame   0x00001a40       0x3c c:/program files (x86)/atmel/studio/7.0/toolchain/arm/arm-gnu-toolchain/bin/../lib/gcc/arm-none-eabi/6.3.1/thumb/v6-m\libgcc.a(adddf3.o)
 .debug_frame   0x00001a7c       0x3c c:/program files (x86)/atmel/studio/7.0/toolchain/arm/arm-gnu-toolchain/bin/../lib/gcc/arm-none-eabi/6.3.1/thumb/v6-m\libgcc.a(divdf3.o)
 .debug_frame   0x00001ab8       0x38 c:/program files (x86)/atmel/studio/7.0/toolchain/arm/arm-gnu-toolchain/bin/../lib/gcc/arm-none-eabi/6.3.1/thumb/v6-m\libgcc.a(eqdf2.o)
 .debug_frame   0x00001af0       0x38 c:/program files (x86)/atmel/studio/7.0/toolchain/arm/arm-gnu-toolchain/bin/../lib/gcc/arm-none-eabi/6.3.1/thumb/v6-m\libgcc.a(gedf2.o)
 .debug_frame   0x00001b28       0x38 c:/program files (x86)/atmel/studio/7.0/toolchain/arm/arm-gnu-toolchain/bin/../lib/gcc/arm-none-eabi/6.3.1/thumb/v6-m\libgcc.a(ledf2.o)
 .debug_frame   0x00001b60       0x3c c:/program files (x86)/atmel/studio/7.0/toolchain/arm/arm-gnu-toolchain/bin/../lib/gcc/arm-none-eabi/6.3.1/thumb/v6-m\libgcc.a(muldf3.o)
 .debug_frame   0x00001b9c       0x38 c:/program files (x86)/atmel/studio/7.0/toolchain/arm/arm-gnu-toolchain/bin/../lib/gcc/arm-none-eabi/6.3.1/thumb/v6-m\libgcc.a(subdf3.o)
 .debug_frame   0x00001bd4       0x2c c:/program files (x86)/atmel/studio/7.0/toolchain/arm/arm-gnu-toolchain/bin/../lib/gcc/arm-none-eabi/6.3.1/thumb/v6-m\libgcc.a(fixdfsi.o)
 .debug_frame   0x00001c00       0x2c c:/program files (x86)/atmel/studio/7.0/toolchain/arm/arm-gnu-toolchain/bin/../lib/gcc/arm-none-eabi/6.3.1/thumb/v6-m\libgcc.a(floatsidf.o)
 .debug_frame   0x00001c2c       0x28 c:/program files (x86)/atmel/studio/7.0/toolchain/arm/arm-gnu-toolchain/bin/../lib/gcc/arm-none-eabi/6.3.1/thumb/v6-m\libgcc.a(floatunsidf.o)
 .debug_frame   0x00001c54       0x2c c:/program files (x86)/atmel/studio/7.0/toolchain/arm/arm-gnu-toolchain/bin/../lib/gcc/arm-none-eabi/6.3.1/thumb/v6-m\libgcc.a(extendsfdf2.o)
 .debug_frame   0x00001c80       0x30 c:/program files (x86)/atmel/studio/7.0/toolchain/arm/arm-gnu-toolchain/bin/../lib/gcc/arm-none-eabi/6.3.1/thumb/v6-m\libgcc.a(truncdfsf2.o)
 .debug_frame   0x00001cb0       0x2c c:/program files (x86)/atmel/studio/7.0/toolchain/arm/arm-gnu-toolchain/bin/../lib/gcc/arm-none-eabi/6.3.1/../../../../arm-none-eabi/lib/thumb/v6-m\libc_nano.a(lib_a-init.o)

Cross Reference Table

Symbol                                            File
AC_Handler                                        src/ASF/sam0/utils/cmsis/samd21/source/gcc/startup_samd21.o
ADC_Handler                                       src/ASF/sam0/utils/cmsis/samd21/source/gcc/startup_samd21.o
DAC_Handler                                       src/ASF/sam0/utils/cmsis/samd21/source/gcc/startup_samd21.o
DMAC_Handler                                      src/ASF/sam0/utils/cmsis/samd21/source/gcc/startup_samd21.o
Dummy_Handler                                     src/ASF/sam0/utils/cmsis/samd21/source/gcc/startup_samd21.o
EIC_Handler                                       src/ASF/sam0/drivers/extint/extint_callback.o
EVSYS_Handler                                     src/ASF/sam0/utils/cmsis/samd21/source/gcc/startup_samd21.o
HardFault_Handler                                 src/ASF/sam0/utils/cmsis/samd21/source/gcc/startup_samd21.o
I2S_Handler                                       src/ASF/sam0/utils/cmsis/samd21/source/gcc/startup_samd21.o
LEDbinary                                         src/main.o
LEDdim                                            src/main.o
NMI_Handler                                       src/ASF/sam0/utils/cmsis/samd21/source/gcc/startup_samd21.o
NVMCTRL_Handler                                   src/ASF/sam0/utils/cmsis/samd21/source/gcc/startup_samd21.o
PM_Handler                                        src/ASF/sam0/utils/cmsis/samd21/source/gcc/startup_samd21.o
PTC_Handler                                       src/ASF/sam0/utils/cmsis/samd21/source/gcc/startup_samd21.o
PendSV_Handler                                    src/ASF/sam0/utils/cmsis/samd21/source/gcc/startup_samd21.o
RTC_Handler                                       src/ASF/sam0/utils/cmsis/samd21/source/gcc/startup_samd21.o
Reset_Handler                                     src/ASF/sam0/utils/cmsis/samd21/source/gcc/startup_samd21.o
SERCOM0_Handler                                   src/ASF/sam0/drivers/sercom/sercom_interrupt.o
SERCOM1_Handler                                   src/ASF/sam0/drivers/sercom/sercom_interrupt.o
SERCOM2_Handler                                   src/ASF/sam0/drivers/sercom/sercom_interrupt.o
SERCOM3_Handler                                   src/ASF/sam0/drivers/sercom/sercom_interrupt.o
SVC_Handler                                       src/ASF/sam0/utils/cmsis/samd21/source/gcc/startup_samd21.o
SYSCTRL_Handler                                   src/ASF/sam0/utils/cmsis/samd21/source/gcc/startup_samd21.o
SysTick_Handler                                   src/ASF/sam0/utils/cmsis/samd21/source/gcc/startup_samd21.o
SystemCoreClock                                   src/ASF/sam0/utils/cmsis/samd21/source/system_samd21.o
SystemCoreClockUpdate                             src/ASF/sam0/utils/cmsis/samd21/source/system_samd21.o
SystemInit                                        src/ASF/sam0/utils/cmsis/samd21/source/system_samd21.o
TC3_Handler                                       src/ASF/sam0/drivers/tc/tc_interrupt.o
TC4_Handler                                       src/ASF/sam0/drivers/tc/tc_interrupt.o
TC5_Handler                                       src/ASF/sam0/drivers/tc/tc_interrupt.o
TCC0_Handler                                      src/ASF/sam0/drivers/tcc/tcc_callback.o
TCC1_Handler                                      src/ASF/sam0/drivers/tcc/tcc_callback.o
TCC2_Handler                                      src/ASF/sam0/drivers/tcc/tcc_callback.o
USB_Handler                                       src/ASF/sam0/utils/cmsis/samd21/source/gcc/startup_samd21.o
WDT_Handler                                       src/ASF/sam0/utils/cmsis/samd21/source/gcc/startup_samd21.o
_Jv_RegisterClasses                               c:/program files (x86)/atmel/studio/7.0/toolchain/arm/arm-gnu-toolchain/bin/../lib/gcc/arm-none-eabi/6.3.1/thumb/v6-m/crtbegin.o
__aeabi_cdcmpeq                                   c:/program files (x86)/atmel/studio/7.0/toolchain/arm/arm-gnu-toolchain/bin/../lib/gcc/arm-none-eabi/6.3.1/thumb/v6-m\libgcc.a(_arm_cmpdf2.o)
__aeabi_cdcmple                                   c:/program files (x86)/atmel/studio/7.0/toolchain/arm/arm-gnu-toolchain/bin/../lib/gcc/arm-none-eabi/6.3.1/thumb/v6-m\libgcc.a(_arm_cmpdf2.o)
__aeabi_cdrcmple                                  c:/program files (x86)/atmel/studio/7.0/toolchain/arm/arm-gnu-toolchain/bin/../lib/gcc/arm-none-eabi/6.3.1/thumb/v6-m\libgcc.a(_arm_cmpdf2.o)
__aeabi_cfcmpeq                                   c:/program files (x86)/atmel/studio/7.0/toolchain/arm/arm-gnu-toolchain/bin/../lib/gcc/arm-none-eabi/6.3.1/thumb/v6-m\libgcc.a(_arm_cmpsf2.o)
__aeabi_cfcmple                                   c:/program files (x86)/atmel/studio/7.0/toolchain/arm/arm-gnu-toolchain/bin/../lib/gcc/arm-none-eabi/6.3.1/thumb/v6-m\libgcc.a(_arm_cmpsf2.o)
__aeabi_cfrcmple                                  c:/program files (x86)/atmel/studio/7.0/toolchain/arm/arm-gnu-toolchain/bin/../lib/gcc/arm-none-eabi/6.3.1/thumb/v6-m\libgcc.a(_arm_cmpsf2.o)
__aeabi_d2f                                       c:/program files (x86)/atmel/studio/7.0/toolchain/arm/arm-gnu-toolchain/bin/../lib/gcc/arm-none-eabi/6.3.1/thumb/v6-m\libgcc.a(truncdfsf2.o)
                                                  src/main.o
__aeabi_d2iz                                      c:/program files (x86)/atmel/studio/7.0/toolchain/arm/arm-gnu-toolchain/bin/../lib/gcc/arm-none-eabi/6.3.1/thumb/v6-m\libgcc.a(fixdfsi.o)
                                                  c:/program files (x86)/atmel/studio/7.0/toolchain/arm/arm-gnu-toolchain/bin/../lib/gcc/arm-none-eabi/6.3.1/../../../../arm-none-eabi/lib/thumb/v6-m\libm.a(lib_a-k_sin.o)
                                                  c:/program files (x86)/atmel/studio/7.0/toolchain/arm/arm-gnu-toolchain/bin/../lib/gcc/arm-none-eabi/6.3.1/../../../../arm-none-eabi/lib/thumb/v6-m\libm.a(lib_a-k_rem_pio2.o)
                                                  c:/program files (x86)/atmel/studio/7.0/toolchain/arm/arm-gnu-toolchain/bin/../lib/gcc/arm-none-eabi/6.3.1/../../../../arm-none-eabi/lib/thumb/v6-m\libm.a(lib_a-k_cos.o)
                                                  c:/program files (x86)/atmel/studio/7.0/toolchain/arm/arm-gnu-toolchain/bin/../lib/gcc/arm-none-eabi/6.3.1/../../../../arm-none-eabi/lib/thumb/v6-m\libm.a(lib_a-e_rem_pio2.o)
                                                  src/ASF/sam0/drivers/sercom/i2c/i2c_sam0/i2c_master.o
__aeabi_dadd                                      c:/program files (x86)/atmel/studio/7.0/toolchain/arm/arm-gnu-toolchain/bin/../lib/gcc/arm-none-eabi/6.3.1/thumb/v6-m\libgcc.a(adddf3.o)
                                                  c:/program files (x86)/atmel/studio/7.0/toolchain/arm/arm-gnu-toolchain/bin/../lib/gcc/arm-none-eabi/6.3.1/../../../../arm-none-eabi/lib/thumb/v6-m\libm.a(lib_a-s_scalbn.o)
                                                  c:/program files (x86)/atmel/studio/7.0/toolchain/arm/arm-gnu-toolchain/bin/../lib/gcc/arm-none-eabi/6.3.1/../../../../arm-none-eabi/lib/thumb/v6-m\libm.a(lib_a-s_floor.o)
                                                  c:/program files (x86)/atmel/studio/7.0/toolchain/arm/arm-gnu-toolchain/bin/../lib/gcc/arm-none-eabi/6.3.1/../../../../arm-none-eabi/lib/thumb/v6-m\libm.a(lib_a-k_sin.o)
                                                  c:/program files (x86)/atmel/studio/7.0/toolchain/arm/arm-gnu-toolchain/bin/../lib/gcc/arm-none-eabi/6.3.1/../../../../arm-none-eabi/lib/thumb/v6-m\libm.a(lib_a-k_rem_pio2.o)
                                                  c:/program files (x86)/atmel/studio/7.0/toolchain/arm/arm-gnu-toolchain/bin/../lib/gcc/arm-none-eabi/6.3.1/../../../../arm-none-eabi/lib/thumb/v6-m\libm.a(lib_a-k_cos.o)
                                                  c:/program files (x86)/atmel/studio/7.0/toolchain/arm/arm-gnu-toolchain/bin/../lib/gcc/arm-none-eabi/6.3.1/../../../../arm-none-eabi/lib/thumb/v6-m\libm.a(lib_a-e_rem_pio2.o)
                                                  src/main.o
                                                  src/ASF/sam0/drivers/sercom/i2c/i2c_sam0/i2c_master.o
__aeabi_dcmpeq                                    c:/program files (x86)/atmel/studio/7.0/toolchain/arm/arm-gnu-toolchain/bin/../lib/gcc/arm-none-eabi/6.3.1/thumb/v6-m\libgcc.a(_arm_cmpdf2.o)
                                                  c:/program files (x86)/atmel/studio/7.0/toolchain/arm/arm-gnu-toolchain/bin/../lib/gcc/arm-none-eabi/6.3.1/../../../../arm-none-eabi/lib/thumb/v6-m\libm.a(lib_a-k_rem_pio2.o)
                                                  c:/program files (x86)/atmel/studio/7.0/toolchain/arm/arm-gnu-toolchain/bin/../lib/gcc/arm-none-eabi/6.3.1/../../../../arm-none-eabi/lib/thumb/v6-m\libm.a(lib_a-e_rem_pio2.o)
__aeabi_dcmpge                                    c:/program files (x86)/atmel/studio/7.0/toolchain/arm/arm-gnu-toolchain/bin/../lib/gcc/arm-none-eabi/6.3.1/thumb/v6-m\libgcc.a(_arm_cmpdf2.o)
                                                  c:/program files (x86)/atmel/studio/7.0/toolchain/arm/arm-gnu-toolchain/bin/../lib/gcc/arm-none-eabi/6.3.1/../../../../arm-none-eabi/lib/thumb/v6-m\libm.a(lib_a-k_rem_pio2.o)
__aeabi_dcmpgt                                    c:/program files (x86)/atmel/studio/7.0/toolchain/arm/arm-gnu-toolchain/bin/../lib/gcc/arm-none-eabi/6.3.1/thumb/v6-m\libgcc.a(_arm_cmpdf2.o)
                                                  c:/program files (x86)/atmel/studio/7.0/toolchain/arm/arm-gnu-toolchain/bin/../lib/gcc/arm-none-eabi/6.3.1/../../../../arm-none-eabi/lib/thumb/v6-m\libm.a(lib_a-s_floor.o)
                                                  src/main.o
__aeabi_dcmple                                    c:/program files (x86)/atmel/studio/7.0/toolchain/arm/arm-gnu-toolchain/bin/../lib/gcc/arm-none-eabi/6.3.1/thumb/v6-m\libgcc.a(_arm_cmpdf2.o)
__aeabi_dcmplt                                    c:/program files (x86)/atmel/studio/7.0/toolchain/arm/arm-gnu-toolchain/bin/../lib/gcc/arm-none-eabi/6.3.1/thumb/v6-m\libgcc.a(_arm_cmpdf2.o)